C51 COMPILER V9.01   MAIN                                                                  05/20/2015 23:55:45 PAGE 1   


C51 COMPILER V9.01, COMPILATION OF MODULE MAIN
OBJECT MODULE PLACED IN main.OBJ
COMPILER INVOKED BY: C:\Keil\C51\BIN\C51.EXE main.c LARGE ROM(COMPACT) OPTIMIZE(9,SPEED) BROWSE DEBUG OBJECTEXTEND

line level    source

   1          
   2          #include <reg52.h>
   3          
   4          //#include "SPD6000.h"
   5          #include "display.h"
   6          #include "lcd12864.h"
   7          #include "global_var.h"
   8          #include "storage.h"
   9          #include "pwm.h"
  10          #include "ziku.h"
  11          #include "CH4.h"
  12          
  13          sfr WDT_CONTR = 0xe1;
  14          sbit  OUT1  = P3^5;
  15          sbit  OUT2  = P3^7;
  16          sbit  LED = P3^1;
  17          
  18          
  19           Ms4515 date ;
  20          void Timeinit();
  21          void main()
  22          {
  23   1         
  24   1         code unsigned char* chinese1[] ={font_22,font_23,yi,font_00,font_00};
  25   1         code unsigned char* chinese3[] ={font_22,font_23,font_00,font_00,font_00};
  26   1         code char arr[] = {'e','r','r','\0'};
  27   1         P3M0 = 0x00;//P3M0 & 0XFE;
  28   1         P3M1 = 0x01;//P3M1 | 0x01;
  29   1         lcd_on();
  30   1         dat_Init();
  31   1         Lcm_Init();
  32   1         pca_Init();
  33   1         Timeinit();
  34   1         date.pressure = 0; 
  35   1        // data_read(&date);
  36   1          if(g_cSecrit == 0)
  37   1              {
  38   2                g_cStart++;
  39   2                if(g_cStart>6)
  40   2                  {
  41   3                        g_cStart =6;
  42   3                      }
  43   2               // Dateeprom();
  44   2               StrotPrect();
  45   2              }
  46   1              else
  47   1              {
  48   2                g_cStart = 0; 
  49   2              }
  50   1      
  51   1               if(g_cStart == 6 )
  52   1                {
  53   2                  Clean_Display(0,0,128,48,0);
  54   2                  display_stringChar(6,1,arr);
  55   2                      while(1)
C51 COMPILER V9.01   MAIN                                                                  05/20/2015 23:55:45 PAGE 2   

  56   2                      {
  57   3                      }
  58   2                }
  59   1               
  60   1        while(1)
  61   1        {
  62   2             Clean_Display(0,0,128,64,0);//在进入新界面前清空前一界面的值
  63   2           
  64   2                 switch (g_cFunc)
  65   2                      {
  66   3                        case 0:  display_Main();
  67   3                                    break;
  68   3                        case 1:  display_WindSpeed();
  69   3                                    break;
  70   3                        case 2:  display_WindSpeedZero();
  71   3                                    break;
  72   3                        case 3:  display_WindSpeedRate();
  73   3                                    break;
  74   3                        case 4:  display_Renew();
  75   3                                    break;
  76   3                        case 5:  display_Rate();
  77   3                                    break;
  78   3                        case 6:  display_ZKSet();
  79   3                                    break;
  80   3                        case 7:  display_Area();
  81   3                                    break;
  82   3                        case 8:  display_uint();
  83   3                                    break;
  84   3                        case 9:  display_Range();
  85   3                                    break;
  86   3                        case 10: display_Preassure();
  87   3                                    break;
  88   3                        case 11: display_workchang();
  89   3                                    break;
  90   3                        case 12 : display_MaxOut();
  91   3                                    break;
  92   3                        case 13: if(display_Protect1(chinese3,240) == 1)
  93   3                                      {
  94   4                                                         g_cSecrit = 1;
  95   4                                                         StrotPrect();
  96   4                                                       //  Dateeprom();
  97   4                                                      }
  98   3                                              g_cFunc = 0; 
  99   3                                  break;
 100   3                        case 15: display_Protect1(chinese1,5);
 101   3                                    break;
 102   3                        default : break;
 103   3                      }  
 104   2                      if(g_cSecrit == 1)
 105   2                      {
 106   3                              if(g_cFunc == 13)
 107   3                                  g_cFunc =0;
 108   3                      }
 109   2                      else
 110   2                      {
 111   3                         if(g_cFunc == 14)
 112   3                                  g_cFunc =0;
 113   3                      }
 114   2              }
 115   1      }
 116          
 117          void Timeinit()
C51 COMPILER V9.01   MAIN                                                                  05/20/2015 23:55:45 PAGE 3   

 118          {
 119   1        TMOD|= 0x11;
 120   1        IP = 0X02;
 121   1        TH1=(65535-5000)/256; 
 122   1        TL1=(65535-5000)%256; 
 123   1      
 124   1        TH0=100; 
 125   1        TL0=100;
 126   1        EA=1;
 127   1        ET0=1;
 128   1        TR0=1;
 129   1        ET1=1;
 130   1        TR1=1;
 131   1      }
 132          
 133          void T1_time()interrupt 3
 134          {  
 135   1              //TH1=(65535-50000)/256;
 136   1              //TL1=(65535-50000)%256;
 137   1      
 138   1              TH1=60;
 139   1              TL1=175;         //175
 140   1           
 141   1               g_iLed_light++;
 142   1               if(g_iLed_light >= 1150)
 143   1                 {
 144   2                   g_iLed_light =1150;
 145   2                       lcd_off(); 
 146   2                 }
 147   1                 else
 148   1                 {
 149   2                   lcd_on();
 150   2                 }
 151   1      
 152   1              g_iProtect++;
 153   1              if(g_iProtect > 1000)
 154   1                {
 155   2                    g_iProtect = 900;
 156   2                }
 157   1      
 158   1              g_iTimebase++;
 159   1               if(g_iTimebase > 21)
 160   1               {
 161   2                 g_iTimebase = 1;
 162   2                 g_iTime++;
 163   2                 if(g_iTime ==3427 )
 164   2                  {
 165   3                        g_iTime = 0;
 166   3                      }
 167   2               }
 168   1      
 169   1               g_cReadCh4++;
 170   1               if(g_cReadCh4 == 60)
 171   1                {
 172   2                  g_cReadCh4 = 1;
 173   2                      startCH4();
 174   2                }
 175   1           if(g_cReadCh4 == 21)
 176   1                 {
 177   2                   stopCH4(); 
 178   2                 }
 179   1      
C51 COMPILER V9.01   MAIN                                                                  05/20/2015 23:55:45 PAGE 4   

 180   1              WDT_CONTR=0x3c;
 181   1              if(g_iTimebase%10 == 0)
 182   1                {
 183   2                   LED = ~LED;
 184   2                }      
 185   1      }
 186          
 187          void T0_time()interrupt 1
 188          {  
 189   1              TH0=g_cOut1[0];
 190   1              TL0=g_cOut1[1];
 191   1              OUT1 = ~OUT1 ;
 192   1      }
 193          
 194          void PCA_isr() interrupt 6
 195          {
 196   1          CCF0 = 0;                       //Clear interrupt flag
 197   1          CCAP0L = out2;
 198   1          CCAP0H = out2 >> 8;            //Update compare value
 199   1          out2 += g_iOut2;
 200   1          OUT2 = ~OUT2; 
 201   1      }
 202          
 203          
 204          
 205          void exint() interrupt 0
 206          {
 207   1        g_iCh4Num++;
 208   1      }  


MODULE INFORMATION:   STATIC OVERLAYABLE
   CODE SIZE        =    698    ----
   CONSTANT SIZE    =     34    ----
   XDATA SIZE       =      8    ----
   PDATA SIZE       =   ----    ----
   DATA SIZE        =   ----    ----
   IDATA SIZE       =   ----    ----
   BIT SIZE         =   ----    ----
END OF MODULE INFORMATION.


C51 COMPILATION COMPLETE.  0 WARNING(S),  0 ERROR(S)
