BL51 BANKED LINKER/LOCATER V6.22                                                        05/17/2015  23:01:59  PAGE 1


BL51 BANKED LINKER/LOCATER V6.22, INVOKED BY:
C:\KEIL\C51\BIN\BL51.EXE main.obj, STARTUP.obj, LCD12864.obj, ziku.obj, Display.obj, global_var.obj, key.obj, storage.ob
>> j, eeprom.obj, SPD6000.obj, pwm.obj, MS4525.obj, CH4.obj TO MS4515DO


MEMORY MODEL: COMPACT WITH FLOATING POINT ARITHMETIC


INPUT MODULES INCLUDED:
  main.obj (MAIN)
  STARTUP.obj (?C_STARTUP)
  LCD12864.obj (LCD12864)
  ziku.obj (ZIKU)
  Display.obj (DISPLAY)
  global_var.obj (GLOBAL_VAR)
  key.obj (KEY)
  storage.obj (STORAGE)
  eeprom.obj (EEPROM)
  SPD6000.obj (SPD6000)
  pwm.obj (PWM)
  MS4525.obj (MS4525)
  CH4.obj (CH4)
  C:\KEIL\C51\LIB\C51FPC.LIB (?C?FPADD)
  C:\KEIL\C51\LIB\C51FPC.LIB (?C?FPMUL)
  C:\KEIL\C51\LIB\C51FPC.LIB (?C?FPDIV)
  C:\KEIL\C51\LIB\C51FPC.LIB (?C?FPCMP)
  C:\KEIL\C51\LIB\C51FPC.LIB (?C?FPNEG)
  C:\KEIL\C51\LIB\C51FPC.LIB (?C?FCAST)
  C:\KEIL\C51\LIB\C51FPC.LIB (?C?CASTF)
  C:\KEIL\C51\LIB\C51FPC.LIB (SQRT)
  C:\KEIL\C51\LIB\C51FPC.LIB (?C?FPGETOPN)
  C:\KEIL\C51\LIB\C51C.LIB (?C_INIT)
  C:\KEIL\C51\LIB\C51C.LIB (?C?COPY)
  C:\KEIL\C51\LIB\C51C.LIB (?C?CLDPTR)
  C:\KEIL\C51\LIB\C51C.LIB (?C?CSTPTR)
  C:\KEIL\C51\LIB\C51C.LIB (?C?CSTOPTR)
  C:\KEIL\C51\LIB\C51C.LIB (?C?IMUL)
  C:\KEIL\C51\LIB\C51C.LIB (?C?UIDIV)
  C:\KEIL\C51\LIB\C51C.LIB (?C?SIDIV)
  C:\KEIL\C51\LIB\C51C.LIB (?C?SLDIV)
  C:\KEIL\C51\LIB\C51C.LIB (?C?LNEG)
  C:\KEIL\C51\LIB\C51C.LIB (?C?SLCMP)
  C:\KEIL\C51\LIB\C51C.LIB (?C?LLDPTR)
  C:\KEIL\C51\LIB\C51C.LIB (?C?LSTPTR)
  C:\KEIL\C51\LIB\C51C.LIB (?C?LSTOPTR)
  C:\KEIL\C51\LIB\C51C.LIB (?C?LLDPDATA)
  C:\KEIL\C51\LIB\C51C.LIB (?C?LLDPTR0)
  C:\KEIL\C51\LIB\C51C.LIB (?C?LSTXDATA)
  C:\KEIL\C51\LIB\C51C.LIB (?C?LSTPDATA)
  C:\KEIL\C51\LIB\C51C.LIB (?C?LSTKXDATA)
  C:\KEIL\C51\LIB\C51C.LIB (?C?LSTKPDATA)
  C:\KEIL\C51\LIB\C51C.LIB (?C?LSTKPTR)
  C:\KEIL\C51\LIB\C51C.LIB (?C?PLDPTR)
  C:\KEIL\C51\LIB\C51C.LIB (?C?ULDIV)
  C:\KEIL\C51\LIB\C51C.LIB (?C?LLDIDATA)
  C:\KEIL\C51\LIB\C51C.LIB (?C?LLDXDATA)
  C:\KEIL\C51\LIB\C51C.LIB (?C?LLDCODE)
  C:\KEIL\C51\LIB\C51C.LIB (?C?LLDIDATA0)
BL51 BANKED LINKER/LOCATER V6.22                                                      05/17/2015  23:01:59  PAGE 2


  C:\KEIL\C51\LIB\C51C.LIB (?C?LLDXDATA0)
  C:\KEIL\C51\LIB\C51C.LIB (?C?LLDPDATA0)
  C:\KEIL\C51\LIB\C51C.LIB (?C?LLDCODE0)
  C:\KEIL\C51\LIB\C51C.LIB (?C?LSTIDATA)
  C:\KEIL\C51\LIB\C51C.LIB (?C?LSTKIDATA)
  C:\KEIL\C51\LIB\C51C.LIB (?C?PLDIDATA)
  C:\KEIL\C51\LIB\C51C.LIB (?C?PLDXDATA)
  C:\KEIL\C51\LIB\C51C.LIB (?C?PLDPDATA)
  C:\KEIL\C51\LIB\C51C.LIB (?C?PLDCODE)


LINK MAP OF MODULE:  MS4515DO (MAIN)


            TYPE    BASE      LENGTH    RELOCATION   SEGMENT NAME
            -----------------------------------------------------

            * * * * * * *   D A T A   M E M O R Y   * * * * * * *
            REG     0000H     0008H     ABSOLUTE     "REG BANK 0"
                    0008H     0018H                  *** GAP ***
            BIT     0020H.0   0000H.1   UNIT         _BIT_GROUP_
                    0020H.1   0000H.7                *** GAP ***
            IDATA   0021H     0001H     UNIT         ?STACK

            * * * * * * *  X D A T A   M E M O R Y  * * * * * * *
            XDATA   0000H     0008H     INPAGE       ?PD?MAIN
            XDATA   0008H     000CH     INPAGE       ?PD?DISPLAY
            XDATA   0014H     0015H     INPAGE       ?PD?GLOBAL_VAR
            XDATA   0029H     0004H     INPAGE       ?PD?SPD6000
            XDATA   002DH     0002H     INPAGE       ?PD?PWM
            XDATA   002FH     0015H     INPAGE       ?PD?MS4525
            XDATA   0044H     0004H     INPAGE       ?PD?CH4
            XDATA   0048H     006DH     INPAGE       _PDATA_GROUP_
            XDATA   00B5H     002DH     UNIT         ?XD?GLOBAL_VAR

            * * * * * * *   C O D E   M E M O R Y   * * * * * * *
            CODE    0000H     0003H     ABSOLUTE     
            CODE    0003H     0003H     ABSOLUTE     
                    0006H     0005H                  *** GAP ***
            CODE    000BH     0003H     ABSOLUTE     
            CODE    000EH     000DH     UNIT         ?PR?_WR_COMMAND_L?LCD12864
            CODE    001BH     0003H     ABSOLUTE     
            CODE    001EH     0014H     UNIT         ?PR?SOMENOP?SPD6000
                    0032H     0001H                  *** GAP ***
            CODE    0033H     0003H     ABSOLUTE     
            CODE    0036H     0C60H     UNIT         ?CO?ZIKU
            CODE    0C96H     087DH     UNIT         ?C?LIB_CODE
            CODE    1513H     0753H     UNIT         ?PR?DAT_INIT?STORAGE
            CODE    1C66H     05E8H     UNIT         ?PR?DATEEPROM?STORAGE
            CODE    224EH     02F6H     UNIT         ?PR?DISPLAY
            CODE    2544H     02A7H     UNIT         ?CO?DISPLAY
            CODE    27EBH     0291H     UNIT         ?PR?_MIAN1_NUM?DISPLAY
            CODE    2A7CH     022DH     UNIT         ?PR?READ_MAXOUT?DISPLAY
            CODE    2CA9H     01B2H     UNIT         ?PR?DISPLAY_RANGE?DISPLAY
            CODE    2E5BH     01A2H     UNIT         ?PR?DISPLAY_WINDSPEEDRATE?DISPLAY
            CODE    2FFDH     01A1H     UNIT         ?PR?DISPLAY_WINDSPEEDZERO?DISPLAY
            CODE    319EH     018AH     UNIT         ?PR?_READ_SENSER?DISPLAY
BL51 BANKED LINKER/LOCATER V6.22                                                      05/17/2015  23:01:59  PAGE 3


            CODE    3328H     018AH     UNIT         ?PR?DISPLAY_MAXOUT?DISPLAY
            CODE    34B2H     016BH     UNIT         ?PR?_DISPLAY_SUM?DISPLAY
            CODE    361DH     015AH     UNIT         ?PR?DISPLAY_ZKSET?DISPLAY
            CODE    3777H     0144H     UNIT         ?PR?_DISYLAY_MUN?DISPLAY
            CODE    38BBH     013CH     UNIT         ?PR?MAIN?MAIN
            CODE    39F7H     0114H     UNIT         ?PR?STORAGE
            CODE    3B0BH     010AH     UNIT         ?PR?_DATA_READ?SPD6000
            CODE    3C15H     0107H     UNIT         ?PR?DISPLAY_WORKCHANG?DISPLAY
            CODE    3D1CH     0105H     UNIT         ?PR?DISPLAY_UINT?DISPLAY
            CODE    3E21H     0101H     UNIT         ?PR?MIAN2_CHINESE?DISPLAY
            CODE    3F22H     00F9H     UNIT         ?PR?_DISPLAY_PROTECT1?DISPLAY
            CODE    401BH     00E6H     UNIT         ?PR?T1_TIME?MAIN
            CODE    4101H     00D8H     UNIT         ?PR?DISPLAY_MAIN?DISPLAY
            CODE    41D9H     00D8H     UNIT         ?PR?DISPLAY_RATE?DISPLAY
            CODE    42B1H     00CCH     UNIT         ?PR?_DATA_READ_4525?MS4525
            CODE    437DH     00C6H     UNIT         ?PR?WID_SPEED?SPD6000
            CODE    4443H     00C5H     UNIT         ?PR?DISPLAY_AREA?DISPLAY
            CODE    4508H     00B4H     UNIT         ?C_INITSEG
            CODE    45BCH     00B3H     UNIT         ?PR?DISPLAY_RENEW?DISPLAY
            CODE    466FH     00A8H     UNIT         ?PR?SQRT?SQRT
            CODE    4717H     00A6H     UNIT         ?PR?_KEY_ADDSUB?KEY
            CODE    47BDH     00A4H     UNIT         ?PR?MIAN1_CHINESE?DISPLAY
            CODE    4861H     009AH     UNIT         ?PR?_DISPLAY_ONECHAR?LCD12864
            CODE    48FBH     0097H     UNIT         ?PR?_DISPLAY_GRAPHIC?LCD12864
            CODE    4992H     0095H     UNIT         ?PR?_DATE_SMOOTH_4525?MS4525
            CODE    4A27H     008FH     UNIT         ?PR?_CLEAN_DISPLAY?LCD12864
            CODE    4AB6H     008CH     UNIT         ?C_C51STARTUP
            CODE    4B42H     0073H     UNIT         ?PR?DISPLAY_WINDSPEED?DISPLAY
            CODE    4BB5H     0073H     UNIT         ?PR?DATE_SMOOTH?SPD6000
            CODE    4C28H     006AH     UNIT         ?PR?DISPLAY_PREASSURE?DISPLAY
            CODE    4C92H     006AH     UNIT         ?PR?_MS4515DO_READ?SPD6000
            CODE    4CFCH     006AH     UNIT         ?PR?_MS4525DO_READ?MS4525
            CODE    4D66H     0054H     UNIT         ?PR?SPD6000
            CODE    4DBAH     0051H     UNIT         ?PR?READ_CH4?CH4
            CODE    4E0BH     004FH     UNIT         ?PR?LCM_INIT?LCD12864
            CODE    4E5AH     004FH     UNIT         ?PR?_PCA_SET2?PWM
            CODE    4EA9H     004BH     UNIT         ?PR?KEY_DELAY?DISPLAY
            CODE    4EF4H     004BH     UNIT         ?PR?_DISPLAY_STRINGCHINESE?DISPLAY
            CODE    4F3FH     0049H     UNIT         ?PR?LCD12864
            CODE    4F88H     0044H     UNIT         ?C?LDIV
            CODE    4FCCH     0037H     UNIT         ?PR?PCA_ISR?MAIN
            CODE    5003H     002EH     UNIT         ?PR?_DISPLAY_STRINGCHAR?DISPLAY
            CODE    5031H     002EH     UNIT         ?PR?SPI_READBYTE?SPD6000
            CODE    505FH     002CH     UNIT         ?PR?PCA_INIT?PWM
            CODE    508BH     0025H     UNIT         ?PR?KEY?KEY
            CODE    50B0H     0025H     UNIT         ?PR?MS4525
            CODE    50D5H     0022H     UNIT         ?CO?MAIN
            CODE    50F7H     0020H     UNIT         ?PR?_DELAY?DISPLAY
            CODE    5117H     001FH     UNIT         ?PR?STROTPRECT?STORAGE
            CODE    5136H     001DH     UNIT         ?PR?TIMEINIT?MAIN
            CODE    5153H     001BH     UNIT         ?PR?T0_TIME?MAIN
            CODE    516EH     001BH     UNIT         ?PR?EXINT?MAIN
            CODE    5189H     001BH     UNIT         ?PR?_WR_DATA_L?LCD12864
            CODE    51A4H     0019H     UNIT         ?PR?_WR_DATA_R?LCD12864
            CODE    51BDH     0018H     UNIT         ?PR?_IAPPROGRAMBYTE?EEPROM
            CODE    51D5H     0016H     UNIT         ?PR?_DELAY_1MS?LCD12864
            CODE    51EBH     0016H     UNIT         ?PR?STOPCH4?CH4
BL51 BANKED LINKER/LOCATER V6.22                                                      05/17/2015  23:01:59  PAGE 4


            CODE    5201H     0012H     UNIT         ?PR?KEY_RELEASE?KEY
            CODE    5213H     0012H     UNIT         ?PR?STARTCH4?CH4
            CODE    5225H     0011H     UNIT         ?PR?RETURN_MAIN?DISPLAY
            CODE    5236H     0010H     UNIT         ?PR?LCM_DELAY?LCD12864
            CODE    5246H     0010H     UNIT         ?PR?_IAPREADBYTE?EEPROM
            CODE    5256H     000FH     UNIT         ?PR?KEY
            CODE    5265H     000EH     UNIT         ?PR?CH4
            CODE    5273H     000DH     UNIT         ?PR?_WR_COMMAND_R?LCD12864
            CODE    5280H     000DH     UNIT         ?PR?IAPIDLE?EEPROM
            CODE    528DH     000DH     UNIT         ?PR?_IAPERASESECTOR?EEPROM
            CODE    529AH     000CH     UNIT         ?PR?EEPROM
            CODE    52A6H     000AH     UNIT         ?PR?MAIN



OVERLAY MAP OF MODULE:   MS4515DO (MAIN)


SEGMENT                                       BIT_GROUP          PDATA_GROUP
  +--> CALLED SEGMENT                      START    LENGTH     START    LENGTH
------------------------------------------------------------------------------
?PR?T1_TIME?MAIN                           -----    -----      -----    -----
  +--> ?PR?MAIN
  +--> ?PR?STARTCH4?CH4
  +--> ?PR?STOPCH4?CH4

*** NEW ROOT ***************************************************

?C_C51STARTUP                              -----    -----      -----    -----
  +--> ?PR?MAIN?MAIN
  +--> ?C_INITSEG

?PR?MAIN?MAIN                              -----    -----      -----    -----
  +--> ?PR?DAT_INIT?STORAGE
  +--> ?PR?LCM_INIT?LCD12864
  +--> ?PR?PCA_INIT?PWM
  +--> ?PR?TIMEINIT?MAIN
  +--> ?PR?STROTPRECT?STORAGE
  +--> ?CO?MAIN
  +--> ?PR?_DISPLAY_STRINGCHAR?DISPLAY
  +--> ?PR?DISPLAY_MAIN?DISPLAY
  +--> ?PR?DISPLAY_WINDSPEED?DISPLAY
  +--> ?PR?DISPLAY_WINDSPEEDZERO?DISPLAY
  +--> ?PR?DISPLAY_WINDSPEEDRATE?DISPLAY
  +--> ?PR?DISPLAY_RENEW?DISPLAY
  +--> ?PR?DISPLAY_RATE?DISPLAY
  +--> ?PR?DISPLAY_ZKSET?DISPLAY
  +--> ?PR?DISPLAY_AREA?DISPLAY
  +--> ?PR?DISPLAY_UINT?DISPLAY
  +--> ?PR?DISPLAY_RANGE?DISPLAY
  +--> ?PR?DISPLAY_PREASSURE?DISPLAY
  +--> ?PR?DISPLAY_WORKCHANG?DISPLAY
  +--> ?PR?DISPLAY_MAXOUT?DISPLAY
  +--> ?PR?_DISPLAY_PROTECT1?DISPLAY
  +--> ?PR?_CLEAN_DISPLAY?LCD12864

?PR?DAT_INIT?STORAGE                       -----    -----      0048H    0004H
BL51 BANKED LINKER/LOCATER V6.22                                                      05/17/2015  23:01:59  PAGE 5


  +--> ?PR?_IAPREADBYTE?EEPROM
  +--> ?PR?STORAGE
  +--> ?PR?_IAPERASESECTOR?EEPROM
  +--> ?PR?_IAPPROGRAMBYTE?EEPROM

?PR?_IAPREADBYTE?EEPROM                    -----    -----      -----    -----
  +--> ?PR?EEPROM
  +--> ?PR?IAPIDLE?EEPROM

?PR?_IAPERASESECTOR?EEPROM                 -----    -----      -----    -----
  +--> ?PR?EEPROM
  +--> ?PR?IAPIDLE?EEPROM

?PR?_IAPPROGRAMBYTE?EEPROM                 -----    -----      -----    -----
  +--> ?PR?EEPROM
  +--> ?PR?IAPIDLE?EEPROM

?PR?LCM_INIT?LCD12864                      -----    -----      -----    -----
  +--> ?PR?_DELAY_1MS?LCD12864
  +--> ?PR?LCM_DELAY?LCD12864
  +--> ?PR?_WR_COMMAND_L?LCD12864
  +--> ?PR?_WR_COMMAND_R?LCD12864
  +--> ?PR?_CLEAN_DISPLAY?LCD12864

?PR?_WR_COMMAND_L?LCD12864                 -----    -----      -----    -----
  +--> ?PR?LCM_DELAY?LCD12864
  +--> ?PR?LCD12864

?PR?LCD12864                               -----    -----      -----    -----
  +--> ?PR?LCM_DELAY?LCD12864
  +--> ?CO?ZIKU

?PR?_WR_COMMAND_R?LCD12864                 -----    -----      -----    -----
  +--> ?PR?LCM_DELAY?LCD12864
  +--> ?PR?LCD12864

?PR?_CLEAN_DISPLAY?LCD12864                0020H.0  0000H.1    00A6H    0004H
  +--> ?PR?LCD12864
  +--> ?PR?_WR_COMMAND_L?LCD12864
  +--> ?PR?_WR_DATA_L?LCD12864
  +--> ?PR?_WR_COMMAND_R?LCD12864
  +--> ?PR?_WR_DATA_R?LCD12864

?PR?_WR_DATA_L?LCD12864                    -----    -----      -----    -----
  +--> ?PR?_WR_COMMAND_L?LCD12864
  +--> ?PR?LCD12864

?PR?_WR_DATA_R?LCD12864                    -----    -----      -----    -----
  +--> ?PR?_WR_COMMAND_R?LCD12864
  +--> ?PR?LCD12864

?PR?STROTPRECT?STORAGE                     -----    -----      -----    -----
  +--> ?PR?_IAPERASESECTOR?EEPROM
  +--> ?PR?_IAPPROGRAMBYTE?EEPROM

?CO?MAIN                                   -----    -----      -----    -----
  +--> ?CO?ZIKU
BL51 BANKED LINKER/LOCATER V6.22                                                      05/17/2015  23:01:59  PAGE 6



?PR?_DISPLAY_STRINGCHAR?DISPLAY            -----    -----      00A6H    0006H
  +--> ?PR?DISPLAY
  +--> ?PR?_DISPLAY_ONECHAR?LCD12864

?PR?_DISPLAY_ONECHAR?LCD12864              0020H.0  0000H.1    00ACH    0004H
  +--> ?PR?LCD12864
  +--> ?CO?ZIKU
  +--> ?PR?_WR_COMMAND_L?LCD12864
  +--> ?PR?_WR_DATA_L?LCD12864
  +--> ?PR?_WR_COMMAND_R?LCD12864
  +--> ?PR?_WR_DATA_R?LCD12864

?PR?DISPLAY_MAIN?DISPLAY                   -----    -----      0048H    0003H
  +--> ?PR?MIAN1_CHINESE?DISPLAY
  +--> ?PR?READ_MAXOUT?DISPLAY
  +--> ?PR?KEY?KEY
  +--> ?PR?DISPLAY
  +--> ?PR?KEY_RELEASE?KEY
  +--> ?PR?_CLEAN_DISPLAY?LCD12864
  +--> ?PR?_MIAN1_NUM?DISPLAY
  +--> ?PR?MIAN2_CHINESE?DISPLAY
  +--> ?PR?_DISPLAY_SUM?DISPLAY

?PR?MIAN1_CHINESE?DISPLAY                  -----    -----      004BH    001EH
  +--> ?CO?DISPLAY
  +--> ?PR?DISPLAY
  +--> ?PR?_DISPLAY_STRINGCHINESE?DISPLAY
  +--> ?PR?_DISPLAY_STRINGCHAR?DISPLAY

?CO?DISPLAY                                -----    -----      -----    -----
  +--> ?CO?ZIKU

?PR?_DISPLAY_STRINGCHINESE?DISPLAY         -----    -----      00A6H    0006H
  +--> ?PR?DISPLAY
  +--> ?PR?_DISPLAY_GRAPHIC?LCD12864

?PR?_DISPLAY_GRAPHIC?LCD12864              0020H.0  0000H.1    00ACH    0009H
  +--> ?PR?LCD12864
  +--> ?PR?_WR_COMMAND_L?LCD12864
  +--> ?PR?_WR_DATA_L?LCD12864
  +--> ?PR?_WR_COMMAND_R?LCD12864
  +--> ?PR?_WR_DATA_R?LCD12864

?PR?READ_MAXOUT?DISPLAY                    -----    -----      005EH    0010H
  +--> ?PR?DISPLAY
  +--> ?PR?DATEEPROM?STORAGE
  +--> ?PR?READ_CH4?CH4
  +--> ?PR?_DATE_SMOOTH_4525?MS4525
  +--> ?PR?WID_SPEED?SPD6000

?PR?DATEEPROM?STORAGE                      -----    -----      006EH    0004H
  +--> ?PR?STORAGE
  +--> ?PR?_IAPPROGRAMBYTE?EEPROM
  +--> ?PR?_IAPERASESECTOR?EEPROM

?PR?READ_CH4?CH4                           -----    -----      007CH    0004H
BL51 BANKED LINKER/LOCATER V6.22                                                      05/17/2015  23:01:59  PAGE 7


  +--> ?PR?CH4

?PR?_DATE_SMOOTH_4525?MS4525               -----    -----      007CH    0010H
  +--> ?PR?MS4525
  +--> ?PR?_DATA_READ_4525?MS4525

?PR?_DATA_READ_4525?MS4525                 -----    -----      008CH    0007H
  +--> ?PR?MS4525
  +--> ?PR?_MS4525DO_READ?MS4525

?PR?_MS4525DO_READ?MS4525                  -----    -----      0093H    0007H
  +--> ?PR?MS4525
  +--> ?PR?SPI_READBYTE?SPD6000

?PR?SPI_READBYTE?SPD6000                   -----    -----      -----    -----
  +--> ?PR?SOMENOP?SPD6000

?PR?WID_SPEED?SPD6000                      -----    -----      006EH    000EH
  +--> ?PR?DATE_SMOOTH?SPD6000
  +--> ?PR?READ_CH4?CH4
  +--> ?PR?SPD6000
  +--> ?PR?_DATE_SMOOTH_4525?MS4525
  +--> ?PR?SQRT?SQRT

?PR?DATE_SMOOTH?SPD6000                    -----    -----      007CH    0011H
  +--> ?PR?_DATA_READ?SPD6000
  +--> ?PR?SPD6000

?PR?_DATA_READ?SPD6000                     -----    -----      008DH    0007H
  +--> ?PR?SPD6000
  +--> ?PR?_MS4515DO_READ?SPD6000

?PR?_MS4515DO_READ?SPD6000                 -----    -----      0094H    0007H
  +--> ?PR?SPD6000
  +--> ?PR?SPI_READBYTE?SPD6000

?PR?SQRT?SQRT                              -----    -----      007CH    0004H

?PR?KEY?KEY                                -----    -----      -----    -----
  +--> ?PR?KEY

?PR?KEY_RELEASE?KEY                        -----    -----      -----    -----
  +--> ?PR?KEY

?PR?_MIAN1_NUM?DISPLAY                     -----    -----      004BH    0011H
  +--> ?PR?READ_CH4?CH4
  +--> ?PR?DISPLAY
  +--> ?PR?_READ_SENSER?DISPLAY
  +--> ?PR?_DISYLAY_MUN?DISPLAY
  +--> ?PR?_PCA_SET2?PWM
  +--> ?CO?DISPLAY
  +--> ?PR?_DISPLAY_STRINGCHAR?DISPLAY

?PR?_READ_SENSER?DISPLAY                   -----    -----      005CH    0011H
  +--> ?PR?DISPLAY
  +--> ?PR?_DATE_SMOOTH_4525?MS4525
  +--> ?PR?WID_SPEED?SPD6000
BL51 BANKED LINKER/LOCATER V6.22                                                      05/17/2015  23:01:59  PAGE 8



?PR?_DISYLAY_MUN?DISPLAY                   -----    -----      005EH    0010H
  +--> ?CO?DISPLAY
  +--> ?PR?DISPLAY
  +--> ?PR?_DISPLAY_ONECHAR?LCD12864

?PR?_PCA_SET2?PWM                          -----    -----      005CH    0004H

?PR?MIAN2_CHINESE?DISPLAY                  -----    -----      005BH    004BH
  +--> ?CO?DISPLAY
  +--> ?PR?DISPLAY
  +--> ?PR?_CLEAN_DISPLAY?LCD12864
  +--> ?PR?_DISPLAY_STRINGCHINESE?DISPLAY
  +--> ?PR?_DISPLAY_STRINGCHAR?DISPLAY

?PR?_DISPLAY_SUM?DISPLAY                   -----    -----      005BH    0010H
  +--> ?CO?DISPLAY
  +--> ?PR?DISPLAY
  +--> ?PR?_DISPLAY_ONECHAR?LCD12864

?PR?DISPLAY_WINDSPEED?DISPLAY              -----    -----      0048H    0006H
  +--> ?CO?DISPLAY
  +--> ?PR?_DISPLAY_STRINGCHINESE?DISPLAY
  +--> ?PR?DISPLAY
  +--> ?PR?_DISPLAY_STRINGCHAR?DISPLAY
  +--> ?PR?WID_SPEED?SPD6000
  +--> ?PR?_DISYLAY_MUN?DISPLAY
  +--> ?PR?READ_MAXOUT?DISPLAY
  +--> ?PR?KEY?KEY
  +--> ?PR?KEY_RELEASE?KEY
  +--> ?PR?KEY_DELAY?DISPLAY
  +--> ?PR?RETURN_MAIN?DISPLAY

?PR?KEY_DELAY?DISPLAY                      -----    -----      -----    -----
  +--> ?PR?KEY?KEY
  +--> ?PR?_DELAY?DISPLAY

?PR?RETURN_MAIN?DISPLAY                    -----    -----      -----    -----
  +--> ?PR?DISPLAY

?PR?DISPLAY_WINDSPEEDZERO?DISPLAY          -----    -----      0048H    0010H
  +--> ?PR?DISPLAY
  +--> ?PR?_DISYLAY_MUN?DISPLAY
  +--> ?PR?READ_MAXOUT?DISPLAY
  +--> ?PR?KEY?KEY
  +--> ?PR?KEY_RELEASE?KEY
  +--> ?PR?_CLEAN_DISPLAY?LCD12864
  +--> ?CO?DISPLAY
  +--> ?PR?_DISPLAY_PROTECT1?DISPLAY
  +--> ?PR?_MS4515DO_READ?SPD6000
  +--> ?PR?_DELAY?DISPLAY
  +--> ?PR?DATEEPROM?STORAGE
  +--> ?PR?WID_SPEED?SPD6000
  +--> ?PR?KEY_DELAY?DISPLAY
  +--> ?PR?RETURN_MAIN?DISPLAY
  +--> ?PR?_DISPLAY_STRINGCHINESE?DISPLAY
  +--> ?PR?_DISPLAY_STRINGCHAR?DISPLAY
BL51 BANKED LINKER/LOCATER V6.22                                                      05/17/2015  23:01:59  PAGE 9



?PR?_DISPLAY_PROTECT1?DISPLAY              -----    -----      005BH    0003H
  +--> ?PR?_DISPLAY_STRINGCHINESE?DISPLAY
  +--> ?PR?DISPLAY
  +--> ?PR?_DISYLAY_MUN?DISPLAY
  +--> ?PR?KEY_RELEASE?KEY
  +--> ?PR?READ_MAXOUT?DISPLAY
  +--> ?PR?KEY?KEY
  +--> ?CO?DISPLAY
  +--> ?PR?DATEEPROM?STORAGE
  +--> ?PR?_CLEAN_DISPLAY?LCD12864
  +--> ?PR?_DISPLAY_STRINGCHAR?DISPLAY
  +--> ?PR?KEY_DELAY?DISPLAY
  +--> ?PR?RETURN_MAIN?DISPLAY
  +--> ?PR?_DELAY?DISPLAY

?PR?DISPLAY_WINDSPEEDRATE?DISPLAY          -----    -----      0048H    000BH
  +--> ?PR?DISPLAY
  +--> ?CO?DISPLAY
  +--> ?PR?_DISPLAY_STRINGCHAR?DISPLAY
  +--> ?PR?WID_SPEED?SPD6000
  +--> ?PR?_DISYLAY_MUN?DISPLAY
  +--> ?PR?READ_MAXOUT?DISPLAY
  +--> ?PR?KEY?KEY
  +--> ?PR?KEY_RELEASE?KEY
  +--> ?PR?_CLEAN_DISPLAY?LCD12864
  +--> ?PR?_DISPLAY_PROTECT1?DISPLAY
  +--> ?PR?DATEEPROM?STORAGE
  +--> ?PR?KEY_DELAY?DISPLAY
  +--> ?PR?RETURN_MAIN?DISPLAY
  +--> ?PR?_DISPLAY_STRINGCHINESE?DISPLAY

?PR?DISPLAY_RENEW?DISPLAY                  -----    -----      0048H    0003H
  +--> ?PR?DISPLAY
  +--> ?PR?_DISYLAY_MUN?DISPLAY
  +--> ?PR?READ_MAXOUT?DISPLAY
  +--> ?PR?KEY?KEY
  +--> ?PR?KEY_RELEASE?KEY
  +--> ?PR?_KEY_ADDSUB?KEY
  +--> ?PR?_CLEAN_DISPLAY?LCD12864
  +--> ?CO?DISPLAY
  +--> ?PR?_DISPLAY_PROTECT1?DISPLAY
  +--> ?PR?DATEEPROM?STORAGE
  +--> ?PR?KEY_DELAY?DISPLAY
  +--> ?PR?RETURN_MAIN?DISPLAY
  +--> ?PR?_DISPLAY_STRINGCHINESE?DISPLAY

?PR?_KEY_ADDSUB?KEY                        -----    -----      004FH    0007H
  +--> ?PR?KEY?KEY
  +--> ?PR?KEY
  +--> ?PR?_DISYLAY_MUN?DISPLAY

?PR?DISPLAY_RATE?DISPLAY                   -----    -----      0048H    0007H
  +--> ?PR?DISPLAY
  +--> ?PR?_DISYLAY_MUN?DISPLAY
  +--> ?PR?READ_MAXOUT?DISPLAY
  +--> ?PR?KEY?KEY
BL51 BANKED LINKER/LOCATER V6.22                                                      05/17/2015  23:01:59  PAGE 10


  +--> ?PR?KEY_RELEASE?KEY
  +--> ?PR?_KEY_ADDSUB?KEY
  +--> ?PR?_CLEAN_DISPLAY?LCD12864
  +--> ?CO?DISPLAY
  +--> ?PR?_DISPLAY_PROTECT1?DISPLAY
  +--> ?PR?DATEEPROM?STORAGE
  +--> ?PR?KEY_DELAY?DISPLAY
  +--> ?PR?RETURN_MAIN?DISPLAY
  +--> ?PR?_DISPLAY_STRINGCHINESE?DISPLAY

?PR?DISPLAY_ZKSET?DISPLAY                  -----    -----      0048H    000AH
  +--> ?PR?DISPLAY
  +--> ?CO?DISPLAY
  +--> ?PR?_DISPLAY_STRINGCHINESE?DISPLAY
  +--> ?PR?READ_MAXOUT?DISPLAY
  +--> ?PR?KEY?KEY
  +--> ?PR?KEY_RELEASE?KEY
  +--> ?PR?_IAPREADBYTE?EEPROM
  +--> ?PR?_CLEAN_DISPLAY?LCD12864
  +--> ?PR?_DISPLAY_PROTECT1?DISPLAY
  +--> ?PR?DATEEPROM?STORAGE
  +--> ?PR?KEY_DELAY?DISPLAY
  +--> ?PR?RETURN_MAIN?DISPLAY

?PR?DISPLAY_AREA?DISPLAY                   -----    -----      0048H    0005H
  +--> ?PR?DISPLAY
  +--> ?PR?_DISYLAY_MUN?DISPLAY
  +--> ?PR?READ_MAXOUT?DISPLAY
  +--> ?PR?KEY?KEY
  +--> ?PR?KEY_RELEASE?KEY
  +--> ?PR?_KEY_ADDSUB?KEY
  +--> ?PR?_CLEAN_DISPLAY?LCD12864
  +--> ?CO?DISPLAY
  +--> ?PR?_DISPLAY_PROTECT1?DISPLAY
  +--> ?PR?DATEEPROM?STORAGE
  +--> ?PR?KEY_DELAY?DISPLAY
  +--> ?PR?RETURN_MAIN?DISPLAY
  +--> ?PR?_DISPLAY_STRINGCHINESE?DISPLAY
  +--> ?PR?_DISPLAY_STRINGCHAR?DISPLAY

?PR?DISPLAY_UINT?DISPLAY                   -----    -----      0048H    0003H
  +--> ?PR?DISPLAY
  +--> ?CO?DISPLAY
  +--> ?PR?READ_MAXOUT?DISPLAY
  +--> ?PR?KEY?KEY
  +--> ?PR?KEY_RELEASE?KEY
  +--> ?PR?_DISPLAY_STRINGCHAR?DISPLAY
  +--> ?PR?_CLEAN_DISPLAY?LCD12864
  +--> ?PR?_DISPLAY_PROTECT1?DISPLAY
  +--> ?PR?DATEEPROM?STORAGE
  +--> ?PR?KEY_DELAY?DISPLAY
  +--> ?PR?RETURN_MAIN?DISPLAY
  +--> ?PR?_DISPLAY_STRINGCHINESE?DISPLAY

?PR?DISPLAY_RANGE?DISPLAY                  -----    -----      0048H    0009H
  +--> ?PR?DISPLAY
  +--> ?PR?_DISYLAY_MUN?DISPLAY
BL51 BANKED LINKER/LOCATER V6.22                                                      05/17/2015  23:01:59  PAGE 11


  +--> ?PR?READ_MAXOUT?DISPLAY
  +--> ?PR?KEY?KEY
  +--> ?PR?KEY_RELEASE?KEY
  +--> ?PR?_CLEAN_DISPLAY?LCD12864
  +--> ?CO?DISPLAY
  +--> ?PR?_DISPLAY_PROTECT1?DISPLAY
  +--> ?PR?DATEEPROM?STORAGE
  +--> ?PR?KEY_DELAY?DISPLAY
  +--> ?PR?RETURN_MAIN?DISPLAY
  +--> ?PR?_DISPLAY_STRINGCHAR?DISPLAY
  +--> ?PR?_DISPLAY_STRINGCHINESE?DISPLAY

?PR?DISPLAY_PREASSURE?DISPLAY              -----    -----      0048H    0002H
  +--> ?PR?DATE_SMOOTH?SPD6000
  +--> ?PR?DISPLAY
  +--> ?CO?DISPLAY
  +--> ?PR?_DISPLAY_STRINGCHINESE?DISPLAY
  +--> ?PR?_DISPLAY_STRINGCHAR?DISPLAY
  +--> ?PR?_DISYLAY_MUN?DISPLAY
  +--> ?PR?READ_MAXOUT?DISPLAY
  +--> ?PR?KEY?KEY
  +--> ?PR?KEY_RELEASE?KEY
  +--> ?PR?KEY_DELAY?DISPLAY
  +--> ?PR?RETURN_MAIN?DISPLAY

?PR?DISPLAY_WORKCHANG?DISPLAY              -----    -----      0048H    0003H
  +--> ?PR?DISPLAY
  +--> ?CO?DISPLAY
  +--> ?PR?READ_MAXOUT?DISPLAY
  +--> ?PR?KEY?KEY
  +--> ?PR?KEY_RELEASE?KEY
  +--> ?PR?_DISPLAY_STRINGCHINESE?DISPLAY
  +--> ?PR?_CLEAN_DISPLAY?LCD12864
  +--> ?PR?_DISPLAY_PROTECT1?DISPLAY
  +--> ?PR?DATEEPROM?STORAGE
  +--> ?PR?KEY_DELAY?DISPLAY
  +--> ?PR?RETURN_MAIN?DISPLAY

?PR?DISPLAY_MAXOUT?DISPLAY                 -----    -----      0048H    0013H
  +--> ?CO?DISPLAY
  +--> ?PR?MIAN2_CHINESE?DISPLAY
  +--> ?PR?READ_MAXOUT?DISPLAY
  +--> ?PR?DISPLAY
  +--> ?PR?_DISPLAY_SUM?DISPLAY
  +--> ?PR?KEY?KEY
  +--> ?PR?KEY_RELEASE?KEY
  +--> ?PR?_DISPLAY_STRINGCHAR?DISPLAY
  +--> ?PR?_DISPLAY_STRINGCHINESE?DISPLAY
  +--> ?PR?_CLEAN_DISPLAY?LCD12864
  +--> ?PR?_DISPLAY_PROTECT1?DISPLAY
  +--> ?PR?DATEEPROM?STORAGE
  +--> ?PR?KEY_DELAY?DISPLAY
  +--> ?PR?RETURN_MAIN?DISPLAY



SYMBOL TABLE OF MODULE:  MS4515DO (MAIN)
BL51 BANKED LINKER/LOCATER V6.22                                                      05/17/2015  23:01:59  PAGE 12



  VALUE           TYPE          NAME
  ----------------------------------

  -------         MODULE        MAIN
  C:0000H         SYMBOL        _ICE_DUMMY_
  D:0080H         PUBLIC        P0
  D:00B1H         PUBLIC        P3M0
  D:0090H         PUBLIC        P1
  D:00B2H         PUBLIC        P3M1
  D:00B0H         PUBLIC        P3
  C:4FCCH         PUBLIC        PCA_isr
  B:00A8H.7       PUBLIC        EA
  D:00A8H         PUBLIC        IE
  D:00FAH         PUBLIC        CCAP0H
  D:00EAH         PUBLIC        CCAP0L
  C:5153H         PUBLIC        T0_time
  C:401BH         PUBLIC        T1_time
  D:00B8H         PUBLIC        IP
  X:0000H         PUBLIC        date
  D:00D8H         PUBLIC        CCON
  C:38BBH         PUBLIC        main
  B:00B0H.5       PUBLIC        OUT1
  C:516EH         PUBLIC        exint
  B:00B0H.7       PUBLIC        OUT2
  D:0098H         PUBLIC        SCON
  D:0089H         PUBLIC        TMOD
  D:0088H         PUBLIC        TCON
  C:5136H         PUBLIC        Timeinit
  B:00A8H.1       PUBLIC        ET0
  B:00A8H.3       PUBLIC        ET1
  D:008CH         PUBLIC        TH0
  D:008DH         PUBLIC        TH1
  D:008AH         PUBLIC        TL0
  D:008BH         PUBLIC        TL1
  B:00B0H.0       PUBLIC        LCD
  B:00B0H.1       PUBLIC        LED
  B:0088H.4       PUBLIC        TR0
  B:0088H.6       PUBLIC        TR1
  D:00E1H         PUBLIC        WDT_CONTR
  D:00C8H         PUBLIC        T2CON
  D:00D0H         PUBLIC        PSW
  B:00D8H.0       PUBLIC        CCF0
  C:52A6H         SYMBOL        Com0034
  C:52A6H         SYMBOL        L?0053
  -------         PROC          COM0034
  -------         ENDPROC       COM0034
  C:39E9H         SYMBOL        L?0051
  -------         PROC          MAIN
  -------         DO            
  C:50D5H         SYMBOL        chinese1
  C:50E4H         SYMBOL        chinese3
  C:50F3H         SYMBOL        arr
  -------         ENDDO         
  C:38BBH         LINE#         21
  C:38BBH         LINE#         22
  C:38BBH         LINE#         27
BL51 BANKED LINKER/LOCATER V6.22                                                      05/17/2015  23:01:59  PAGE 13


  C:38BEH         LINE#         28
  C:38C1H         LINE#         29
  C:38C3H         LINE#         30
  C:38C6H         LINE#         31
  C:38C9H         LINE#         32
  C:38CCH         LINE#         33
  C:38CFH         LINE#         34
  C:38D8H         LINE#         36
  C:38DEH         LINE#         37
  C:38DEH         LINE#         38
  C:38E4H         LINE#         39
  C:38EAH         LINE#         40
  C:38EAH         LINE#         41
  C:38EDH         LINE#         42
  C:38EDH         LINE#         44
  C:38F0H         LINE#         45
  C:38F2H         LINE#         47
  C:38F2H         LINE#         48
  C:38F7H         LINE#         49
  C:38F7H         LINE#         51
  C:38FEH         LINE#         52
  C:38FEH         LINE#         53
  C:3903H         LINE#         54
  C:3910H         LINE#         55
  C:3910H         LINE#         56
  C:3910H         LINE#         57
  C:3912H         LINE#         58
  C:3912H         LINE#         60
  C:3912H         LINE#         61
  C:3912H         LINE#         62
  C:3917H         LINE#         64
  C:395AH         LINE#         65
  C:395AH         LINE#         66
  C:395DH         LINE#         67
  C:395FH         LINE#         68
  C:3962H         LINE#         69
  C:3964H         LINE#         70
  C:3967H         LINE#         71
  C:3969H         LINE#         72
  C:396CH         LINE#         73
  C:396EH         LINE#         74
  C:3971H         LINE#         75
  C:3973H         LINE#         76
  C:3976H         LINE#         77
  C:3978H         LINE#         78
  C:397BH         LINE#         79
  C:397DH         LINE#         80
  C:3980H         LINE#         81
  C:3982H         LINE#         82
  C:3985H         LINE#         83
  C:3987H         LINE#         84
  C:398AH         LINE#         85
  C:398CH         LINE#         86
  C:398FH         LINE#         87
  C:3991H         LINE#         88
  C:3994H         LINE#         89
  C:3996H         LINE#         90
BL51 BANKED LINKER/LOCATER V6.22                                                      05/17/2015  23:01:59  PAGE 14


  C:3999H         LINE#         91
  C:399BH         LINE#         92
  C:39A9H         LINE#         93
  C:39A9H         LINE#         94
  C:39AFH         LINE#         95
  C:39B2H         LINE#         97
  C:39B2H         LINE#         98
  C:39B7H         LINE#         99
  C:39B9H         LINE#         100
  C:39C4H         LINE#         101
  C:39C4H         LINE#         102
  C:39C4H         LINE#         103
  C:39C4H         LINE#         104
  C:39CBH         LINE#         105
  C:39CBH         LINE#         106
  C:39D6H         LINE#         107
  C:39D7H         LINE#         108
  C:39DAH         LINE#         110
  C:39DAH         LINE#         111
  C:39E5H         LINE#         112
  C:39E6H         LINE#         113
  C:39E6H         LINE#         114
  C:39E9H         LINE#         115
  -------         ENDPROC       MAIN
  -------         PROC          TIMEINIT
  C:5136H         LINE#         117
  C:5136H         LINE#         118
  C:5136H         LINE#         119
  C:5139H         LINE#         120
  C:513CH         LINE#         121
  C:513FH         LINE#         122
  C:5142H         LINE#         124
  C:5145H         LINE#         125
  C:5148H         LINE#         126
  C:514AH         LINE#         127
  C:514CH         LINE#         128
  C:514EH         LINE#         129
  C:5150H         LINE#         130
  C:5152H         LINE#         131
  -------         ENDPROC       TIMEINIT
  -------         PROC          T1_TIME
  C:401BH         LINE#         133
  C:4038H         LINE#         138
  C:403BH         LINE#         139
  C:403EH         LINE#         141
  C:4043H         LINE#         142
  C:404EH         LINE#         143
  C:404EH         LINE#         144
  C:4055H         LINE#         145
  C:4057H         LINE#         146
  C:4059H         LINE#         148
  C:4059H         LINE#         149
  C:405BH         LINE#         150
  C:405BH         LINE#         152
  C:4069H         LINE#         153
  C:4078H         LINE#         154
  C:4078H         LINE#         155
BL51 BANKED LINKER/LOCATER V6.22                                                      05/17/2015  23:01:59  PAGE 15


  C:407FH         LINE#         156
  C:407FH         LINE#         158
  C:408DH         LINE#         159
  C:409CH         LINE#         160
  C:409CH         LINE#         161
  C:40A1H         LINE#         162
  C:40A6H         LINE#         163
  C:40B0H         LINE#         164
  C:40B0H         LINE#         165
  C:40B4H         LINE#         166
  C:40B4H         LINE#         167
  C:40B4H         LINE#         169
  C:40BAH         LINE#         170
  C:40BEH         LINE#         171
  C:40BEH         LINE#         172
  C:40C1H         LINE#         173
  C:40C4H         LINE#         174
  C:40C4H         LINE#         175
  C:40CBH         LINE#         176
  C:40CBH         LINE#         177
  C:40CEH         LINE#         178
  C:40CEH         LINE#         180
  C:40D1H         LINE#         181
  C:40E4H         LINE#         182
  C:40E4H         LINE#         183
  C:40E6H         LINE#         184
  C:40E6H         LINE#         185
  -------         ENDPROC       T1_TIME
  -------         PROC          T0_TIME
  C:5153H         LINE#         187
  C:515CH         LINE#         189
  C:5161H         LINE#         190
  C:5165H         LINE#         191
  C:5167H         LINE#         192
  -------         ENDPROC       T0_TIME
  -------         PROC          PCA_ISR
  C:4FCCH         LINE#         194
  C:4FD9H         LINE#         196
  C:4FDBH         LINE#         197
  C:4FE3H         LINE#         198
  C:4FE6H         LINE#         199
  C:4FF6H         LINE#         200
  C:4FF8H         LINE#         201
  -------         ENDPROC       PCA_ISR
  -------         PROC          EXINT
  C:516EH         LINE#         205
  C:5174H         LINE#         207
  C:5182H         LINE#         208
  -------         ENDPROC       EXINT
  -------         ENDMOD        MAIN

  -------         MODULE        ?C_STARTUP
  C:4AB6H         SEGMENT       ?C_C51STARTUP
  I:0021H         SEGMENT       ?STACK
  C:0000H         PUBLIC        ?C_STARTUP
  D:00E0H         SYMBOL        ACC
  D:00F0H         SYMBOL        B
BL51 BANKED LINKER/LOCATER V6.22                                                      05/17/2015  23:01:59  PAGE 16


  D:0083H         SYMBOL        DPH
  D:0082H         SYMBOL        DPL
  N:0000H         SYMBOL        IBPSTACK
  N:0100H         SYMBOL        IBPSTACKTOP
  N:0080H         SYMBOL        IDATALEN
  C:4AB9H         SYMBOL        IDATALOOP
  N:0000H         SYMBOL        PBPSTACK
  N:0100H         SYMBOL        PBPSTACKTOP
  N:0000H         SYMBOL        PDATALEN
  N:0000H         SYMBOL        PDATASTART
  N:0000H         SYMBOL        PPAGE
  N:0000H         SYMBOL        PPAGEENABLE
  D:00A0H         SYMBOL        PPAGE_SFR
  D:0081H         SYMBOL        SP
  C:4AB6H         SYMBOL        STARTUP1
  N:0000H         SYMBOL        XBPSTACK
  N:0000H         SYMBOL        XBPSTACKTOP
  N:0000H         SYMBOL        XDATALEN
  N:0000H         SYMBOL        XDATASTART
  C:0000H         LINE#         126
  C:4AB6H         LINE#         133
  C:4AB8H         LINE#         134
  C:4AB9H         LINE#         135
  C:4ABAH         LINE#         136
  C:4ABCH         LINE#         185
  C:4ABFH         LINE#         196
  -------         ENDMOD        ?C_STARTUP

  -------         MODULE        LCD12864
  C:0000H         SYMBOL        _ICE_DUMMY_
  C:4861H         PUBLIC        _Display_Onechar
  D:0080H         PUBLIC        P0
  D:0090H         PUBLIC        P1
  D:00A0H         PUBLIC        P2
  D:00B0H         PUBLIC        P3
  D:00A8H         PUBLIC        IE
  C:4E0BH         PUBLIC        Lcm_Init
  D:00B8H         PUBLIC        IP
  C:000EH         PUBLIC        _Wr_Command_L
  C:5273H         PUBLIC        _Wr_Command_R
  C:4A27H         PUBLIC        _Clean_Display
  B:0080H.3       PUBLIC        RS
  B:0090H.4       PUBLIC        RW
  D:0098H         PUBLIC        SCON
  D:0088H         PUBLIC        TCON
  B:0090H.5       PUBLIC        E
  B:0080H.2       PUBLIC        CS1
  B:0090H.2       PUBLIC        CS2
  C:5198H         PUBLIC        _Wr_Data_L
  C:51B1H         PUBLIC        _Wr_Data_R
  C:51D5H         PUBLIC        _Delay_1ms
  D:00C8H         PUBLIC        T2CON
  C:5236H         PUBLIC        Lcm_Delay
  B:0090H.3       PUBLIC        RST
  D:00D0H         PUBLIC        PSW
  C:48FBH         PUBLIC        _Display_Graphic
  C:4F3FH         SYMBOL        Com0039
BL51 BANKED LINKER/LOCATER V6.22                                                      05/17/2015  23:01:59  PAGE 17


  C:4F3FH         SYMBOL        L?0058
  C:4F45H         SYMBOL        L?0059
  C:4F53H         SYMBOL        L?0060
  C:4F58H         SYMBOL        L?0061
  C:4F65H         SYMBOL        L?0062
  C:4F68H         SYMBOL        L?0063
  C:4F74H         SYMBOL        L?0066
  C:4F7EH         SYMBOL        L?0067
  -------         PROC          COM0039
  -------         ENDPROC       COM0039
  -------         PROC          _DELAY_1MS
  D:0006H         SYMBOL        x
  -------         DO            
  D:0005H         SYMBOL        j
  -------         ENDDO         
  C:51D5H         LINE#         6
  C:51D5H         LINE#         7
  C:51D5H         LINE#         9
  C:51DFH         LINE#         10
  C:51DFH         LINE#         11
  C:51E7H         LINE#         12
  C:51EAH         LINE#         13
  C:51EAH         LINE#         14
  -------         ENDPROC       _DELAY_1MS
  -------         PROC          LCM_DELAY
  -------         DO            
  D:0007H         SYMBOL        i
  -------         ENDDO         
  C:5236H         LINE#         16
  C:5236H         LINE#         17
  C:5236H         LINE#         19
  C:5238H         LINE#         20
  C:5238H         LINE#         21
  C:5239H         LINE#         22
  C:523AH         LINE#         23
  C:523BH         LINE#         24
  C:523CH         LINE#         25
  C:523DH         LINE#         26
  C:523EH         LINE#         27
  C:523FH         LINE#         28
  C:5240H         LINE#         29
  C:5245H         LINE#         32
  -------         ENDPROC       LCM_DELAY
  -------         PROC          L?0064
  -------         ENDPROC       L?0064
  -------         PROC          _WR_DATA_L
  D:0007H         SYMBOL        wrdata
  C:5198H         LINE#         33
  C:5198H         LINE#         34
  C:5198H         LINE#         35
  C:519AH         LINE#         36
  C:519CH         LINE#         37
  C:519EH         LINE#         38
  C:51A0H         LINE#         39
  C:51A0H         LINE#         40
  C:51A0H         LINE#         41
  C:51A0H         LINE#         42
BL51 BANKED LINKER/LOCATER V6.22                                                      05/17/2015  23:01:59  PAGE 18


  C:51A0H         LINE#         43
  C:51A0H         LINE#         44
  C:51A3H         LINE#         45
  -------         ENDPROC       _WR_DATA_L
  -------         PROC          L?0065
  -------         ENDPROC       L?0065
  -------         PROC          _WR_DATA_R
  D:0007H         SYMBOL        wrdata
  C:51B1H         LINE#         48
  C:51B1H         LINE#         49
  C:51B1H         LINE#         50
  C:51B3H         LINE#         51
  C:51B5H         LINE#         52
  C:51B7H         LINE#         53
  C:51B9H         LINE#         54
  C:51B9H         LINE#         55
  C:51B9H         LINE#         56
  C:51B9H         LINE#         57
  C:51B9H         LINE#         58
  C:51B9H         LINE#         59
  C:51BCH         LINE#         60
  -------         ENDPROC       _WR_DATA_R
  -------         PROC          _WR_COMMAND_L
  D:0006H         SYMBOL        wrcommand
  C:000EH         LINE#         63
  C:0010H         LINE#         64
  C:0010H         LINE#         65
  C:0013H         LINE#         66
  C:0015H         LINE#         67
  C:0017H         LINE#         68
  C:0017H         LINE#         69
  C:0017H         LINE#         70
  C:0017H         LINE#         71
  C:0017H         LINE#         72
  C:0017H         LINE#         73
  C:0017H         LINE#         74
  C:0017H         LINE#         75
  C:001AH         LINE#         76
  -------         ENDPROC       _WR_COMMAND_L
  -------         PROC          _WR_COMMAND_R
  D:0006H         SYMBOL        wrcommand
  C:5273H         LINE#         79
  C:5275H         LINE#         80
  C:5275H         LINE#         81
  C:5278H         LINE#         82
  C:527AH         LINE#         83
  C:527CH         LINE#         84
  C:527CH         LINE#         85
  C:527CH         LINE#         86
  C:527CH         LINE#         87
  C:527CH         LINE#         88
  C:527CH         LINE#         89
  C:527CH         LINE#         90
  C:527CH         LINE#         91
  C:527FH         LINE#         92
  -------         ENDPROC       _WR_COMMAND_R
  -------         PROC          _DISPLAY_GRAPHIC
BL51 BANKED LINKER/LOCATER V6.22                                                      05/17/2015  23:01:59  PAGE 19


  X:00ACH         SYMBOL        pos_x
  D:0005H         SYMBOL        pos_y
  X:00AEH         SYMBOL        length
  X:00AFH         SYMBOL        width
  X:00B0H         SYMBOL        graphic
  B:0020H.0       SYMBOL        reverse
  -------         DO            
  X:00B3H         SYMBOL        page
  D:0005H         SYMBOL        address
  X:00B4H         SYMBOL        disp_data
  D:0004H         SYMBOL        i
  -------         ENDDO         
  C:48FBH         LINE#         102
  C:4903H         LINE#         103
  C:4903H         LINE#         105
  C:4925H         LINE#         108
  C:492BH         LINE#         109
  C:492DH         LINE#         110
  C:493DH         LINE#         111
  C:493DH         LINE#         112
  C:494EH         LINE#         113
  C:494EH         LINE#         114
  C:495BH         LINE#         115
  C:4961H         LINE#         117
  C:4967H         LINE#         118
  C:496FH         LINE#         119
  C:496FH         LINE#         120
  C:4972H         LINE#         121
  C:4974H         LINE#         122
  C:4974H         LINE#         123
  C:4977H         LINE#         124
  C:4979H         LINE#         126
  C:4979H         LINE#         127
  C:497CH         LINE#         128
  C:497EH         LINE#         129
  C:497EH         LINE#         130
  C:4981H         LINE#         131
  C:4981H         LINE#         132
  C:4984H         LINE#         133
  C:4988H         LINE#         134
  C:498DH         LINE#         135
  C:4991H         LINE#         136
  -------         ENDPROC       _DISPLAY_GRAPHIC
  -------         PROC          _CLEAN_DISPLAY
  D:0004H         SYMBOL        pos_x
  X:00A7H         SYMBOL        pos_y
  X:00A8H         SYMBOL        length
  X:00A9H         SYMBOL        width
  B:0020H.0       SYMBOL        reverse
  -------         DO            
  D:0005H         SYMBOL        page
  D:0003H         SYMBOL        address
  D:0001H         SYMBOL        disp_data
  D:0002H         SYMBOL        i
  -------         ENDDO         
  C:4A27H         LINE#         146
  C:4A30H         LINE#         147
BL51 BANKED LINKER/LOCATER V6.22                                                      05/17/2015  23:01:59  PAGE 20


  C:4A30H         LINE#         149
  C:4A4EH         LINE#         152
  C:4A54H         LINE#         153
  C:4A56H         LINE#         154
  C:4A66H         LINE#         155
  C:4A66H         LINE#         156
  C:4A73H         LINE#         157
  C:4A73H         LINE#         158
  C:4A76H         LINE#         159
  C:4A7AH         LINE#         161
  C:4A7CH         LINE#         162
  C:4A84H         LINE#         163
  C:4A84H         LINE#         164
  C:4A87H         LINE#         165
  C:4A8CH         LINE#         166
  C:4A93H         LINE#         167
  C:4A98H         LINE#         168
  C:4A9AH         LINE#         170
  C:4A9AH         LINE#         171
  C:4A9DH         LINE#         172
  C:4AA2H         LINE#         173
  C:4AA7H         LINE#         174
  C:4AACH         LINE#         175
  C:4AACH         LINE#         176
  C:4AAFH         LINE#         177
  C:4AB1H         LINE#         178
  C:4AB2H         LINE#         179
  C:4AB5H         LINE#         180
  -------         ENDPROC       _CLEAN_DISPLAY
  -------         PROC          _DISPLAY_ONECHAR
  D:0001H         SYMBOL        pos_x
  D:0005H         SYMBOL        pos_y
  X:00ACH         SYMBOL        Onechar
  B:0020H.0       SYMBOL        reverse
  -------         DO            
  X:00ADH         SYMBOL        page
  D:0005H         SYMBOL        address
  X:00AEH         SYMBOL        disp_data
  D:0004H         SYMBOL        i
  X:00AFH         SYMBOL        k
  -------         ENDDO         
  C:4861H         LINE#         185
  C:4867H         LINE#         186
  C:4867H         LINE#         188
  C:4882H         LINE#         191
  C:4888H         LINE#         192
  C:488AH         LINE#         194
  C:488CH         LINE#         195
  C:488CH         LINE#         196
  C:4890H         LINE#         197
  C:4898H         LINE#         198
  C:4898H         LINE#         199
  C:48BDH         LINE#         200
  C:48C5H         LINE#         202
  C:48CAH         LINE#         203
  C:48D2H         LINE#         204
  C:48D2H         LINE#         205
BL51 BANKED LINKER/LOCATER V6.22                                                      05/17/2015  23:01:59  PAGE 21


  C:48D5H         LINE#         206
  C:48D7H         LINE#         207
  C:48D7H         LINE#         208
  C:48DAH         LINE#         209
  C:48DCH         LINE#         211
  C:48DCH         LINE#         212
  C:48DFH         LINE#         213
  C:48E1H         LINE#         214
  C:48E1H         LINE#         215
  C:48E4H         LINE#         216
  C:48E4H         LINE#         217
  C:48E9H         LINE#         218
  C:48EDH         LINE#         219
  C:48EFH         LINE#         220
  C:48F4H         LINE#         221
  C:48FAH         LINE#         222
  -------         ENDPROC       _DISPLAY_ONECHAR
  -------         PROC          LCM_INIT
  C:4E0BH         LINE#         228
  C:4E0BH         LINE#         229
  C:4E0BH         LINE#         230
  C:4E12H         LINE#         232
  C:4E14H         LINE#         233
  C:4E17H         LINE#         234
  C:4E19H         LINE#         236
  C:4E1EH         LINE#         237
  C:4E23H         LINE#         239
  C:4E28H         LINE#         240
  C:4E2DH         LINE#         242
  C:4E32H         LINE#         243
  C:4E37H         LINE#         245
  C:4E3CH         LINE#         246
  C:4E41H         LINE#         248
  C:4E46H         LINE#         249
  C:4E4BH         LINE#         251
  -------         ENDPROC       LCM_INIT
  -------         ENDMOD        LCD12864

  -------         MODULE        ZIKU
  C:0000H         SYMBOL        _ICE_DUMMY_
  C:0576H         PUBLIC        font_41
  C:0456H         PUBLIC        font_32
  C:0316H         PUBLIC        font_23
  C:01F6H         PUBLIC        font_14
  C:00D6H         PUBLIC        font_05
  C:0596H         PUBLIC        font_42
  C:0476H         PUBLIC        font_33
  C:0336H         PUBLIC        font_24
  C:0216H         PUBLIC        font_15
  C:00F6H         PUBLIC        font_06
  C:0496H         PUBLIC        font_34
  C:0356H         PUBLIC        font_25
  C:0236H         PUBLIC        font_16
  C:0116H         PUBLIC        font_07
  C:04B6H         PUBLIC        font_35
  C:0376H         PUBLIC        font_26
  C:0256H         PUBLIC        font_17
BL51 BANKED LINKER/LOCATER V6.22                                                      05/17/2015  23:01:59  PAGE 22


  C:0136H         PUBLIC        font_08
  C:04D6H         PUBLIC        font_36
  C:0396H         PUBLIC        font_27
  C:0276H         PUBLIC        font_18
  C:0156H         PUBLIC        font_09
  C:0756H         PUBLIC        nAsciiDot
  C:04F6H         PUBLIC        font_37
  C:03B6H         PUBLIC        font_28
  C:0296H         PUBLIC        font_19
  C:0516H         PUBLIC        font_38
  C:03D6H         PUBLIC        font_29
  C:0536H         PUBLIC        font_39
  C:0716H         PUBLIC        kuang
  C:0736H         PUBLIC        biao
  C:06F6H         PUBLIC        gong
  C:0656H         PUBLIC        chun
  C:0436H         PUBLIC        qing
  C:05F6H         PUBLIC        jia
  C:06B6H         PUBLIC        lei
  C:0636H         PUBLIC        zong
  C:0616H         PUBLIC        wan
  C:0676H         PUBLIC        hun
  C:0696H         PUBLIC        he
  C:06D6H         PUBLIC        xin
  C:05D6H         PUBLIC        er
  C:05B6H         PUBLIC        yi
  C:0036H         PUBLIC        font_00
  C:0176H         PUBLIC        font_10
  C:0056H         PUBLIC        font_01
  C:02B6H         PUBLIC        font_20
  C:0196H         PUBLIC        font_11
  C:0076H         PUBLIC        font_02
  C:03F6H         PUBLIC        font_30
  C:02D6H         PUBLIC        font_21
  C:01B6H         PUBLIC        font_12
  C:0096H         PUBLIC        font_03
  C:0556H         PUBLIC        font_40
  C:0416H         PUBLIC        font_31
  C:02F6H         PUBLIC        font_22
  C:01D6H         PUBLIC        font_13
  C:00B6H         PUBLIC        font_04
  -------         ENDMOD        ZIKU

  -------         MODULE        DISPLAY
  C:0000H         SYMBOL        _ICE_DUMMY_
  D:0080H         PUBLIC        P0
  C:2A7CH         PUBLIC        read_Maxout
  D:0090H         PUBLIC        P1
  D:00B0H         PUBLIC        P3
  C:2FFDH         PUBLIC        display_WindSpeedZero
  C:27EBH         PUBLIC        _mian1_num
  C:5225H         PUBLIC        return_Main
  D:00A8H         PUBLIC        IE
  C:50F7H         PUBLIC        _delay
  C:319EH         PUBLIC        _read_senser
  B:00D8H.6       PUBLIC        CR
  D:00B8H         PUBLIC        IP
BL51 BANKED LINKER/LOCATER V6.22                                                      05/17/2015  23:01:59  PAGE 23


  C:4C28H         PUBLIC        display_Preassure
  C:47BDH         PUBLIC        mian1_chinese
  C:3E21H         PUBLIC        mian2_chinese
  C:3D1CH         PUBLIC        display_uint
  D:00D8H         PUBLIC        CCON
  C:3C15H         PUBLIC        display_workchang
  B:00B0H.7       PUBLIC        OUT2
  C:361DH         PUBLIC        display_ZKSet
  C:34B2H         PUBLIC        _display_sum
  D:0098H         PUBLIC        SCON
  D:0088H         PUBLIC        TCON
  C:3777H         PUBLIC        _disylay_mun
  C:4EF4H         PUBLIC        _display_stringChinese
  C:4EA9H         PUBLIC        key_delay
  C:3328H         PUBLIC        display_MaxOut
  C:2544H         SYMBOL        _?ix1000
  C:254AH         SYMBOL        _?ix1001
  C:258AH         SYMBOL        _?ix1002
  C:2599H         SYMBOL        _?ix1003
  C:25F6H         SYMBOL        _?ix1004
  C:2605H         SYMBOL        _?ix1005
  C:2614H         SYMBOL        _?ix1006
  C:2623H         SYMBOL        _?ix1007
  C:2632H         SYMBOL        _?ix1008
  C:2CA9H         PUBLIC        display_Range
  C:2787H         SYMBOL        _?ix1009
  C:4443H         PUBLIC        display_Area
  C:45BCH         PUBLIC        display_Renew
  C:4101H         PUBLIC        display_Main
  B:00A8H.6       PUBLIC        EPCAI
  C:4B42H         PUBLIC        display_WindSpeed
  D:00C8H         PUBLIC        T2CON
  C:41D9H         PUBLIC        display_Rate
  C:3F22H         PUBLIC        _display_Protect1
  C:2E5BH         PUBLIC        display_WindSpeedRate
  C:5003H         PUBLIC        _display_stringChar
  D:00D0H         PUBLIC        PSW
  C:224EH         SYMBOL        Com0160
  C:224EH         SYMBOL        L?0353
  C:224EH         SYMBOL        L?0354
  C:2255H         SYMBOL        L?0355
  C:225CH         SYMBOL        L?0356
  C:2269H         SYMBOL        L?0357
  C:2269H         SYMBOL        L?0358
  C:226BH         SYMBOL        L?0359
  C:2277H         SYMBOL        L?0360
  C:2279H         SYMBOL        L?0361
  C:227FH         SYMBOL        L?0362
  C:2293H         SYMBOL        L?0363
  C:229FH         SYMBOL        L?0364
  C:22A8H         SYMBOL        L?0365
  C:22A9H         SYMBOL        L?0366
  C:22B6H         SYMBOL        L?0367
  C:22B6H         SYMBOL        L?0368
  C:22BEH         SYMBOL        L?0369
  C:22C3H         SYMBOL        L?0370
  C:22CBH         SYMBOL        L?0372
BL51 BANKED LINKER/LOCATER V6.22                                                      05/17/2015  23:01:59  PAGE 24


  C:22CBH         SYMBOL        L?0373
  C:22EBH         SYMBOL        L?0374
  C:22F4H         SYMBOL        L?0375
  C:22F4H         SYMBOL        L?0376
  C:22F7H         SYMBOL        L?0377
  C:2300H         SYMBOL        L?0378
  C:2303H         SYMBOL        L?0379
  C:2306H         SYMBOL        L?0380
  C:2312H         SYMBOL        L?0381
  C:2312H         SYMBOL        L?0382
  C:2314H         SYMBOL        L?0383
  C:231DH         SYMBOL        L?0384
  C:2329H         SYMBOL        L?0385
  C:232DH         SYMBOL        L?0386
  C:2334H         SYMBOL        L?0387
  C:2334H         SYMBOL        L?0388
  C:2335H         SYMBOL        L?0389
  C:233CH         SYMBOL        L?0391
  C:233CH         SYMBOL        L?0392
  C:234AH         SYMBOL        L?0393
  C:234AH         SYMBOL        L?0394
  C:2356H         SYMBOL        L?0395
  C:2356H         SYMBOL        L?0396
  C:2360H         SYMBOL        L?0397
  C:2360H         SYMBOL        L?0398
  C:236EH         SYMBOL        L?0399
  C:2370H         SYMBOL        L?0400
  C:237CH         SYMBOL        L?0401
  C:237CH         SYMBOL        L?0402
  C:2387H         SYMBOL        L?0403
  C:2387H         SYMBOL        L?0404
  C:238DH         SYMBOL        L?0405
  C:238FH         SYMBOL        L?0406
  C:2393H         SYMBOL        L?0407
  C:239AH         SYMBOL        L?0408
  C:239AH         SYMBOL        L?0409
  C:23A1H         SYMBOL        L?0412
  C:23B0H         SYMBOL        L?0413
  C:23B6H         SYMBOL        L?0414
  C:23B8H         SYMBOL        L?0415
  C:23BAH         SYMBOL        L?0416
  C:23C1H         SYMBOL        L?0417
  C:23C4H         SYMBOL        L?0418
  C:23CDH         SYMBOL        L?0419
  C:23CDH         SYMBOL        L?0420
  C:23DFH         SYMBOL        L?0421
  C:23E1H         SYMBOL        L?0422
  C:23E4H         SYMBOL        L?0423
  C:23ECH         SYMBOL        L?0424
  C:23ECH         SYMBOL        L?0425
  C:23F9H         SYMBOL        L?0426
  C:23FBH         SYMBOL        L?0427
  C:2401H         SYMBOL        L?0428
  C:2408H         SYMBOL        L?0429
  C:240EH         SYMBOL        L?0430
  C:2417H         SYMBOL        L?0431
  C:2417H         SYMBOL        L?0432
BL51 BANKED LINKER/LOCATER V6.22                                                      05/17/2015  23:01:59  PAGE 25


  C:2422H         SYMBOL        L?0434
  C:2427H         SYMBOL        L?0435
  C:242FH         SYMBOL        L?0437
  C:2443H         SYMBOL        L?0438
  C:2445H         SYMBOL        L?0439
  C:244CH         SYMBOL        L?0441
  C:244CH         SYMBOL        L?0442
  C:244DH         SYMBOL        L?0443
  C:2454H         SYMBOL        L?0444
  C:245CH         SYMBOL        L?0445
  C:2462H         SYMBOL        L?0446
  C:2462H         SYMBOL        L?0447
  C:246DH         SYMBOL        L?0450
  C:2470H         SYMBOL        L?0451
  C:2477H         SYMBOL        L?0452
  C:2477H         SYMBOL        L?0453
  C:2481H         SYMBOL        L?0459
  C:248FH         SYMBOL        L?0460
  C:2491H         SYMBOL        L?0461
  C:2499H         SYMBOL        L?0462
  C:249EH         SYMBOL        L?0463
  C:24A5H         SYMBOL        L?0464
  C:24B0H         SYMBOL        L?0466
  C:24B9H         SYMBOL        L?0467
  C:24BDH         SYMBOL        L?0468
  C:24C4H         SYMBOL        L?0470
  C:24D1H         SYMBOL        L?0471
  C:24D2H         SYMBOL        L?0472
  C:24DAH         SYMBOL        L?0473
  C:24E1H         SYMBOL        L?0476
  C:24EDH         SYMBOL        L?0477
  C:24F9H         SYMBOL        L?0478
  C:2505H         SYMBOL        L?0479
  C:2505H         SYMBOL        L?0480
  C:250DH         SYMBOL        L?0481
  C:2519H         SYMBOL        L?0482
  C:2525H         SYMBOL        L?0484
  C:2526H         SYMBOL        L?0485
  C:252DH         SYMBOL        L?0486
  C:2538H         SYMBOL        L?0488
  C:2538H         SYMBOL        L?0489
  C:253EH         SYMBOL        L?0490
  C:253EH         SYMBOL        L?0491
  -------         PROC          COM0160
  -------         ENDPROC       COM0160
  -------         PROC          _DELAY
  D:0006H         SYMBOL        x
  -------         DO            
  D:0006H         SYMBOL        y
  D:0004H         SYMBOL        z
  -------         ENDDO         
  C:50F7H         LINE#         25
  C:50F7H         LINE#         26
  C:50F7H         LINE#         28
  C:5102H         LINE#         29
  C:5102H         LINE#         30
  C:5106H         LINE#         31
BL51 BANKED LINKER/LOCATER V6.22                                                      05/17/2015  23:01:59  PAGE 26


  C:5106H         LINE#         32
  C:510FH         LINE#         33
  C:5116H         LINE#         34
  -------         ENDPROC       _DELAY
  -------         PROC          KEY_DELAY
  -------         DO            
  X:0008H         SYMBOL        num
  -------         ENDDO         
  C:4EA9H         LINE#         36
  C:4EA9H         LINE#         37
  C:4EA9H         LINE#         39
  C:4EAFH         LINE#         40
  C:4EAFH         LINE#         41
  C:4EB4H         LINE#         42
  C:4EBCH         LINE#         43
  C:4EBCH         LINE#         44
  C:4EBFH         LINE#         45
  C:4EBFH         LINE#         46
  C:4EC9H         LINE#         47
  C:4EC9H         LINE#         48
  C:4ECDH         LINE#         49
  C:4ECFH         LINE#         51
  C:4ECFH         LINE#         52
  C:4ED6H         LINE#         53
  C:4ED6H         LINE#         54
  C:4ED8H         LINE#         56
  C:4ED8H         LINE#         57
  C:4EDCH         LINE#         58
  C:4EDCH         LINE#         59
  C:4EE6H         LINE#         60
  C:4EE6H         LINE#         61
  C:4EEAH         LINE#         62
  C:4EECH         LINE#         64
  C:4EECH         LINE#         65
  C:4EF3H         LINE#         66
  C:4EF3H         LINE#         67
  -------         ENDPROC       KEY_DELAY
  -------         PROC          RETURN_MAIN
  C:5225H         LINE#         69
  C:5225H         LINE#         70
  C:5225H         LINE#         71
  C:522BH         LINE#         72
  C:522BH         LINE#         73
  C:5230H         LINE#         74
  C:5233H         LINE#         75
  C:5233H         LINE#         77
  C:5233H         LINE#         78
  C:5235H         LINE#         79
  C:5235H         LINE#         80
  -------         ENDPROC       RETURN_MAIN
  C:3860H         SYMBOL        L?0371
  -------         PROC          _DISYLAY_MUN
  X:005EH         SYMBOL        num
  X:0060H         SYMBOL        point
  X:0061H         SYMBOL        start_x
  X:0062H         SYMBOL        start_y
  -------         DO            
BL51 BANKED LINKER/LOCATER V6.22                                                      05/17/2015  23:01:59  PAGE 27


  X:0063H         SYMBOL        temp_num
  X:0068H         SYMBOL        temp
  D:0007H         SYMBOL        i
  D:0003H         SYMBOL        j
  -------         ENDDO         
  C:3777H         LINE#         81
  C:3784H         LINE#         82
  C:3784H         LINE#         84
  C:3791H         LINE#         85
  C:3793H         LINE#         86
  C:379FH         LINE#         87
  C:37B2H         LINE#         88
  C:37C4H         LINE#         89
  C:37D1H         LINE#         90
  C:37DCH         LINE#         91
  C:37EAH         LINE#         92
  C:37ECH         LINE#         93
  C:37ECH         LINE#         94
  C:37F3H         LINE#         95
  C:37F3H         LINE#         96
  C:37FFH         LINE#         97
  C:3800H         LINE#         98
  C:3800H         LINE#         99
  C:3805H         LINE#         100
  C:3819H         LINE#         101
  C:3819H         LINE#         102
  C:3821H         LINE#         103
  C:3821H         LINE#         104
  C:3824H         LINE#         105
  C:3824H         LINE#         107
  C:3824H         LINE#         108
  C:3824H         LINE#         109
  C:3824H         LINE#         110
  C:3827H         LINE#         111
  C:3835H         LINE#         112
  C:3835H         LINE#         113
  C:3835H         LINE#         114
  C:3835H         LINE#         115
  C:3835H         LINE#         116
  C:3835H         LINE#         117
  C:3844H         LINE#         118
  C:384EH         LINE#         119
  C:3850H         LINE#         121
  C:3850H         LINE#         122
  C:3850H         LINE#         123
  C:3850H         LINE#         124
  C:3850H         LINE#         125
  C:3850H         LINE#         126
  C:385FH         LINE#         127
  C:385FH         LINE#         128
  -------         ENDPROC       _DISYLAY_MUN
  -------         PROC          _DISPLAY_STRINGCHAR
  X:00A6H         SYMBOL        start_x
  X:00A7H         SYMBOL        start_y
  X:00A8H         SYMBOL        s
  -------         DO            
  X:00ABH         SYMBOL        i
BL51 BANKED LINKER/LOCATER V6.22                                                      05/17/2015  23:01:59  PAGE 28


  -------         ENDDO         
  C:5003H         LINE#         130
  C:5008H         LINE#         131
  C:5008H         LINE#         132
  C:500BH         LINE#         133
  C:5016H         LINE#         134
  C:5016H         LINE#         135
  C:5025H         LINE#         136
  C:502AH         LINE#         137
  C:502EH         LINE#         138
  C:5030H         LINE#         139
  -------         ENDPROC       _DISPLAY_STRINGCHAR
  -------         PROC          _DISPLAY_STRINGCHINESE
  X:00A6H         SYMBOL        start_x
  X:00A7H         SYMBOL        start_y
  X:00A8H         SYMBOL        s
  -------         DO            
  X:00ABH         SYMBOL        i
  -------         ENDDO         
  C:4EF4H         LINE#         141
  C:4EF9H         LINE#         142
  C:4EF9H         LINE#         143
  C:4EFCH         LINE#         144
  C:4F06H         LINE#         145
  C:4F06H         LINE#         146
  C:4F2FH         LINE#         147
  C:4F37H         LINE#         148
  C:4F3EH         LINE#         149
  -------         ENDPROC       _DISPLAY_STRINGCHINESE
  -------         PROC          _DISPLAY_SUM
  X:005BH         SYMBOL        sum
  X:005FH         SYMBOL        start_x
  X:0060H         SYMBOL        start_y
  -------         DO            
  X:0061H         SYMBOL        temp
  X:006AH         SYMBOL        i
  -------         ENDDO         
  C:34B2H         LINE#         151
  C:34B7H         LINE#         152
  C:34B7H         LINE#         153
  C:34C4H         LINE#         155
  C:34D7H         LINE#         156
  C:34D7H         LINE#         157
  C:34E0H         LINE#         158
  C:34E0H         LINE#         159
  C:34F5H         LINE#         160
  C:3515H         LINE#         161
  C:3535H         LINE#         162
  C:3555H         LINE#         163
  C:3572H         LINE#         164
  C:358EH         LINE#         165
  C:35A7H         LINE#         166
  C:35BFH         LINE#         167
  C:35D5H         LINE#         169
  C:35E3H         LINE#         170
  C:35E3H         LINE#         171
  C:35EBH         LINE#         172
BL51 BANKED LINKER/LOCATER V6.22                                                      05/17/2015  23:01:59  PAGE 29


  C:35EBH         LINE#         173
  C:35EEH         LINE#         174
  C:35EEH         LINE#         176
  C:35EEH         LINE#         177
  C:35EEH         LINE#         178
  C:35EEH         LINE#         179
  C:35F5H         LINE#         180
  C:35F9H         LINE#         181
  C:35F9H         LINE#         182
  C:360FH         LINE#         183
  C:361CH         LINE#         184
  -------         ENDPROC       _DISPLAY_SUM
  -------         PROC          _READ_SENSER
  X:005CH         SYMBOL        p_flux
  X:005FH         SYMBOL        p_pase
  X:0062H         SYMBOL        ch4
  X:0066H         SYMBOL        tmpter
  -------         DO            
  X:0069H         SYMBOL        ch4_temp
  -------         ENDDO         
  C:319EH         LINE#         186
  C:31A3H         LINE#         187
  C:31A3H         LINE#         189
  C:31AAH         LINE#         190
  C:31B7H         LINE#         191
  C:31B7H         LINE#         192
  C:31C0H         LINE#         193
  C:31C0H         LINE#         194
  C:31D0H         LINE#         195
  C:31D9H         LINE#         196
  C:31D9H         LINE#         197
  C:31E0H         LINE#         198
  C:31E0H         LINE#         199
  C:31F9H         LINE#         200
  C:31FCH         LINE#         202
  C:31FCH         LINE#         203
  C:325AH         LINE#         204
  C:325AH         LINE#         205
  C:3270H         LINE#         206
  C:3270H         LINE#         207
  C:3273H         LINE#         208
  C:3273H         LINE#         209
  C:3276H         LINE#         211
  C:3276H         LINE#         212
  C:327DH         LINE#         213
  C:327DH         LINE#         214
  C:329DH         LINE#         215
  C:32A0H         LINE#         217
  C:32A0H         LINE#         218
  C:3308H         LINE#         219
  C:3308H         LINE#         220
  C:331BH         LINE#         221
  C:331BH         LINE#         222
  C:3327H         LINE#         223
  C:3327H         LINE#         224
  C:3327H         LINE#         225
  -------         ENDPROC       _READ_SENSER
BL51 BANKED LINKER/LOCATER V6.22                                                      05/17/2015  23:01:59  PAGE 30


  -------         PROC          READ_MAXOUT
  -------         DO            
  X:005EH         SYMBOL        p_flux
  X:0062H         SYMBOL        p_pase
  X:0066H         SYMBOL        ch4
  X:0009H         SYMBOL        flag
  X:000AH         SYMBOL        flag1
  X:006AH         SYMBOL        temper
  -------         ENDDO         
  C:2A7CH         LINE#         229
  C:2A7CH         LINE#         230
  C:2A7CH         LINE#         238
  C:2A87H         LINE#         239
  C:2A87H         LINE#         240
  C:2A90H         LINE#         241
  C:2A90H         LINE#         242
  C:2A93H         LINE#         243
  C:2A93H         LINE#         244
  C:2A98H         LINE#         245
  C:2A9AH         LINE#         246
  C:2AA0H         LINE#         247
  C:2AA0H         LINE#         248
  C:2AA4H         LINE#         249
  C:2AA4H         LINE#         252
  C:2AB7H         LINE#         253
  C:2AB7H         LINE#         254
  C:2AB9H         LINE#         255
  C:2ABEH         LINE#         256
  C:2ACBH         LINE#         257
  C:2ACBH         LINE#         258
  C:2AD4H         LINE#         259
  C:2AD4H         LINE#         260
  C:2AE2H         LINE#         261
  C:2B00H         LINE#         263
  C:2B0CH         LINE#         264
  C:2B0CH         LINE#         265
  C:2B14H         LINE#         266
  C:2B63H         LINE#         267
  C:2B9FH         LINE#         268
  C:2BA2H         LINE#         270
  C:2BA2H         LINE#         271
  C:2BBEH         LINE#         272
  C:2C21H         LINE#         273
  C:2C9BH         LINE#         274
  C:2C9BH         LINE#         275
  C:2C9BH         LINE#         276
  C:2CA4H         LINE#         277
  C:2CA4H         LINE#         278
  C:2CA8H         LINE#         279
  C:2CA8H         LINE#         280
  -------         ENDPROC       READ_MAXOUT
  -------         PROC          DISPLAY_PREASSURE
  -------         DO            
  D:0007H         SYMBOL        key_num
  X:0048H         SYMBOL        preassure
  C:2553H         SYMBOL        chinese
  C:2562H         SYMBOL        arr
BL51 BANKED LINKER/LOCATER V6.22                                                      05/17/2015  23:01:59  PAGE 31


  -------         ENDDO         
  C:4C28H         LINE#         284
  C:4C28H         LINE#         285
  C:4C28H         LINE#         291
  C:4C31H         LINE#         292
  C:4C3EH         LINE#         293
  C:4C48H         LINE#         294
  C:4C56H         LINE#         296
  C:4C56H         LINE#         297
  C:4C56H         LINE#         298
  C:4C5FH         LINE#         299
  C:4C62H         LINE#         300
  C:4C65H         LINE#         301
  C:4C69H         LINE#         302
  C:4C69H         LINE#         303
  C:4C6CH         LINE#         304
  C:4C6FH         LINE#         305
  C:4C72H         LINE#         306
  C:4C72H         LINE#         311
  C:4C77H         LINE#         312
  C:4C77H         LINE#         313
  C:4C7FH         LINE#         314
  C:4C86H         LINE#         315
  C:4C86H         LINE#         318
  C:4C89H         LINE#         319
  C:4C8FH         LINE#         320
  C:4C8FH         LINE#         321
  C:4C91H         LINE#         322
  C:4C91H         LINE#         323
  C:4C91H         LINE#         324
  C:4C91H         LINE#         325
  -------         ENDPROC       DISPLAY_PREASSURE
  C:44E7H         SYMBOL        L?0410
  -------         PROC          DISPLAY_AREA
  -------         DO            
  X:0048H         SYMBOL        key_num
  X:0049H         SYMBOL        area
  X:004BH         SYMBOL        temp_area
  C:2565H         SYMBOL        chinese
  C:2577H         SYMBOL        chinese2
  C:2586H         SYMBOL        arr
  -------         ENDDO         
  C:4443H         LINE#         327
  C:4443H         LINE#         328
  C:4443H         LINE#         335
  C:444BH         LINE#         336
  C:4451H         LINE#         337
  C:4451H         LINE#         338
  C:4451H         LINE#         339
  C:445BH         LINE#         340
  C:445BH         LINE#         341
  C:445BH         LINE#         342
  C:4464H         LINE#         343
  C:4467H         LINE#         344
  C:446EH         LINE#         345
  C:4471H         LINE#         346
  C:4471H         LINE#         347
BL51 BANKED LINKER/LOCATER V6.22                                                      05/17/2015  23:01:59  PAGE 32


  C:4474H         LINE#         348
  C:4477H         LINE#         349
  C:447AH         LINE#         350
  C:447AH         LINE#         351
  C:4493H         LINE#         352
  C:449AH         LINE#         353
  C:449AH         LINE#         354
  C:449DH         LINE#         355
  C:44A0H         LINE#         356
  C:44A6H         LINE#         357
  C:44B4H         LINE#         358
  C:44B4H         LINE#         359
  C:44BCH         LINE#         360
  C:44C3H         LINE#         361
  C:44C5H         LINE#         363
  C:44C5H         LINE#         364
  C:44C8H         LINE#         365
  C:44C8H         LINE#         366
  C:44CEH         LINE#         367
  C:44CEH         LINE#         368
  C:44CEH         LINE#         369
  C:44D8H         LINE#         370
  C:44D8H         LINE#         371
  C:44DBH         LINE#         372
  C:44E4H         LINE#         373
  C:44E4H         LINE#         374
  C:44E6H         LINE#         375
  C:44E6H         LINE#         377
  C:44E6H         LINE#         378
  -------         ENDPROC       DISPLAY_AREA
  C:4857H         SYMBOL        L?0454
  -------         PROC          MIAN1_CHINESE
  -------         DO            
  X:004BH         SYMBOL        chineseWork
  X:005AH         SYMBOL        chineseStandar
  C:25A8H         SYMBOL        chinesePase
  C:25B7H         SYMBOL        chineseCH4
  C:25C6H         SYMBOL        chineseTmp
  C:25D5H         SYMBOL        arr
  C:25D7H         SYMBOL        arrS
  C:25DCH         SYMBOL        arrMin
  C:25E3H         SYMBOL        arrKPa
  C:25E7H         SYMBOL        arrch4
  C:25E9H         SYMBOL        arrTmper
  -------         ENDDO         
  C:47BDH         LINE#         380
  C:47BDH         LINE#         381
  C:47BDH         LINE#         382
  C:47C8H         LINE#         383
  C:47D3H         LINE#         401
  C:47DCH         LINE#         402
  C:47DCH         LINE#         403
  C:47E0H         LINE#         404
  C:47E2H         LINE#         406
  C:47E2H         LINE#         407
  C:47ECH         LINE#         408
  C:47ECH         LINE#         410
BL51 BANKED LINKER/LOCATER V6.22                                                      05/17/2015  23:01:59  PAGE 33


  C:47F4H         LINE#         411
  C:47F4H         LINE#         412
  C:47FBH         LINE#         413
  C:47FDH         LINE#         415
  C:47FDH         LINE#         416
  C:4808H         LINE#         417
  C:4808H         LINE#         419
  C:480EH         LINE#         420
  C:481CH         LINE#         422
  C:4822H         LINE#         423
  C:4830H         LINE#         426
  C:483DH         LINE#         427
  C:484AH         LINE#         428
  C:4857H         LINE#         429
  -------         ENDPROC       MIAN1_CHINESE
  C:2A70H         SYMBOL        L?0483
  -------         PROC          _MIAN1_NUM
  X:004BH         SYMBOL        i
  -------         DO            
  X:004CH         SYMBOL        pase
  X:0050H         SYMBOL        flux
  X:0054H         SYMBOL        ch4
  X:0058H         SYMBOL        tmper
  X:000BH         SYMBOL        flux_sum
  X:000FH         SYMBOL        flux_sum_old
  X:0013H         SYMBOL        flux_num_1
  C:25ECH         SYMBOL        arrERR
  C:25F4H         SYMBOL        arr
  -------         ENDDO         
  C:27EBH         LINE#         431
  C:27EFH         LINE#         432
  C:27EFH         LINE#         444
  C:27F7H         LINE#         445
  C:2824H         LINE#         446
  C:2838H         LINE#         448
  C:2838H         LINE#         449
  C:2838H         LINE#         451
  C:2838H         LINE#         453
  C:2849H         LINE#         454
  C:2849H         LINE#         455
  C:284EH         LINE#         456
  C:2850H         LINE#         457
  C:2852H         LINE#         458
  C:2854H         LINE#         459
  C:2856H         LINE#         461
  C:2856H         LINE#         462
  C:286CH         LINE#         463
  C:286EH         LINE#         464
  C:2870H         LINE#         465
  C:2878H         LINE#         466
  C:2878H         LINE#         469
  C:2899H         LINE#         470
  C:2899H         LINE#         471
  C:28B0H         LINE#         472
  C:28B2H         LINE#         474
  C:28B2H         LINE#         475
  C:28B7H         LINE#         476
BL51 BANKED LINKER/LOCATER V6.22                                                      05/17/2015  23:01:59  PAGE 34


  C:28B7H         LINE#         477
  C:28BCH         LINE#         478
  C:28BCH         LINE#         479
  C:28C1H         LINE#         480
  C:28D3H         LINE#         481
  C:28D3H         LINE#         482
  C:28E4H         LINE#         483
  C:28E4H         LINE#         484
  C:28EAH         LINE#         485
  C:28EAH         LINE#         486
  C:28F4H         LINE#         487
  C:28F6H         LINE#         489
  C:28F6H         LINE#         490
  C:28FAH         LINE#         491
  C:2911H         LINE#         492
  C:291BH         LINE#         493
  C:2924H         LINE#         494
  C:2924H         LINE#         496
  C:292DH         LINE#         497
  C:292DH         LINE#         498
  C:2943H         LINE#         499
  C:295FH         LINE#         500
  C:29AFH         LINE#         501
  C:29B0H         LINE#         503
  C:29B0H         LINE#         504
  C:29C2H         LINE#         505
  C:29C2H         LINE#         506
  C:29CDH         LINE#         507
  C:29CDH         LINE#         508
  C:29DAH         LINE#         509
  C:29DAH         LINE#         510
  C:29EDH         LINE#         511
  C:29EDH         LINE#         512
  C:29EFH         LINE#         514
  C:29EFH         LINE#         515
  C:2A03H         LINE#         516
  C:2A03H         LINE#         517
  C:2A0CH         LINE#         518
  C:2A0CH         LINE#         519
  C:2A22H         LINE#         520
  C:2A2FH         LINE#         521
  C:2A2FH         LINE#         522
  C:2A4BH         LINE#         523
  C:2A6FH         LINE#         524
  C:2A6FH         LINE#         525
  C:2A6FH         LINE#         527
  -------         ENDPROC       _MIAN1_NUM
  C:3F08H         SYMBOL        L?0411
  C:3F1AH         SYMBOL        L?0465
  -------         PROC          MIAN2_CHINESE
  -------         DO            
  X:005BH         SYMBOL        chinese
  X:006AH         SYMBOL        chineseWork
  X:0079H         SYMBOL        chineseStandar
  X:0088H         SYMBOL        chineseStandar_cun
  X:0097H         SYMBOL        chineseClear
  C:2641H         SYMBOL        arrOFF
BL51 BANKED LINKER/LOCATER V6.22                                                      05/17/2015  23:01:59  PAGE 35


  C:2646H         SYMBOL        arrON
  C:264BH         SYMBOL        arrm3
  C:264EH         SYMBOL        arr
  -------         ENDDO         
  C:3E21H         LINE#         529
  C:3E21H         LINE#         530
  C:3E21H         LINE#         532
  C:3E30H         LINE#         533
  C:3E3FH         LINE#         534
  C:3E4EH         LINE#         535
  C:3E5DH         LINE#         536
  C:3E6CH         LINE#         542
  C:3E72H         LINE#         543
  C:3E7EH         LINE#         544
  C:3E8BH         LINE#         545
  C:3E91H         LINE#         546
  C:3E91H         LINE#         547
  C:3E98H         LINE#         548
  C:3E9AH         LINE#         549
  C:3E9FH         LINE#         550
  C:3E9FH         LINE#         551
  C:3EABH         LINE#         552
  C:3EADH         LINE#         554
  C:3EADH         LINE#         555
  C:3EB7H         LINE#         556
  C:3EB7H         LINE#         558
  C:3EC0H         LINE#         559
  C:3EC2H         LINE#         560
  C:3ECCH         LINE#         563
  C:3ED5H         LINE#         564
  C:3ED7H         LINE#         565
  C:3EE1H         LINE#         568
  C:3EEEH         LINE#         569
  C:3EFBH         LINE#         570
  C:3F08H         LINE#         571
  -------         ENDPROC       MIAN2_CHINESE
  -------         PROC          DISPLAY_MAIN
  -------         DO            
  D:0007H         SYMBOL        key_num
  X:0048H         SYMBOL        flag
  X:0049H         SYMBOL        flag_ret1
  X:004AH         SYMBOL        flag_ret2
  -------         ENDDO         
  C:4101H         LINE#         574
  C:4101H         LINE#         575
  C:4101H         LINE#         577
  C:4105H         LINE#         578
  C:4108H         LINE#         579
  C:410AH         LINE#         580
  C:410DH         LINE#         581
  C:4112H         LINE#         583
  C:4112H         LINE#         584
  C:4112H         LINE#         585
  C:411BH         LINE#         586
  C:411BH         LINE#         587
  C:411EH         LINE#         588
  C:411EH         LINE#         589
BL51 BANKED LINKER/LOCATER V6.22                                                      05/17/2015  23:01:59  PAGE 36


  C:4121H         LINE#         590
  C:4125H         LINE#         591
  C:4125H         LINE#         592
  C:412EH         LINE#         593
  C:412EH         LINE#         594
  C:4131H         LINE#         595
  C:4133H         LINE#         597
  C:4133H         LINE#         598
  C:4136H         LINE#         599
  C:4136H         LINE#         600
  C:4139H         LINE#         601
  C:413CH         LINE#         602
  C:413CH         LINE#         603
  C:4146H         LINE#         604
  C:4146H         LINE#         605
  C:414CH         LINE#         606
  C:414CH         LINE#         607
  C:4152H         LINE#         608
  C:4155H         LINE#         609
  C:415AH         LINE#         610
[...]
  C:4D92H         SYMBOL        L?0031
  C:4D9EH         SYMBOL        L?0032
  C:4D9EH         SYMBOL        L?0033
  C:4DAAH         SYMBOL        L?0034
  C:4DABH         SYMBOL        L?0035
  C:4DB3H         SYMBOL        L?0036
  C:4DB3H         SYMBOL        L?0037
  -------         PROC          COM0018
  -------         ENDPROC       COM0018
  -------         PROC          SOMENOP
  -------         DO            
  D:0006H         SYMBOL        i
  -------         ENDDO         
  C:001EH         LINE#         21
  C:001EH         LINE#         22
  C:001EH         LINE#         24
  C:0021H         LINE#         25
  C:0021H         LINE#         26
  C:0022H         LINE#         27
  C:0023H         LINE#         28
  C:0024H         LINE#         29
  C:0025H         LINE#         30
BL51 BANKED LINKER/LOCATER V6.22                                                      05/17/2015  23:01:59  PAGE 65


  C:0026H         LINE#         31
  C:0031H         LINE#         32
  -------         ENDPROC       SOMENOP
  -------         PROC          SPI_READBYTE
  -------         DO            
  D:0004H         SYMBOL        mask
  D:0005H         SYMBOL        rxByte
  -------         ENDDO         
  C:5031H         LINE#         37
  C:5031H         LINE#         38
  C:5031H         LINE#         39
  C:5033H         LINE#         40
  C:5035H         LINE#         41
  C:5038H         LINE#         42
  C:5040H         LINE#         43
  C:5040H         LINE#         44
  C:5042H         LINE#         45
  C:5045H         LINE#         46
  C:5048H         LINE#         47
  C:504BH         LINE#         48
  C:504EH         LINE#         49
  C:5050H         LINE#         50
  C:5053H         LINE#         51
  C:5059H         LINE#         52
  C:505CH         LINE#         53
  C:505EH         LINE#         54
  -------         ENDPROC       SPI_READBYTE
  -------         PROC          _MS4515DO_READ
  X:0094H         SYMBOL        p
  X:0097H         SYMBOL        temperature
  -------         DO            
  X:009AH         SYMBOL        error
  -------         ENDDO         
  C:4C92H         LINE#         57
  C:4C97H         LINE#         58
  C:4C97H         LINE#         59
  C:4C9BH         LINE#         61
  C:4C9DH         LINE#         62
  C:4C9FH         LINE#         63
  C:4CABH         LINE#         64
  C:4CBAH         LINE#         65
  C:4CC6H         LINE#         66
  C:4CD5H         LINE#         67
  C:4CD7H         LINE#         69
  C:4CEAH         LINE#         70
  C:4CEAH         LINE#         71
  C:4CEFH         LINE#         72
  C:4CEFH         LINE#         73
  C:4CF7H         LINE#         74
  C:4CFBH         LINE#         75
  -------         ENDPROC       _MS4515DO_READ
  -------         PROC          _DATA_READ
  X:008DH         SYMBOL        date
  -------         DO            
  X:0090H         SYMBOL        dat1
  D:0006H         SYMBOL        temp
  X:0092H         SYMBOL        temper
BL51 BANKED LINKER/LOCATER V6.22                                                      05/17/2015  23:01:59  PAGE 66


  -------         ENDDO         
  C:3B0BH         LINE#         77
  C:3B10H         LINE#         78
  C:3B10H         LINE#         82
  C:3B2EH         LINE#         83
  C:3B2EH         LINE#         84
  C:3B3CH         LINE#         85
  C:3B3CH         LINE#         86
  C:3B43H         LINE#         87
  C:3B43H         LINE#         88
  C:3B51H         LINE#         89
  C:3B51H         LINE#         90
  C:3B58H         LINE#         91
  C:3B58H         LINE#         92
  C:3B82H         LINE#         93
  C:3B92H         LINE#         94
  C:3BA1H         LINE#         95
  C:3BB0H         LINE#         96
  C:3BB0H         LINE#         97
  C:3BBFH         LINE#         98
  C:3BBFH         LINE#         99
  C:3BCEH         LINE#         100
  C:3BCEH         LINE#         101
  C:3BD8H         LINE#         102
  C:3BD8H         LINE#         103
  C:3BEFH         LINE#         104
  C:3C14H         LINE#         105
  C:3C14H         LINE#         106
  -------         ENDPROC       _DATA_READ
  -------         PROC          DATE_SMOOTH
  -------         DO            
  X:0029H         SYMBOL        sum_old
  X:007CH         SYMBOL        ret
  X:0080H         SYMBOL        sum
  X:0084H         SYMBOL        j
  X:0085H         SYMBOL        date1
  -------         ENDDO         
  C:4BB5H         LINE#         108
  C:4BB5H         LINE#         109
  C:4BB5H         LINE#         115
  C:4BBEH         LINE#         116
  C:4BC2H         LINE#         136
  C:4BCBH         LINE#         147
  C:4BD5H         LINE#         149
  C:4C1FH         LINE#         150
  C:4C24H         LINE#         151
  C:4C27H         LINE#         152
  -------         ENDPROC       DATE_SMOOTH
  -------         PROC          WID_SPEED
  -------         DO            
  D:0004H         SYMBOL        windSpeed
  X:006EH         SYMBOL        pressure
  X:0070H         SYMBOL        ch4
  X:0074H         SYMBOL        tmpter
  X:0078H         SYMBOL        p_pase
  -------         ENDDO         
  C:437DH         LINE#         155
BL51 BANKED LINKER/LOCATER V6.22                                                      05/17/2015  23:01:59  PAGE 67


  C:437DH         LINE#         156
  C:437DH         LINE#         164
  C:438AH         LINE#         165
  C:4392H         LINE#         166
  C:43A2H         LINE#         167
  C:43A2H         LINE#         168
  C:43ABH         LINE#         169
  C:43ABH         LINE#         170
  C:43B9H         LINE#         173
  C:4442H         LINE#         176
  C:4442H         LINE#         177
  -------         ENDPROC       WID_SPEED
  -------         ENDMOD        SPD6000

  -------         MODULE        PWM
  C:0000H         SYMBOL        _ICE_DUMMY_
  D:00F9H         PUBLIC        CH
  X:002DH         PUBLIC        out2
  D:00A8H         PUBLIC        IE
  D:00E9H         PUBLIC        CL
  D:00FAH         PUBLIC        CCAP0H
  D:00EAH         PUBLIC        CCAP0L
  B:00D8H.6       PUBLIC        CR
  C:4E5AH         PUBLIC        _pca_set2
  D:00DAH         PUBLIC        CCAPM0
  D:00D9H         PUBLIC        CMOD
  D:00D8H         PUBLIC        CCON
  C:505FH         PUBLIC        pca_Init
  B:00A8H.6       PUBLIC        EPCAI
  -------         PROC          PCA_INIT
  C:505FH         LINE#         7
  C:505FH         LINE#         8
  C:505FH         LINE#         9
  C:5062H         LINE#         13
  C:5064H         LINE#         14
  C:5066H         LINE#         15
  C:5068H         LINE#         18
  C:5070H         LINE#         19
  C:5073H         LINE#         20
  C:5083H         LINE#         21
  C:5086H         LINE#         23
  C:5088H         LINE#         24
  C:508AH         LINE#         26
  -------         ENDPROC       PCA_INIT
  -------         PROC          _PCA_SET2
  X:005CH         SYMBOL        x
  C:4E5AH         LINE#         28
  C:4E5FH         LINE#         29
  C:4E5FH         LINE#         38
  C:4EA8H         LINE#         39
  -------         ENDPROC       _PCA_SET2
  -------         ENDMOD        PWM

  -------         MODULE        MS4525
  C:0000H         SYMBOL        _ICE_DUMMY_
  D:0090H         PUBLIC        P1
  D:00B0H         PUBLIC        P3
BL51 BANKED LINKER/LOCATER V6.22                                                      05/17/2015  23:01:59  PAGE 68


  C:4CFCH         PUBLIC        _MS4525DO_read
  D:00A8H         PUBLIC        IE
  D:00B8H         PUBLIC        IP
  C:4992H         PUBLIC        _date_Smooth_4525
  D:0098H         PUBLIC        SCON
  D:0088H         PUBLIC        TCON
  C:42B1H         PUBLIC        _data_read_4525
  B:0090H.7       PUBLIC        SS2
  B:0090H.0       PUBLIC        SCL
  D:00C8H         PUBLIC        T2CON
  D:00D0H         PUBLIC        PSW
  C:50B0H         SYMBOL        Com000F
  C:50B0H         SYMBOL        L?0016
  C:50B3H         SYMBOL        L?0017
  C:50B5H         SYMBOL        L?0018
  C:50BEH         SYMBOL        L?0019
  C:50C0H         SYMBOL        L?0020
  C:50CCH         SYMBOL        L?0021
  C:50CCH         SYMBOL        L?0022
  -------         PROC          COM000F
  -------         ENDPROC       COM000F
  -------         PROC          _MS4525DO_READ
  X:0093H         SYMBOL        p
  X:0096H         SYMBOL        temperature
  -------         DO            
  X:0099H         SYMBOL        error
  -------         ENDDO         
  C:4CFCH         LINE#         15
  C:4D01H         LINE#         16
  C:4D01H         LINE#         17
  C:4D05H         LINE#         18
  C:4D07H         LINE#         19
  C:4D09H         LINE#         20
  C:4D15H         LINE#         21
  C:4D24H         LINE#         22
  C:4D30H         LINE#         23
  C:4D3FH         LINE#         24
  C:4D41H         LINE#         25
  C:4D54H         LINE#         26
  C:4D54H         LINE#         27
  C:4D59H         LINE#         28
  C:4D59H         LINE#         29
  C:4D61H         LINE#         30
  C:4D65H         LINE#         31
  -------         ENDPROC       _MS4525DO_READ
  -------         PROC          _DATA_READ_4525
  X:008CH         SYMBOL        date
  -------         DO            
  X:008FH         SYMBOL        dat1
  X:0091H         SYMBOL        temper
  -------         ENDDO         
  C:42B1H         LINE#         33
  C:42B6H         LINE#         34
  C:42B6H         LINE#         37
  C:42D2H         LINE#         38
  C:42D2H         LINE#         39
  C:42E0H         LINE#         40
BL51 BANKED LINKER/LOCATER V6.22                                                      05/17/2015  23:01:59  PAGE 69


  C:42E0H         LINE#         41
  C:42E7H         LINE#         42
  C:42E7H         LINE#         43
  C:42F5H         LINE#         44
  C:42F5H         LINE#         45
  C:42FCH         LINE#         46
  C:42FCH         LINE#         47
  C:4320H         LINE#         48
  C:4332H         LINE#         49
  C:4332H         LINE#         50
  C:4341H         LINE#         51
  C:4341H         LINE#         52
  C:4356H         LINE#         53
  C:437CH         LINE#         54
  C:437CH         LINE#         55
  -------         ENDPROC       _DATA_READ_4525
  -------         PROC          _DATE_SMOOTH_4525
  X:007CH         SYMBOL        tmp
  -------         DO            
  X:002FH         SYMBOL        pressre
  X:007FH         SYMBOL        sum
  X:0083H         SYMBOL        j
  X:0043H         SYMBOL        i
  X:0084H         SYMBOL        date1
  -------         ENDDO         
  C:4992H         LINE#         58
  C:4997H         LINE#         59
  C:4997H         LINE#         61
  C:499FH         LINE#         62
  C:49A3H         LINE#         66
  C:49ACH         LINE#         67
  C:49B9H         LINE#         68
  C:49CBH         LINE#         69
  C:49D0H         LINE#         70
  C:49D4H         LINE#         71
  C:49D4H         LINE#         72
  C:49D6H         LINE#         73
  C:49D6H         LINE#         74
  C:49E5H         LINE#         75
  C:49E5H         LINE#         76
  C:4A0AH         LINE#         77
  C:4A11H         LINE#         78
  C:4A23H         LINE#         80
  C:4A26H         LINE#         81
  -------         ENDPROC       _DATE_SMOOTH_4525
  -------         ENDMOD        MS4525

  -------         MODULE        CH4
  C:0000H         SYMBOL        _ICE_DUMMY_
  C:4DBAH         PUBLIC        read_ch4
  D:0080H         PUBLIC        P0
  D:0090H         PUBLIC        P1
  D:00B0H         PUBLIC        P3
  C:51EBH         PUBLIC        stopCH4
  D:00A8H         PUBLIC        IE
  D:00B8H         PUBLIC        IP
  D:0098H         PUBLIC        SCON
BL51 BANKED LINKER/LOCATER V6.22                                                      05/17/2015  23:01:59  PAGE 70


  D:0088H         PUBLIC        TCON
  B:00A8H.0       PUBLIC        EX0
  B:0088H.0       PUBLIC        IT0
  D:00C8H         PUBLIC        T2CON
  C:5213H         PUBLIC        startCH4
  D:00D0H         PUBLIC        PSW
  C:5265H         SYMBOL        Com0008
  C:5265H         SYMBOL        L?0009
  C:5267H         SYMBOL        L?0010
  -------         PROC          COM0008
  -------         ENDPROC       COM0008
  -------         PROC          STARTCH4
  C:5213H         LINE#         5
  C:5213H         LINE#         6
  C:5213H         LINE#         7
  C:5219H         LINE#         8
  C:5220H         LINE#         9
  C:5222H         LINE#         10
  C:5224H         LINE#         12
  -------         ENDPROC       STARTCH4
  -------         PROC          STOPCH4
  C:51EBH         LINE#         14
  C:51EBH         LINE#         15
  C:51EBH         LINE#         17
  C:51F9H         LINE#         18
  C:51FEH         LINE#         19
  C:5200H         LINE#         22
  -------         ENDPROC       STOPCH4
  -------         PROC          READ_CH4
  -------         DO            
  X:007CH         SYMBOL        temp
  X:0044H         SYMBOL        temp_old
  -------         ENDDO         
  C:4DBAH         LINE#         25
  C:4DBAH         LINE#         26
  C:4DBAH         LINE#         30
  C:4DC0H         LINE#         31
  C:4DC0H         LINE#         32
  C:4DCCH         LINE#         33
  C:4DCCH         LINE#         34
  C:4DD3H         LINE#         35
  C:4DD3H         LINE#         36
  C:4DF6H         LINE#         45
  C:4DFBH         LINE#         46
  C:4DFDH         LINE#         48
  C:4DFDH         LINE#         49
  C:4E07H         LINE#         50
  C:4E07H         LINE#         51
  C:4E0AH         LINE#         52
  -------         ENDPROC       READ_CH4
  -------         ENDMOD        CH4

  -------         MODULE        ?C?FPADD
  C:0C9DH         PUBLIC        ?C?FPADD
  C:0C99H         PUBLIC        ?C?FPSUB
  -------         ENDMOD        ?C?FPADD

BL51 BANKED LINKER/LOCATER V6.22                                                      05/17/2015  23:01:59  PAGE 71


  -------         MODULE        ?C?FPMUL
  C:0D8EH         PUBLIC        ?C?FPMUL
  -------         ENDMOD        ?C?FPMUL

  -------         MODULE        ?C?FPDIV
  C:0E97H         PUBLIC        ?C?FPDIV
  -------         ENDMOD        ?C?FPDIV

  -------         MODULE        ?C?FPCMP
  C:0F36H         PUBLIC        ?C?FPCMP
  C:0F34H         PUBLIC        ?C?FPCMP3
  -------         ENDMOD        ?C?FPCMP

  -------         MODULE        ?C?FPNEG
  C:0FA1H         PUBLIC        ?C?FPNEG
  -------         ENDMOD        ?C?FPNEG

  -------         MODULE        ?C?FCAST
  C:0FBCH         PUBLIC        ?C?FCASTC
  C:0FB7H         PUBLIC        ?C?FCASTI
  C:0FB2H         PUBLIC        ?C?FCASTL
  -------         ENDMOD        ?C?FCAST

  -------         MODULE        ?C?CASTF
  C:0FF0H         PUBLIC        ?C?CASTF
  -------         ENDMOD        ?C?CASTF

  -------         MODULE        SQRT
  C:4673H         PUBLIC        _SQRT
  -------         ENDMOD        SQRT

  -------         MODULE        ?C?COPY
  C:1141H         PUBLIC        ?C?COPY
  -------         ENDMOD        ?C?COPY

  -------         MODULE        ?C?CLDPTR
  C:1167H         PUBLIC        ?C?CLDPTR
  -------         ENDMOD        ?C?CLDPTR

  -------         MODULE        ?C?CSTPTR
  C:1180H         PUBLIC        ?C?CSTPTR
  -------         ENDMOD        ?C?CSTPTR

  -------         MODULE        ?C?CSTOPTR
  C:1192H         PUBLIC        ?C?CSTOPTR
  -------         ENDMOD        ?C?CSTOPTR

  -------         MODULE        ?C?IMUL
  C:11B4H         PUBLIC        ?C?IMUL
  -------         ENDMOD        ?C?IMUL

  -------         MODULE        ?C?UIDIV
  C:11C6H         PUBLIC        ?C?UIDIV
  -------         ENDMOD        ?C?UIDIV

  -------         MODULE        ?C?SIDIV
  C:121BH         PUBLIC        ?C?SIDIV
BL51 BANKED LINKER/LOCATER V6.22                                                      05/17/2015  23:01:59  PAGE 72


  -------         ENDMOD        ?C?SIDIV

  -------         MODULE        ?C?SLDIV
  C:4F88H         PUBLIC        ?C?SLDIV
  -------         ENDMOD        ?C?SLDIV

  -------         MODULE        ?C?LNEG
  C:1251H         PUBLIC        ?C?LNEG
  -------         ENDMOD        ?C?LNEG

  -------         MODULE        ?C?SLCMP
  C:125FH         PUBLIC        ?C?SLCMP
  -------         ENDMOD        ?C?SLCMP

  -------         MODULE        ?C?LLDPTR
  C:1275H         PUBLIC        ?C?LLDPTR
  -------         ENDMOD        ?C?LLDPTR

  -------         MODULE        ?C?LSTPTR
  C:1295H         PUBLIC        ?C?LSTPTR
  -------         ENDMOD        ?C?LSTPTR

  -------         MODULE        ?C?LSTOPTR
  C:12AFH         PUBLIC        ?C?LSTOPTR
  -------         ENDMOD        ?C?LSTOPTR

  -------         MODULE        ?C?LLDPDATA
  C:12D3H         PUBLIC        ?C?LLDPDATA
  -------         ENDMOD        ?C?LLDPDATA

  -------         MODULE        ?C?LLDPTR0
  C:12DFH         PUBLIC        ?C?LLDPTR0
  -------         ENDMOD        ?C?LLDPTR0

  -------         MODULE        ?C?LSTXDATA
  C:12FFH         PUBLIC        ?C?LSTXDATA
  -------         ENDMOD        ?C?LSTXDATA

  -------         MODULE        ?C?LSTPDATA
  C:130BH         PUBLIC        ?C?LSTPDATA
  -------         ENDMOD        ?C?LSTPDATA

  -------         MODULE        ?C?LSTKXDATA
  C:1317H         PUBLIC        ?C?LSTKXDATA
  -------         ENDMOD        ?C?LSTKXDATA

  -------         MODULE        ?C?LSTKPDATA
  C:1348H         PUBLIC        ?C?LSTKPDATA
  -------         ENDMOD        ?C?LSTKPDATA

  -------         MODULE        ?C?LSTKPTR
  C:1361H         PUBLIC        ?C?LSTKPTR
  -------         ENDMOD        ?C?LSTKPTR

  -------         MODULE        ?C?PLDPTR
  C:137BH         PUBLIC        ?C?PLDPTR
  -------         ENDMOD        ?C?PLDPTR
BL51 BANKED LINKER/LOCATER V6.22                                                      05/17/2015  23:01:59  PAGE 73



  -------         MODULE        ?C?ULDIV
  C:13D7H         PUBLIC        ?C?ULDIV
  -------         ENDMOD        ?C?ULDIV

  -------         MODULE        ?C?LLDIDATA
  C:1469H         PUBLIC        ?C?LLDIDATA
  -------         ENDMOD        ?C?LLDIDATA

  -------         MODULE        ?C?LLDXDATA
  C:1475H         PUBLIC        ?C?LLDXDATA
  -------         ENDMOD        ?C?LLDXDATA

  -------         MODULE        ?C?LLDCODE
  C:1481H         PUBLIC        ?C?LLDCODE
  -------         ENDMOD        ?C?LLDCODE

  -------         MODULE        ?C?LLDIDATA0
  C:1491H         PUBLIC        ?C?LLDIDATA0
  -------         ENDMOD        ?C?LLDIDATA0

  -------         MODULE        ?C?LLDXDATA0
  C:149EH         PUBLIC        ?C?LLDXDATA0
  -------         ENDMOD        ?C?LLDXDATA0

  -------         MODULE        ?C?LLDPDATA0
  C:14AAH         PUBLIC        ?C?LLDPDATA0
  -------         ENDMOD        ?C?LLDPDATA0

  -------         MODULE        ?C?LLDCODE0
  C:14B7H         PUBLIC        ?C?LLDCODE0
  -------         ENDMOD        ?C?LLDCODE0

  -------         MODULE        ?C?LSTIDATA
  C:14C7H         PUBLIC        ?C?LSTIDATA
  -------         ENDMOD        ?C?LSTIDATA

  -------         MODULE        ?C?LSTKIDATA
  C:14D3H         PUBLIC        ?C?LSTKIDATA
  -------         ENDMOD        ?C?LSTKIDATA

  -------         MODULE        ?C?PLDIDATA
  C:14ECH         PUBLIC        ?C?PLDIDATA
  -------         ENDMOD        ?C?PLDIDATA

  -------         MODULE        ?C?PLDXDATA
  C:14F5H         PUBLIC        ?C?PLDXDATA
  -------         ENDMOD        ?C?PLDXDATA

  -------         MODULE        ?C?PLDPDATA
  C:14FEH         PUBLIC        ?C?PLDPDATA
  -------         ENDMOD        ?C?PLDPDATA

  -------         MODULE        ?C?PLDCODE
  C:1507H         PUBLIC        ?C?PLDCODE
  -------         ENDMOD        ?C?PLDCODE

BL51 BANKED LINKER/LOCATER V6.22                                                      05/17/2015  23:01:59  PAGE 74


Program Size: data=9.1 xdata=226 code=21162
LINK/LOCATE RUN COMPLETE.  0 WARNING(S),  0 ERROR(S)
