BL51 BANKED LINKER/LOCATER V6.22                                                        05/21/2015  22:39:41  PAGE 1


BL51 BANKED LINKER/LOCATER V6.22, INVOKED BY:
C:\KEIL\C51\BIN\BL51.EXE main.obj, STARTUP.obj, LCD12864.obj, ziku.obj, Display.obj, global_var.obj, key.obj, storage.ob
>> j, eeprom.obj, SPD6000.obj, pwm.obj, MS4525.obj, CH4.obj TO MS4515DO


MEMORY MODEL: LARGE WITH FLOATING POINT ARITHMETIC


INPUT MODULES INCLUDED:
  main.obj (MAIN)
  STARTUP.obj (?C_STARTUP)
  LCD12864.obj (LCD12864)
  ziku.obj (ZIKU)
  Display.obj (DISPLAY)
  global_var.obj (GLOBAL_VAR)
  key.obj (KEY)
  storage.obj (STORAGE)
  eeprom.obj (EEPROM)
  SPD6000.obj (SPD6000)
  pwm.obj (PWM)
  MS4525.obj (MS4525)
  CH4.obj (CH4)
  C:\KEIL\C51\LIB\C51FPL.LIB (?C?FPADD)
  C:\KEIL\C51\LIB\C51FPL.LIB (?C?FPMUL)
  C:\KEIL\C51\LIB\C51FPL.LIB (?C?FPDIV)
  C:\KEIL\C51\LIB\C51FPL.LIB (?C?FPCMP)
  C:\KEIL\C51\LIB\C51FPL.LIB (?C?FPNEG)
  C:\KEIL\C51\LIB\C51FPL.LIB (?C?FCAST)
  C:\KEIL\C51\LIB\C51FPL.LIB (?C?CASTF)
  C:\KEIL\C51\LIB\C51FPL.LIB (SQRT)
  C:\KEIL\C51\LIB\C51FPL.LIB (?C?FPGETOPN)
  C:\KEIL\C51\LIB\C51L.LIB (?C_INIT)
  C:\KEIL\C51\LIB\C51L.LIB (?C?COPY)
  C:\KEIL\C51\LIB\C51L.LIB (?C?CLDPTR)
  C:\KEIL\C51\LIB\C51L.LIB (?C?CLDOPTR)
  C:\KEIL\C51\LIB\C51L.LIB (?C?CSTPTR)
  C:\KEIL\C51\LIB\C51L.LIB (?C?CSTOPTR)
  C:\KEIL\C51\LIB\C51L.LIB (?C?IMUL)
  C:\KEIL\C51\LIB\C51L.LIB (?C?UIDIV)
  C:\KEIL\C51\LIB\C51L.LIB (?C?SIDIV)
  C:\KEIL\C51\LIB\C51L.LIB (?C?IILDX)
  C:\KEIL\C51\LIB\C51L.LIB (?C?ILDIX)
  C:\KEIL\C51\LIB\C51L.LIB (?C?SLDIV)
  C:\KEIL\C51\LIB\C51L.LIB (?C?LNEG)
  C:\KEIL\C51\LIB\C51L.LIB (?C?SLCMP)
  C:\KEIL\C51\LIB\C51L.LIB (?C?LLDPTR)
  C:\KEIL\C51\LIB\C51L.LIB (?C?LSTPTR)
  C:\KEIL\C51\LIB\C51L.LIB (?C?LSTOPTR)
  C:\KEIL\C51\LIB\C51L.LIB (?C?LLDXDATA)
  C:\KEIL\C51\LIB\C51L.LIB (?C?LLDPTR0)
  C:\KEIL\C51\LIB\C51L.LIB (?C?LSTXDATA)
  C:\KEIL\C51\LIB\C51L.LIB (?C?LSTKXDATA)
  C:\KEIL\C51\LIB\C51L.LIB (?C?LSTKPTR)
  C:\KEIL\C51\LIB\C51L.LIB (?C?PLDPTR)
  C:\KEIL\C51\LIB\C51L.LIB (?C?ULDIV)
  C:\KEIL\C51\LIB\C51L.LIB (?C?LLDIDATA)
  C:\KEIL\C51\LIB\C51L.LIB (?C?LLDPDATA)
  C:\KEIL\C51\LIB\C51L.LIB (?C?LLDCODE)
BL51 BANKED LINKER/LOCATER V6.22                                                      05/21/2015  22:39:41  PAGE 2


  C:\KEIL\C51\LIB\C51L.LIB (?C?LLDIDATA0)
  C:\KEIL\C51\LIB\C51L.LIB (?C?LLDXDATA0)
  C:\KEIL\C51\LIB\C51L.LIB (?C?LLDPDATA0)
  C:\KEIL\C51\LIB\C51L.LIB (?C?LLDCODE0)
  C:\KEIL\C51\LIB\C51L.LIB (?C?LSTIDATA)
  C:\KEIL\C51\LIB\C51L.LIB (?C?LSTPDATA)
  C:\KEIL\C51\LIB\C51L.LIB (?C?LSTKIDATA)
  C:\KEIL\C51\LIB\C51L.LIB (?C?LSTKPDATA)
  C:\KEIL\C51\LIB\C51L.LIB (?C?PLDIDATA)
  C:\KEIL\C51\LIB\C51L.LIB (?C?PLDXDATA)
  C:\KEIL\C51\LIB\C51L.LIB (?C?PLDPDATA)
  C:\KEIL\C51\LIB\C51L.LIB (?C?PLDCODE)


LINK MAP OF MODULE:  MS4515DO (MAIN)


            TYPE    BASE      LENGTH    RELOCATION   SEGMENT NAME
            -----------------------------------------------------

            * * * * * * *   D A T A   M E M O R Y   * * * * * * *
            REG     0000H     0008H     ABSOLUTE     "REG BANK 0"
                    0008H     0018H                  *** GAP ***
            BIT     0020H.0   0000H.1   UNIT         _BIT_GROUP_
                    0020H.1   0000H.7                *** GAP ***
            IDATA   0021H     0001H     UNIT         ?STACK

            * * * * * * *  X D A T A   M E M O R Y  * * * * * * *
            XDATA   0000H     006DH     UNIT         _XDATA_GROUP_
            XDATA   006DH     0042H     UNIT         ?XD?GLOBAL_VAR
            XDATA   00AFH     0019H     UNIT         ?XD?MS4525
            XDATA   00C8H     0011H     UNIT         ?XD?SPD6000
            XDATA   00D9H     000DH     UNIT         ?XD?DISPLAY
            XDATA   00E6H     0008H     UNIT         ?XD?MAIN
            XDATA   00EEH     0004H     UNIT         ?XD?CH4
            XDATA   00F2H     0002H     UNIT         ?XD?PWM

            * * * * * * *   C O D E   M E M O R Y   * * * * * * *
            CODE    0000H     0003H     ABSOLUTE     
            CODE    0003H     0003H     ABSOLUTE     
                    0006H     0005H                  *** GAP ***
            CODE    000BH     0003H     ABSOLUTE     
            CODE    000EH     000DH     INBLOCK      ?PR?_WR_COMMAND_L?LCD12864
            CODE    001BH     0003H     ABSOLUTE     
            CODE    001EH     0014H     INBLOCK      ?PR?SOMENOP?SPD6000
                    0032H     0001H                  *** GAP ***
            CODE    0033H     0003H     ABSOLUTE     
            CODE    0036H     0BA0H     UNIT         ?CO?ZIKU
            CODE    0BD6H     08D6H     UNIT         ?C?LIB_CODE
            CODE    14ACH     0325H     INBLOCK      ?PR?DISPLAY
            CODE    17D1H     002EH     INBLOCK      ?PR?SPI_READBYTE?SPD6000
                    17FFH     0001H                  *** GAP ***
            CODE    1800H     0728H     INBLOCK      ?PR?DAT_INIT?STORAGE
            CODE    1F28H     00D6H     INBLOCK      ?PR?DISPLAY_AREA?DISPLAY
                    1FFEH     0002H                  *** GAP ***
            CODE    2000H     04FCH     INBLOCK      ?PR?DATEEPROM?STORAGE
            CODE    24FCH     02C8H     INBLOCK      ?PR?_MIAN1_NUM?DISPLAY
BL51 BANKED LINKER/LOCATER V6.22                                                      05/21/2015  22:39:41  PAGE 3


            CODE    27C4H     02A7H     UNIT         ?CO?DISPLAY
            CODE    2A6BH     0218H     INBLOCK      ?PR?READ_MAXOUT?DISPLAY
            CODE    2C83H     01EFH     INBLOCK      ?PR?DISPLAY_RANGE?DISPLAY
            CODE    2E72H     0177H     INBLOCK      ?PR?_DISPLAY_SUM?DISPLAY
            CODE    2FE9H     0017H     INBLOCK      ?PR?STOPCH4?CH4
            CODE    3000H     01BDH     INBLOCK      ?PR?DISPLAY_WINDSPEEDZERO?DISPLAY
            CODE    31BDH     01B1H     INBLOCK      ?PR?DISPLAY_MAXOUT?DISPLAY
            CODE    336EH     0197H     INBLOCK      ?PR?DISPLAY_WINDSPEEDRATE?DISPLAY
            CODE    3505H     0190H     INBLOCK      ?PR?DISPLAY_ZKSET?DISPLAY
            CODE    3695H     0162H     INBLOCK      ?PR?_DISYLAY_MUN?DISPLAY
                    37F7H     0009H                  *** GAP ***
            CODE    3800H     016CH     INBLOCK      ?PR?_READ_SENSER?DISPLAY
            CODE    396CH     012CH     INBLOCK      ?PR?WID_SPEED?SPD6000
            CODE    3A98H     0128H     INBLOCK      ?PR?MAIN?MAIN
            CODE    3BC0H     011CH     INBLOCK      ?PR?_DATA_READ?SPD6000
            CODE    3CDCH     011BH     INBLOCK      ?PR?DISPLAY_UINT?DISPLAY
            CODE    3DF7H     011BH     INBLOCK      ?PR?DISPLAY_WORKCHANG?DISPLAY
            CODE    3F12H     00ECH     INBLOCK      ?PR?DISPLAY_MAIN?DISPLAY
                    3FFEH     0002H                  *** GAP ***
            CODE    4000H     010EH     INBLOCK      ?PR?_DATE_SMOOTH_4525?MS4525
            CODE    410EH     010AH     INBLOCK      ?PR?_DISPLAY_PROTECT1?DISPLAY
            CODE    4218H     0103H     INBLOCK      ?PR?MIAN2_CHINESE?DISPLAY
            CODE    431BH     0101H     INBLOCK      ?PR?T1_TIME?MAIN
            CODE    441CH     00F4H     INBLOCK      ?PR?DATE_SMOOTH?SPD6000
            CODE    4510H     00E2H     INBLOCK      ?PR?DISPLAY_RATE?DISPLAY
            CODE    45F2H     00E1H     UNIT         ?C_INITSEG
            CODE    46D3H     00D3H     INBLOCK      ?PR?_DATA_READ_4525?MS4525
            CODE    47A6H     0059H     INBLOCK      ?PR?READ_CH4?CH4
                    47FFH     0001H                  *** GAP ***
            CODE    4800H     00C4H     INBLOCK      ?PR?MIAN1_CHINESE?DISPLAY
            CODE    48C4H     00C3H     INBLOCK      ?PR?DISPLAY_RENEW?DISPLAY
            CODE    4987H     00ACH     UNIT         ?PR?SQRT?SQRT
            CODE    4A33H     00A3H     INBLOCK      ?PR?_DISPLAY_GRAPHIC?LCD12864
            CODE    4AD6H     00A3H     INBLOCK      ?PR?_DISPLAY_ONECHAR?LCD12864
            CODE    4B79H     009BH     INBLOCK      ?PR?_KEY_ADDSUB?KEY
            CODE    4C14H     0098H     INBLOCK      ?PR?_CLEAN_DISPLAY?LCD12864
            CODE    4CACH     008EH     INBLOCK      ?PR?DISPLAY_PREASSURE?DISPLAY
            CODE    4D3AH     008CH     UNIT         ?C_C51STARTUP
            CODE    4DC6H     0081H     INBLOCK      ?PR?DISPLAY_WINDSPEED?DISPLAY
            CODE    4E47H     0076H     INBLOCK      ?PR?STORAGE
            CODE    4EBDH     0073H     INBLOCK      ?PR?_MS4515DO_READ?SPD6000
            CODE    4F30H     0073H     INBLOCK      ?PR?_MS4525DO_READ?MS4525
            CODE    4FA3H     0054H     INBLOCK      ?PR?_DISPLAY_STRINGCHINESE?DISPLAY
                    4FF7H     0009H                  *** GAP ***
            CODE    5000H     0060H     INBLOCK      ?PR?SPD6000
            CODE    5060H     0051H     INBLOCK      ?PR?_PCA_SET2?PWM
            CODE    50B1H     0050H     INBLOCK      ?PR?LCM_INIT?LCD12864
            CODE    5101H     004AH     INBLOCK      ?PR?MS4525
            CODE    514BH     0048H     INBLOCK      ?PR?LCD12864
            CODE    5193H     0044H     UNIT         ?C?LDIV
            CODE    51D7H     0043H     INBLOCK      ?PR?KEY_DELAY?DISPLAY
            CODE    521AH     0040H     INBLOCK      ?PR?PCA_ISR?MAIN
            CODE    525AH     003AH     INBLOCK      ?PR?_DISPLAY_STRINGCHAR?DISPLAY
            CODE    5294H     0031H     INBLOCK      ?PR?PCA_INIT?PWM
            CODE    52C5H     0023H     INBLOCK      ?PR?KEY?KEY
            CODE    52E8H     0022H     UNIT         ?CO?MAIN
            CODE    530AH     0020H     INBLOCK      ?PR?_DELAY?DISPLAY
BL51 BANKED LINKER/LOCATER V6.22                                                      05/21/2015  22:39:41  PAGE 4


            CODE    532AH     001FH     INBLOCK      ?PR?STROTPRECT?STORAGE
            CODE    5349H     001DH     INBLOCK      ?PR?TIMEINIT?MAIN
            CODE    5366H     001BH     INBLOCK      ?PR?EXINT?MAIN
            CODE    5381H     001BH     INBLOCK      ?PR?_WR_DATA_L?LCD12864
            CODE    539CH     0019H     INBLOCK      ?PR?T0_TIME?MAIN
            CODE    53B5H     0019H     INBLOCK      ?PR?_WR_DATA_R?LCD12864
            CODE    53CEH     0018H     INBLOCK      ?PR?_IAPPROGRAMBYTE?EEPROM
            CODE    53E6H     0016H     INBLOCK      ?PR?_DELAY_1MS?LCD12864
            CODE    53FCH     0016H     INBLOCK      ?PR?KEY_RELEASE?KEY
            CODE    5412H     0013H     INBLOCK      ?PR?KEY
            CODE    5425H     0012H     INBLOCK      ?PR?STARTCH4?CH4
            CODE    5437H     0011H     INBLOCK      ?PR?RETURN_MAIN?DISPLAY
            CODE    5448H     0010H     INBLOCK      ?PR?LCM_DELAY?LCD12864
            CODE    5458H     0010H     INBLOCK      ?PR?_IAPREADBYTE?EEPROM
            CODE    5468H     000FH     INBLOCK      ?PR?CH4
            CODE    5477H     000DH     INBLOCK      ?PR?_WR_COMMAND_R?LCD12864
            CODE    5484H     000DH     INBLOCK      ?PR?IAPIDLE?EEPROM
            CODE    5491H     000DH     INBLOCK      ?PR?_IAPERASESECTOR?EEPROM
            CODE    549EH     000CH     INBLOCK      ?PR?EEPROM



OVERLAY MAP OF MODULE:   MS4515DO (MAIN)


SEGMENT                                       BIT_GROUP          XDATA_GROUP
  +--> CALLED SEGMENT                      START    LENGTH     START    LENGTH
------------------------------------------------------------------------------
?PR?T1_TIME?MAIN                           -----    -----      -----    -----
  +--> ?PR?STARTCH4?CH4
  +--> ?PR?STOPCH4?CH4

*** NEW ROOT ***************************************************

?C_C51STARTUP                              -----    -----      -----    -----
  +--> ?PR?MAIN?MAIN
  +--> ?C_INITSEG

?PR?MAIN?MAIN                              -----    -----      -----    -----
  +--> ?PR?DAT_INIT?STORAGE
  +--> ?PR?LCM_INIT?LCD12864
  +--> ?PR?PCA_INIT?PWM
  +--> ?PR?TIMEINIT?MAIN
  +--> ?PR?STROTPRECT?STORAGE
  +--> ?CO?MAIN
  +--> ?PR?_DISPLAY_STRINGCHAR?DISPLAY
  +--> ?PR?DISPLAY_MAIN?DISPLAY
  +--> ?PR?DISPLAY_WINDSPEED?DISPLAY
  +--> ?PR?DISPLAY_WINDSPEEDZERO?DISPLAY
  +--> ?PR?DISPLAY_WINDSPEEDRATE?DISPLAY
  +--> ?PR?DISPLAY_RENEW?DISPLAY
  +--> ?PR?DISPLAY_RATE?DISPLAY
  +--> ?PR?DISPLAY_ZKSET?DISPLAY
  +--> ?PR?DISPLAY_AREA?DISPLAY
  +--> ?PR?DISPLAY_UINT?DISPLAY
  +--> ?PR?DISPLAY_RANGE?DISPLAY
  +--> ?PR?DISPLAY_PREASSURE?DISPLAY
BL51 BANKED LINKER/LOCATER V6.22                                                      05/21/2015  22:39:41  PAGE 5


  +--> ?PR?DISPLAY_WORKCHANG?DISPLAY
  +--> ?PR?DISPLAY_MAXOUT?DISPLAY
  +--> ?PR?_DISPLAY_PROTECT1?DISPLAY
  +--> ?PR?_CLEAN_DISPLAY?LCD12864

?PR?DAT_INIT?STORAGE                       -----    -----      0000H    0005H
  +--> ?PR?_IAPREADBYTE?EEPROM
  +--> ?PR?STORAGE
  +--> ?PR?_IAPERASESECTOR?EEPROM
  +--> ?PR?_IAPPROGRAMBYTE?EEPROM

?PR?_IAPREADBYTE?EEPROM                    -----    -----      -----    -----
  +--> ?PR?EEPROM
  +--> ?PR?IAPIDLE?EEPROM

?PR?_IAPERASESECTOR?EEPROM                 -----    -----      -----    -----
  +--> ?PR?EEPROM
  +--> ?PR?IAPIDLE?EEPROM

?PR?_IAPPROGRAMBYTE?EEPROM                 -----    -----      -----    -----
  +--> ?PR?EEPROM
  +--> ?PR?IAPIDLE?EEPROM

?PR?LCM_INIT?LCD12864                      -----    -----      -----    -----
  +--> ?PR?_DELAY_1MS?LCD12864
  +--> ?PR?LCM_DELAY?LCD12864
  +--> ?PR?_WR_COMMAND_L?LCD12864
  +--> ?PR?_WR_COMMAND_R?LCD12864
  +--> ?PR?_CLEAN_DISPLAY?LCD12864

?PR?_WR_COMMAND_L?LCD12864                 -----    -----      -----    -----
  +--> ?PR?LCM_DELAY?LCD12864
  +--> ?PR?LCD12864

?PR?LCD12864                               -----    -----      -----    -----
  +--> ?PR?LCM_DELAY?LCD12864
  +--> ?CO?ZIKU

?PR?_WR_COMMAND_R?LCD12864                 -----    -----      -----    -----
  +--> ?PR?LCM_DELAY?LCD12864
  +--> ?PR?LCD12864

?PR?_CLEAN_DISPLAY?LCD12864                0020H.0  0000H.1    005EH    0004H
  +--> ?PR?LCD12864
  +--> ?PR?_WR_COMMAND_L?LCD12864
  +--> ?PR?_WR_DATA_L?LCD12864
  +--> ?PR?_WR_COMMAND_R?LCD12864
  +--> ?PR?_WR_DATA_R?LCD12864

?PR?_WR_DATA_L?LCD12864                    -----    -----      -----    -----
  +--> ?PR?_WR_COMMAND_L?LCD12864
  +--> ?PR?LCD12864

?PR?_WR_DATA_R?LCD12864                    -----    -----      -----    -----
  +--> ?PR?_WR_COMMAND_R?LCD12864
  +--> ?PR?LCD12864

BL51 BANKED LINKER/LOCATER V6.22                                                      05/21/2015  22:39:41  PAGE 6


?PR?STROTPRECT?STORAGE                     -----    -----      -----    -----
  +--> ?PR?_IAPERASESECTOR?EEPROM
  +--> ?PR?_IAPPROGRAMBYTE?EEPROM

?CO?MAIN                                   -----    -----      -----    -----
  +--> ?CO?ZIKU

?PR?_DISPLAY_STRINGCHAR?DISPLAY            -----    -----      005EH    0006H
  +--> ?PR?DISPLAY
  +--> ?PR?_DISPLAY_ONECHAR?LCD12864

?PR?_DISPLAY_ONECHAR?LCD12864              0020H.0  0000H.1    0064H    0004H
  +--> ?PR?LCD12864
  +--> ?CO?ZIKU
  +--> ?PR?_WR_COMMAND_L?LCD12864
  +--> ?PR?_WR_DATA_L?LCD12864
  +--> ?PR?_WR_COMMAND_R?LCD12864
  +--> ?PR?_WR_DATA_R?LCD12864

?PR?DISPLAY_MAIN?DISPLAY                   -----    -----      0000H    0003H
  +--> ?PR?MIAN1_CHINESE?DISPLAY
  +--> ?PR?READ_MAXOUT?DISPLAY
  +--> ?PR?KEY?KEY
  +--> ?PR?DISPLAY
  +--> ?PR?KEY_RELEASE?KEY
  +--> ?PR?_CLEAN_DISPLAY?LCD12864
  +--> ?PR?_MIAN1_NUM?DISPLAY
  +--> ?PR?MIAN2_CHINESE?DISPLAY
  +--> ?PR?_DISPLAY_SUM?DISPLAY

?PR?MIAN1_CHINESE?DISPLAY                  -----    -----      0003H    001EH
  +--> ?CO?DISPLAY
  +--> ?PR?DISPLAY
  +--> ?PR?_DISPLAY_STRINGCHINESE?DISPLAY
  +--> ?PR?_DISPLAY_STRINGCHAR?DISPLAY

?CO?DISPLAY                                -----    -----      -----    -----
  +--> ?CO?ZIKU

?PR?_DISPLAY_STRINGCHINESE?DISPLAY         -----    -----      005EH    0006H
  +--> ?PR?DISPLAY
  +--> ?PR?_DISPLAY_GRAPHIC?LCD12864

?PR?_DISPLAY_GRAPHIC?LCD12864              0020H.0  0000H.1    0064H    0009H
  +--> ?PR?LCD12864
  +--> ?PR?_WR_COMMAND_L?LCD12864
  +--> ?PR?_WR_DATA_L?LCD12864
  +--> ?PR?_WR_COMMAND_R?LCD12864
  +--> ?PR?_WR_DATA_R?LCD12864

?PR?READ_MAXOUT?DISPLAY                    -----    -----      0016H    0010H
  +--> ?PR?DISPLAY
  +--> ?PR?DATEEPROM?STORAGE
  +--> ?PR?READ_CH4?CH4
  +--> ?PR?_DATE_SMOOTH_4525?MS4525
  +--> ?PR?WID_SPEED?SPD6000

BL51 BANKED LINKER/LOCATER V6.22                                                      05/21/2015  22:39:41  PAGE 7


?PR?DATEEPROM?STORAGE                      -----    -----      0026H    0005H
  +--> ?PR?_IAPPROGRAMBYTE?EEPROM
  +--> ?PR?STORAGE
  +--> ?PR?_IAPERASESECTOR?EEPROM

?PR?READ_CH4?CH4                           -----    -----      003DH    0004H
  +--> ?PR?CH4

?PR?_DATE_SMOOTH_4525?MS4525               -----    -----      003DH    0014H
  +--> ?PR?MS4525
  +--> ?PR?_DATA_READ_4525?MS4525

?PR?_DATA_READ_4525?MS4525                 -----    -----      0051H    0007H
  +--> ?PR?MS4525
  +--> ?PR?_MS4525DO_READ?MS4525

?PR?_MS4525DO_READ?MS4525                  -----    -----      0058H    0007H
  +--> ?PR?MS4525
  +--> ?PR?SPI_READBYTE?SPD6000

?PR?SPI_READBYTE?SPD6000                   -----    -----      -----    -----
  +--> ?PR?SOMENOP?SPD6000

?PR?WID_SPEED?SPD6000                      -----    -----      0029H    0014H
  +--> ?PR?DATE_SMOOTH?SPD6000
  +--> ?PR?READ_CH4?CH4
  +--> ?PR?SPD6000
  +--> ?PR?_DATE_SMOOTH_4525?MS4525
  +--> ?PR?SQRT?SQRT

?PR?DATE_SMOOTH?SPD6000                    -----    -----      003DH    0011H
  +--> ?PR?_DATA_READ?SPD6000
  +--> ?PR?SPD6000

?PR?_DATA_READ?SPD6000                     -----    -----      004EH    0007H
  +--> ?PR?SPD6000
  +--> ?PR?_MS4515DO_READ?SPD6000

?PR?_MS4515DO_READ?SPD6000                 -----    -----      0055H    0007H
  +--> ?PR?SPD6000
  +--> ?PR?SPI_READBYTE?SPD6000

?PR?SQRT?SQRT                              -----    -----      003DH    0004H

?PR?KEY?KEY                                -----    -----      -----    -----
  +--> ?PR?KEY

?PR?_MIAN1_NUM?DISPLAY                     -----    -----      0003H    0011H
  +--> ?PR?READ_CH4?CH4
  +--> ?PR?DISPLAY
  +--> ?PR?_READ_SENSER?DISPLAY
  +--> ?PR?_DISYLAY_MUN?DISPLAY
  +--> ?PR?_PCA_SET2?PWM
  +--> ?CO?DISPLAY
  +--> ?PR?_DISPLAY_STRINGCHAR?DISPLAY

?PR?_READ_SENSER?DISPLAY                   -----    -----      0014H    0015H
BL51 BANKED LINKER/LOCATER V6.22                                                      05/21/2015  22:39:41  PAGE 8


  +--> ?PR?DISPLAY
  +--> ?PR?_DATE_SMOOTH_4525?MS4525
  +--> ?PR?WID_SPEED?SPD6000

?PR?_DISYLAY_MUN?DISPLAY                   -----    -----      0016H    0010H
  +--> ?CO?DISPLAY
  +--> ?PR?DISPLAY
  +--> ?PR?_DISPLAY_ONECHAR?LCD12864

?PR?_PCA_SET2?PWM                          -----    -----      0014H    0004H

?PR?MIAN2_CHINESE?DISPLAY                  -----    -----      0013H    004BH
  +--> ?CO?DISPLAY
  +--> ?PR?DISPLAY
  +--> ?PR?_CLEAN_DISPLAY?LCD12864
  +--> ?PR?_DISPLAY_STRINGCHINESE?DISPLAY
  +--> ?PR?_DISPLAY_STRINGCHAR?DISPLAY

?PR?_DISPLAY_SUM?DISPLAY                   -----    -----      0013H    0010H
  +--> ?CO?DISPLAY
  +--> ?PR?DISPLAY
  +--> ?PR?_DISPLAY_ONECHAR?LCD12864

?PR?DISPLAY_WINDSPEED?DISPLAY              -----    -----      0000H    0006H
  +--> ?CO?DISPLAY
  +--> ?PR?_DISPLAY_STRINGCHINESE?DISPLAY
  +--> ?PR?DISPLAY
  +--> ?PR?_DISPLAY_STRINGCHAR?DISPLAY
  +--> ?PR?WID_SPEED?SPD6000
  +--> ?PR?_DISYLAY_MUN?DISPLAY
  +--> ?PR?READ_MAXOUT?DISPLAY
  +--> ?PR?KEY?KEY
  +--> ?PR?KEY_RELEASE?KEY
  +--> ?PR?KEY_DELAY?DISPLAY
  +--> ?PR?RETURN_MAIN?DISPLAY

?PR?KEY_DELAY?DISPLAY                      -----    -----      -----    -----
  +--> ?PR?KEY?KEY
  +--> ?PR?DISPLAY
  +--> ?PR?_DELAY?DISPLAY

?PR?RETURN_MAIN?DISPLAY                    -----    -----      -----    -----
  +--> ?PR?DISPLAY

?PR?DISPLAY_WINDSPEEDZERO?DISPLAY          -----    -----      0000H    0010H
  +--> ?PR?DISPLAY
  +--> ?PR?_DISYLAY_MUN?DISPLAY
  +--> ?PR?READ_MAXOUT?DISPLAY
  +--> ?PR?KEY?KEY
  +--> ?PR?KEY_RELEASE?KEY
  +--> ?PR?_CLEAN_DISPLAY?LCD12864
  +--> ?CO?DISPLAY
  +--> ?PR?_DISPLAY_PROTECT1?DISPLAY
  +--> ?PR?_MS4515DO_READ?SPD6000
  +--> ?PR?_DELAY?DISPLAY
  +--> ?PR?DATEEPROM?STORAGE
  +--> ?PR?WID_SPEED?SPD6000
BL51 BANKED LINKER/LOCATER V6.22                                                      05/21/2015  22:39:41  PAGE 9


  +--> ?PR?KEY_DELAY?DISPLAY
  +--> ?PR?RETURN_MAIN?DISPLAY
  +--> ?PR?_DISPLAY_STRINGCHINESE?DISPLAY
  +--> ?PR?_DISPLAY_STRINGCHAR?DISPLAY

?PR?_DISPLAY_PROTECT1?DISPLAY              -----    -----      0013H    0003H
  +--> ?PR?_DISPLAY_STRINGCHINESE?DISPLAY
  +--> ?PR?DISPLAY
  +--> ?PR?_DISYLAY_MUN?DISPLAY
  +--> ?PR?KEY_RELEASE?KEY
  +--> ?PR?READ_MAXOUT?DISPLAY
  +--> ?PR?KEY?KEY
  +--> ?CO?DISPLAY
  +--> ?PR?DATEEPROM?STORAGE
  +--> ?PR?_CLEAN_DISPLAY?LCD12864
  +--> ?PR?_DISPLAY_STRINGCHAR?DISPLAY
  +--> ?PR?KEY_DELAY?DISPLAY
  +--> ?PR?RETURN_MAIN?DISPLAY
  +--> ?PR?_DELAY?DISPLAY

?PR?DISPLAY_WINDSPEEDRATE?DISPLAY          -----    -----      0000H    000BH
  +--> ?PR?DISPLAY
  +--> ?CO?DISPLAY
  +--> ?PR?_DISPLAY_STRINGCHAR?DISPLAY
  +--> ?PR?WID_SPEED?SPD6000
  +--> ?PR?_DISYLAY_MUN?DISPLAY
  +--> ?PR?READ_MAXOUT?DISPLAY
  +--> ?PR?KEY?KEY
  +--> ?PR?KEY_RELEASE?KEY
  +--> ?PR?_CLEAN_DISPLAY?LCD12864
  +--> ?PR?_DISPLAY_PROTECT1?DISPLAY
  +--> ?PR?DATEEPROM?STORAGE
  +--> ?PR?KEY_DELAY?DISPLAY
  +--> ?PR?RETURN_MAIN?DISPLAY
  +--> ?PR?_DISPLAY_STRINGCHINESE?DISPLAY

?PR?DISPLAY_RENEW?DISPLAY                  -----    -----      0000H    0003H
  +--> ?PR?DISPLAY
  +--> ?PR?_DISYLAY_MUN?DISPLAY
  +--> ?PR?READ_MAXOUT?DISPLAY
  +--> ?PR?KEY?KEY
  +--> ?PR?KEY_RELEASE?KEY
  +--> ?PR?_KEY_ADDSUB?KEY
  +--> ?PR?_CLEAN_DISPLAY?LCD12864
  +--> ?CO?DISPLAY
  +--> ?PR?_DISPLAY_PROTECT1?DISPLAY
  +--> ?PR?DATEEPROM?STORAGE
  +--> ?PR?KEY_DELAY?DISPLAY
  +--> ?PR?RETURN_MAIN?DISPLAY
  +--> ?PR?_DISPLAY_STRINGCHINESE?DISPLAY

?PR?_KEY_ADDSUB?KEY                        -----    -----      0007H    0007H
  +--> ?PR?KEY?KEY
  +--> ?PR?KEY
  +--> ?PR?_DISYLAY_MUN?DISPLAY

?PR?DISPLAY_RATE?DISPLAY                   -----    -----      0000H    0007H
BL51 BANKED LINKER/LOCATER V6.22                                                      05/21/2015  22:39:41  PAGE 10


  +--> ?PR?DISPLAY
  +--> ?PR?_DISYLAY_MUN?DISPLAY
  +--> ?PR?READ_MAXOUT?DISPLAY
  +--> ?PR?KEY?KEY
  +--> ?PR?KEY_RELEASE?KEY
  +--> ?PR?_KEY_ADDSUB?KEY
  +--> ?PR?_CLEAN_DISPLAY?LCD12864
  +--> ?CO?DISPLAY
  +--> ?PR?_DISPLAY_PROTECT1?DISPLAY
  +--> ?PR?DATEEPROM?STORAGE
  +--> ?PR?KEY_DELAY?DISPLAY
  +--> ?PR?RETURN_MAIN?DISPLAY
  +--> ?PR?_DISPLAY_STRINGCHINESE?DISPLAY

?PR?DISPLAY_ZKSET?DISPLAY                  -----    -----      0000H    000AH
  +--> ?PR?DISPLAY
  +--> ?CO?DISPLAY
  +--> ?PR?_DISPLAY_STRINGCHINESE?DISPLAY
  +--> ?PR?READ_MAXOUT?DISPLAY
  +--> ?PR?KEY?KEY
  +--> ?PR?KEY_RELEASE?KEY
  +--> ?PR?_IAPREADBYTE?EEPROM
  +--> ?PR?_CLEAN_DISPLAY?LCD12864
  +--> ?PR?_DISPLAY_PROTECT1?DISPLAY
  +--> ?PR?DATEEPROM?STORAGE
  +--> ?PR?KEY_DELAY?DISPLAY
  +--> ?PR?RETURN_MAIN?DISPLAY

?PR?DISPLAY_AREA?DISPLAY                   -----    -----      0000H    0005H
  +--> ?PR?DISPLAY
  +--> ?PR?_DISYLAY_MUN?DISPLAY
  +--> ?PR?READ_MAXOUT?DISPLAY
  +--> ?PR?KEY?KEY
  +--> ?PR?KEY_RELEASE?KEY
  +--> ?PR?_KEY_ADDSUB?KEY
  +--> ?PR?_CLEAN_DISPLAY?LCD12864
  +--> ?CO?DISPLAY
  +--> ?PR?_DISPLAY_PROTECT1?DISPLAY
  +--> ?PR?DATEEPROM?STORAGE
  +--> ?PR?KEY_DELAY?DISPLAY
  +--> ?PR?RETURN_MAIN?DISPLAY
  +--> ?PR?_DISPLAY_STRINGCHINESE?DISPLAY
  +--> ?PR?_DISPLAY_STRINGCHAR?DISPLAY

?PR?DISPLAY_UINT?DISPLAY                   -----    -----      0000H    0003H
  +--> ?CO?DISPLAY
  +--> ?PR?READ_MAXOUT?DISPLAY
  +--> ?PR?KEY?KEY
  +--> ?PR?DISPLAY
  +--> ?PR?KEY_RELEASE?KEY
  +--> ?PR?_DISPLAY_STRINGCHAR?DISPLAY
  +--> ?PR?_CLEAN_DISPLAY?LCD12864
  +--> ?PR?_DISPLAY_PROTECT1?DISPLAY
  +--> ?PR?DATEEPROM?STORAGE
  +--> ?PR?KEY_DELAY?DISPLAY
  +--> ?PR?RETURN_MAIN?DISPLAY
  +--> ?PR?_DISPLAY_STRINGCHINESE?DISPLAY
BL51 BANKED LINKER/LOCATER V6.22                                                      05/21/2015  22:39:41  PAGE 11



?PR?DISPLAY_RANGE?DISPLAY                  -----    -----      0000H    0009H
  +--> ?PR?DISPLAY
  +--> ?PR?_DISYLAY_MUN?DISPLAY
  +--> ?PR?READ_MAXOUT?DISPLAY
  +--> ?PR?KEY?KEY
  +--> ?PR?KEY_RELEASE?KEY
  +--> ?PR?_CLEAN_DISPLAY?LCD12864
  +--> ?CO?DISPLAY
  +--> ?PR?_DISPLAY_PROTECT1?DISPLAY
  +--> ?PR?DATEEPROM?STORAGE
  +--> ?PR?KEY_DELAY?DISPLAY
  +--> ?PR?RETURN_MAIN?DISPLAY
  +--> ?PR?_DISPLAY_STRINGCHAR?DISPLAY
  +--> ?PR?_DISPLAY_STRINGCHINESE?DISPLAY

?PR?DISPLAY_PREASSURE?DISPLAY              -----    -----      0000H    0003H
  +--> ?CO?DISPLAY
  +--> ?PR?_DISPLAY_STRINGCHINESE?DISPLAY
  +--> ?PR?DISPLAY
  +--> ?PR?_DISPLAY_STRINGCHAR?DISPLAY
  +--> ?PR?_DISYLAY_MUN?DISPLAY
  +--> ?PR?READ_MAXOUT?DISPLAY
  +--> ?PR?KEY?KEY
  +--> ?PR?KEY_RELEASE?KEY
  +--> ?PR?KEY_DELAY?DISPLAY
  +--> ?PR?RETURN_MAIN?DISPLAY
  +--> ?PR?DATE_SMOOTH?SPD6000

?PR?DISPLAY_WORKCHANG?DISPLAY              -----    -----      0000H    0003H
  +--> ?CO?DISPLAY
  +--> ?PR?READ_MAXOUT?DISPLAY
  +--> ?PR?KEY?KEY
  +--> ?PR?DISPLAY
  +--> ?PR?KEY_RELEASE?KEY
  +--> ?PR?_DISPLAY_STRINGCHINESE?DISPLAY
  +--> ?PR?_CLEAN_DISPLAY?LCD12864
  +--> ?PR?_DISPLAY_PROTECT1?DISPLAY
  +--> ?PR?DATEEPROM?STORAGE
  +--> ?PR?KEY_DELAY?DISPLAY
  +--> ?PR?RETURN_MAIN?DISPLAY

?PR?DISPLAY_MAXOUT?DISPLAY                 -----    -----      0000H    0013H
  +--> ?CO?DISPLAY
  +--> ?PR?MIAN2_CHINESE?DISPLAY
  +--> ?PR?READ_MAXOUT?DISPLAY
  +--> ?PR?DISPLAY
  +--> ?PR?_DISPLAY_SUM?DISPLAY
  +--> ?PR?KEY?KEY
  +--> ?PR?KEY_RELEASE?KEY
  +--> ?PR?_DISPLAY_STRINGCHAR?DISPLAY
  +--> ?PR?_DISPLAY_STRINGCHINESE?DISPLAY
  +--> ?PR?_CLEAN_DISPLAY?LCD12864
  +--> ?PR?_DISPLAY_PROTECT1?DISPLAY
  +--> ?PR?DATEEPROM?STORAGE
  +--> ?PR?KEY_DELAY?DISPLAY
  +--> ?PR?RETURN_MAIN?DISPLAY
BL51 BANKED LINKER/LOCATER V6.22                                                      05/21/2015  22:39:41  PAGE 12





SYMBOL TABLE OF MODULE:  MS4515DO (MAIN)

  VALUE           TYPE          NAME
  ----------------------------------

  -------         MODULE        MAIN
  C:0000H         SYMBOL        _ICE_DUMMY_
  D:0080H         PUBLIC        P0
  D:00B1H         PUBLIC        P3M0
  D:0090H         PUBLIC        P1
  D:00B2H         PUBLIC        P3M1
  D:00B0H         PUBLIC        P3
  C:521AH         PUBLIC        PCA_isr
  B:00A8H.7       PUBLIC        EA
  D:00A8H         PUBLIC        IE
  D:00FAH         PUBLIC        CCAP0H
  D:00EAH         PUBLIC        CCAP0L
  C:539CH         PUBLIC        T0_time
  C:431BH         PUBLIC        T1_time
  D:00B8H         PUBLIC        IP
  X:00E6H         PUBLIC        date
  D:00D8H         PUBLIC        CCON
  C:3A98H         PUBLIC        main
  B:00B0H.5       PUBLIC        OUT1
  C:5366H         PUBLIC        exint
  B:00B0H.7       PUBLIC        OUT2
  D:0098H         PUBLIC        SCON
  D:0089H         PUBLIC        TMOD
  D:0088H         PUBLIC        TCON
  C:5349H         PUBLIC        Timeinit
  B:00A8H.1       PUBLIC        ET0
  B:00A8H.3       PUBLIC        ET1
  D:008CH         PUBLIC        TH0
  D:008DH         PUBLIC        TH1
  D:008AH         PUBLIC        TL0
  D:008BH         PUBLIC        TL1
  B:00B0H.0       PUBLIC        LCD
  B:00B0H.1       PUBLIC        LED
  B:0088H.4       PUBLIC        TR0
  B:0088H.6       PUBLIC        TR1
  D:00E1H         PUBLIC        WDT_CONTR
  D:00C8H         PUBLIC        T2CON
  D:00D0H         PUBLIC        PSW
  B:00D8H.0       PUBLIC        CCF0
  C:3BB1H         SYMBOL        L?0053
  -------         PROC          MAIN
  -------         DO            
  C:52E8H         SYMBOL        chinese1
  C:52F7H         SYMBOL        chinese3
  C:5306H         SYMBOL        arr
  -------         ENDDO         
  C:3A98H         LINE#         21
  C:3A98H         LINE#         22
  C:3A98H         LINE#         27
BL51 BANKED LINKER/LOCATER V6.22                                                      05/21/2015  22:39:41  PAGE 13


  C:3A9BH         LINE#         28
  C:3A9EH         LINE#         29
  C:3AA0H         LINE#         30
  C:3AA3H         LINE#         31
  C:3AA6H         LINE#         32
  C:3AA9H         LINE#         33
  C:3AACH         LINE#         34
  C:3AB6H         LINE#         36
  C:3ABCH         LINE#         37
  C:3ABCH         LINE#         38
  C:3AC2H         LINE#         39
  C:3AC8H         LINE#         40
  C:3AC8H         LINE#         41
  C:3ACBH         LINE#         42
  C:3ACBH         LINE#         44
  C:3ACEH         LINE#         45
  C:3AD0H         LINE#         47
  C:3AD0H         LINE#         48
  C:3AD5H         LINE#         49
  C:3AD5H         LINE#         51
  C:3ADCH         LINE#         52
  C:3ADCH         LINE#         53
  C:3AE1H         LINE#         54
  C:3AEEH         LINE#         55
  C:3AEEH         LINE#         56
  C:3AEEH         LINE#         57
  C:3AF0H         LINE#         58
  C:3AF0H         LINE#         60
  C:3AF0H         LINE#         61
  C:3AF0H         LINE#         62
  C:3AF5H         LINE#         64
  C:3B26H         LINE#         65
  C:3B26H         LINE#         66
  C:3B29H         LINE#         67
  C:3B2BH         LINE#         68
  C:3B2EH         LINE#         69
  C:3B30H         LINE#         70
  C:3B33H         LINE#         71
  C:3B35H         LINE#         72
  C:3B38H         LINE#         73
  C:3B3AH         LINE#         74
  C:3B3DH         LINE#         75
  C:3B3FH         LINE#         76
  C:3B42H         LINE#         77
  C:3B44H         LINE#         78
  C:3B47H         LINE#         79
  C:3B49H         LINE#         80
  C:3B4CH         LINE#         81
  C:3B4EH         LINE#         82
  C:3B51H         LINE#         83
  C:3B53H         LINE#         84
  C:3B56H         LINE#         85
  C:3B58H         LINE#         86
  C:3B5BH         LINE#         87
  C:3B5DH         LINE#         88
  C:3B60H         LINE#         89
  C:3B62H         LINE#         90
BL51 BANKED LINKER/LOCATER V6.22                                                      05/21/2015  22:39:41  PAGE 14


  C:3B65H         LINE#         91
  C:3B67H         LINE#         92
  C:3B75H         LINE#         93
  C:3B75H         LINE#         94
  C:3B7BH         LINE#         95
  C:3B7EH         LINE#         97
  C:3B7EH         LINE#         98
  C:3B83H         LINE#         99
  C:3B85H         LINE#         100
  C:3B90H         LINE#         101
  C:3B90H         LINE#         102
  C:3B90H         LINE#         103
  C:3B90H         LINE#         104
  C:3B97H         LINE#         105
  C:3B97H         LINE#         106
  C:3BA1H         LINE#         107
  C:3BA2H         LINE#         108
  C:3BA4H         LINE#         110
  C:3BA4H         LINE#         111
  C:3BAEH         LINE#         112
  C:3BAFH         LINE#         113
  C:3BAFH         LINE#         114
  C:3BB1H         LINE#         115
  -------         ENDPROC       MAIN
  -------         PROC          TIMEINIT
  C:5349H         LINE#         117
  C:5349H         LINE#         118
  C:5349H         LINE#         119
  C:534CH         LINE#         120
  C:534FH         LINE#         121
  C:5352H         LINE#         122
  C:5355H         LINE#         124
  C:5358H         LINE#         125
  C:535BH         LINE#         126
  C:535DH         LINE#         127
  C:535FH         LINE#         128
  C:5361H         LINE#         129
  C:5363H         LINE#         130
  C:5365H         LINE#         131
  -------         ENDPROC       TIMEINIT
  -------         PROC          T1_TIME
  C:431BH         LINE#         133
  C:4338H         LINE#         138
  C:433BH         LINE#         139
  C:433EH         LINE#         141
  C:434CH         LINE#         142
  C:435BH         LINE#         143
  C:435BH         LINE#         144
  C:4362H         LINE#         145
  C:4364H         LINE#         146
  C:4366H         LINE#         148
  C:4366H         LINE#         149
  C:4368H         LINE#         150
  C:4368H         LINE#         152
  C:4376H         LINE#         153
  C:4385H         LINE#         154
  C:4385H         LINE#         155
BL51 BANKED LINKER/LOCATER V6.22                                                      05/21/2015  22:39:41  PAGE 15


  C:438CH         LINE#         156
  C:438CH         LINE#         158
  C:439AH         LINE#         159
  C:43A9H         LINE#         160
  C:43A9H         LINE#         161
  C:43AEH         LINE#         162
  C:43BCH         LINE#         163
  C:43C8H         LINE#         164
  C:43C8H         LINE#         165
  C:43CFH         LINE#         166
  C:43CFH         LINE#         167
  C:43CFH         LINE#         169
  C:43D5H         LINE#         170
  C:43D9H         LINE#         171
  C:43D9H         LINE#         172
  C:43DCH         LINE#         173
  C:43DFH         LINE#         174
  C:43DFH         LINE#         175
  C:43E6H         LINE#         176
  C:43E6H         LINE#         177
  C:43E9H         LINE#         178
  C:43E9H         LINE#         180
  C:43ECH         LINE#         181
  C:43FFH         LINE#         182
  C:43FFH         LINE#         183
  C:4401H         LINE#         184
  C:4401H         LINE#         185
  -------         ENDPROC       T1_TIME
  -------         PROC          T0_TIME
  C:539CH         LINE#         187
  C:53A2H         LINE#         189
  C:53A8H         LINE#         190
  C:53ACH         LINE#         191
  C:53AEH         LINE#         192
  -------         ENDPROC       T0_TIME
  -------         PROC          PCA_ISR
  C:521AH         LINE#         194
  C:5229H         LINE#         196
  C:522BH         LINE#         197
  C:5234H         LINE#         198
  C:5237H         LINE#         199
  C:524BH         LINE#         200
  C:524DH         LINE#         201
  -------         ENDPROC       PCA_ISR
  -------         PROC          EXINT
  C:5366H         LINE#         205
  C:536CH         LINE#         207
  C:537AH         LINE#         208
  -------         ENDPROC       EXINT
  -------         ENDMOD        MAIN

  -------         MODULE        ?C_STARTUP
  C:4D3AH         SEGMENT       ?C_C51STARTUP
  I:0021H         SEGMENT       ?STACK
  C:0000H         PUBLIC        ?C_STARTUP
  D:00E0H         SYMBOL        ACC
  D:00F0H         SYMBOL        B
BL51 BANKED LINKER/LOCATER V6.22                                                      05/21/2015  22:39:41  PAGE 16


  D:0083H         SYMBOL        DPH
  D:0082H         SYMBOL        DPL
  N:0000H         SYMBOL        IBPSTACK
  N:0100H         SYMBOL        IBPSTACKTOP
  N:0080H         SYMBOL        IDATALEN
  C:4D3DH         SYMBOL        IDATALOOP
  N:0000H         SYMBOL        PBPSTACK
  N:0100H         SYMBOL        PBPSTACKTOP
  N:0000H         SYMBOL        PDATALEN
  N:0000H         SYMBOL        PDATASTART
  N:0000H         SYMBOL        PPAGE
  N:0000H         SYMBOL        PPAGEENABLE
  D:00A0H         SYMBOL        PPAGE_SFR
  D:0081H         SYMBOL        SP
  C:4D3AH         SYMBOL        STARTUP1
  N:0000H         SYMBOL        XBPSTACK
  N:0000H         SYMBOL        XBPSTACKTOP
  N:0000H         SYMBOL        XDATALEN
  N:0000H         SYMBOL        XDATASTART
  C:0000H         LINE#         126
  C:4D3AH         LINE#         133
  C:4D3CH         LINE#         134
  C:4D3DH         LINE#         135
  C:4D3EH         LINE#         136
  C:4D40H         LINE#         185
  C:4D43H         LINE#         196
  -------         ENDMOD        ?C_STARTUP

  -------         MODULE        LCD12864
  C:0000H         SYMBOL        _ICE_DUMMY_
  C:4AD6H         PUBLIC        _Display_Onechar
  D:0080H         PUBLIC        P0
  D:0090H         PUBLIC        P1
  D:00A0H         PUBLIC        P2
  D:00B0H         PUBLIC        P3
  D:00A8H         PUBLIC        IE
  C:50B1H         PUBLIC        Lcm_Init
  D:00B8H         PUBLIC        IP
  C:000EH         PUBLIC        _Wr_Command_L
  C:5477H         PUBLIC        _Wr_Command_R
  C:4C14H         PUBLIC        _Clean_Display
  B:0080H.3       PUBLIC        RS
  B:0090H.4       PUBLIC        RW
  D:0098H         PUBLIC        SCON
  D:0088H         PUBLIC        TCON
  B:0090H.5       PUBLIC        E
  B:0080H.2       PUBLIC        CS1
  B:0090H.2       PUBLIC        CS2
  C:5390H         PUBLIC        _Wr_Data_L
  C:53C2H         PUBLIC        _Wr_Data_R
  C:53E6H         PUBLIC        _Delay_1ms
  D:00C8H         PUBLIC        T2CON
  C:5448H         PUBLIC        Lcm_Delay
  B:0090H.3       PUBLIC        RST
  D:00D0H         PUBLIC        PSW
  C:4A33H         PUBLIC        _Display_Graphic
  C:514BH         SYMBOL        Com003A
BL51 BANKED LINKER/LOCATER V6.22                                                      05/21/2015  22:39:41  PAGE 17


  C:514BH         SYMBOL        L?0059
  C:5151H         SYMBOL        L?0060
  C:515FH         SYMBOL        L?0061
  C:5164H         SYMBOL        L?0062
  C:5171H         SYMBOL        L?0063
  C:5174H         SYMBOL        L?0064
  C:5180H         SYMBOL        L?0067
  C:5189H         SYMBOL        L?0068
  -------         PROC          COM003A
  -------         ENDPROC       COM003A
  -------         PROC          _DELAY_1MS
  D:0006H         SYMBOL        x
  -------         DO            
  D:0005H         SYMBOL        j
  -------         ENDDO         
  C:53E6H         LINE#         6
  C:53E6H         LINE#         7
  C:53E6H         LINE#         9
  C:53F0H         LINE#         10
  C:53F0H         LINE#         11
  C:53F8H         LINE#         12
  C:53FBH         LINE#         13
  C:53FBH         LINE#         14
  -------         ENDPROC       _DELAY_1MS
  -------         PROC          LCM_DELAY
  -------         DO            
  D:0007H         SYMBOL        i
  -------         ENDDO         
  C:5448H         LINE#         16
  C:5448H         LINE#         17
  C:5448H         LINE#         19
  C:544AH         LINE#         20
  C:544AH         LINE#         21
  C:544BH         LINE#         22
  C:544CH         LINE#         23
  C:544DH         LINE#         24
  C:544EH         LINE#         25
  C:544FH         LINE#         26
  C:5450H         LINE#         27
  C:5451H         LINE#         28
  C:5452H         LINE#         29
  C:5457H         LINE#         32
  -------         ENDPROC       LCM_DELAY
  -------         PROC          L?0065
  -------         ENDPROC       L?0065
  -------         PROC          _WR_DATA_L
  D:0007H         SYMBOL        wrdata
  C:5390H         LINE#         33
  C:5390H         LINE#         34
  C:5390H         LINE#         35
  C:5392H         LINE#         36
  C:5394H         LINE#         37
  C:5396H         LINE#         38
  C:5398H         LINE#         39
  C:5398H         LINE#         40
  C:5398H         LINE#         41
  C:5398H         LINE#         42
BL51 BANKED LINKER/LOCATER V6.22                                                      05/21/2015  22:39:41  PAGE 18


  C:5398H         LINE#         43
  C:5398H         LINE#         44
  C:539BH         LINE#         45
  -------         ENDPROC       _WR_DATA_L
  -------         PROC          L?0066
  -------         ENDPROC       L?0066
  -------         PROC          _WR_DATA_R
  D:0007H         SYMBOL        wrdata
  C:53C2H         LINE#         48
  C:53C2H         LINE#         49
  C:53C2H         LINE#         50
  C:53C4H         LINE#         51
  C:53C6H         LINE#         52
  C:53C8H         LINE#         53
  C:53CAH         LINE#         54
  C:53CAH         LINE#         55
  C:53CAH         LINE#         56
  C:53CAH         LINE#         57
  C:53CAH         LINE#         58
  C:53CAH         LINE#         59
  C:53CDH         LINE#         60
  -------         ENDPROC       _WR_DATA_R
  -------         PROC          _WR_COMMAND_L
  D:0006H         SYMBOL        wrcommand
  C:000EH         LINE#         63
  C:0010H         LINE#         64
  C:0010H         LINE#         65
  C:0013H         LINE#         66
  C:0015H         LINE#         67
  C:0017H         LINE#         68
  C:0017H         LINE#         69
  C:0017H         LINE#         70
  C:0017H         LINE#         71
  C:0017H         LINE#         72
  C:0017H         LINE#         73
  C:0017H         LINE#         74
  C:0017H         LINE#         75
  C:001AH         LINE#         76
  -------         ENDPROC       _WR_COMMAND_L
  -------         PROC          _WR_COMMAND_R
  D:0006H         SYMBOL        wrcommand
  C:5477H         LINE#         79
  C:5479H         LINE#         80
  C:5479H         LINE#         81
  C:547CH         LINE#         82
  C:547EH         LINE#         83
  C:5480H         LINE#         84
  C:5480H         LINE#         85
  C:5480H         LINE#         86
  C:5480H         LINE#         87
  C:5480H         LINE#         88
  C:5480H         LINE#         89
  C:5480H         LINE#         90
  C:5480H         LINE#         91
  C:5483H         LINE#         92
  -------         ENDPROC       _WR_COMMAND_R
  -------         PROC          _DISPLAY_GRAPHIC
BL51 BANKED LINKER/LOCATER V6.22                                                      05/21/2015  22:39:41  PAGE 19


  X:0064H         SYMBOL        pos_x
  D:0005H         SYMBOL        pos_y
  X:0066H         SYMBOL        length
  X:0067H         SYMBOL        width
  X:0068H         SYMBOL        graphic
  B:0020H.0       SYMBOL        reverse
  -------         DO            
  X:006BH         SYMBOL        page
  D:0005H         SYMBOL        address
  X:006CH         SYMBOL        disp_data
  D:0004H         SYMBOL        i
  -------         ENDDO         
  C:4A33H         LINE#         102
  C:4A3DH         LINE#         103
  C:4A3DH         LINE#         105
  C:4A61H         LINE#         108
  C:4A68H         LINE#         109
  C:4A6AH         LINE#         110
  C:4A7BH         LINE#         111
  C:4A7BH         LINE#         112
  C:4A8EH         LINE#         113
  C:4A8EH         LINE#         114
  C:4A9BH         LINE#         115
  C:4AA1H         LINE#         117
  C:4AA8H         LINE#         118
  C:4AB0H         LINE#         119
  C:4AB0H         LINE#         120
  C:4AB3H         LINE#         121
  C:4AB6H         LINE#         122
  C:4AB6H         LINE#         123
  C:4AB9H         LINE#         124
  C:4ABBH         LINE#         126
  C:4ABBH         LINE#         127
  C:4ABEH         LINE#         128
  C:4AC1H         LINE#         129
  C:4AC1H         LINE#         130
  C:4AC4H         LINE#         131
  C:4AC4H         LINE#         132
  C:4AC7H         LINE#         133
  C:4ACCH         LINE#         134
  C:4AD2H         LINE#         135
  C:4AD5H         LINE#         136
  -------         ENDPROC       _DISPLAY_GRAPHIC
  -------         PROC          _CLEAN_DISPLAY
  D:0004H         SYMBOL        pos_x
  X:005FH         SYMBOL        pos_y
  X:0060H         SYMBOL        length
  X:0061H         SYMBOL        width
  B:0020H.0       SYMBOL        reverse
  -------         DO            
  D:0005H         SYMBOL        page
  D:0003H         SYMBOL        address
  D:0001H         SYMBOL        disp_data
  D:0002H         SYMBOL        i
  -------         ENDDO         
  C:4C14H         LINE#         146
  C:4C1EH         LINE#         147
BL51 BANKED LINKER/LOCATER V6.22                                                      05/21/2015  22:39:41  PAGE 20


  C:4C1EH         LINE#         149
  C:4C41H         LINE#         152
  C:4C48H         LINE#         153
  C:4C4AH         LINE#         154
  C:4C5BH         LINE#         155
  C:4C5BH         LINE#         156
  C:4C69H         LINE#         157
  C:4C69H         LINE#         158
  C:4C6CH         LINE#         159
  C:4C70H         LINE#         161
  C:4C72H         LINE#         162
  C:4C7AH         LINE#         163
  C:4C7AH         LINE#         164
  C:4C7DH         LINE#         165
  C:4C82H         LINE#         166
  C:4C89H         LINE#         167
  C:4C8EH         LINE#         168
  C:4C90H         LINE#         170
  C:4C90H         LINE#         171
  C:4C93H         LINE#         172
  C:4C98H         LINE#         173
  C:4C9DH         LINE#         174
  C:4CA2H         LINE#         175
  C:4CA2H         LINE#         176
  C:4CA5H         LINE#         177
  C:4CA7H         LINE#         178
  C:4CA8H         LINE#         179
  C:4CABH         LINE#         180
  -------         ENDPROC       _CLEAN_DISPLAY
  -------         PROC          _DISPLAY_ONECHAR
  D:0001H         SYMBOL        pos_x
  D:0005H         SYMBOL        pos_y
  X:0064H         SYMBOL        Onechar
  B:0020H.0       SYMBOL        reverse
  -------         DO            
  X:0065H         SYMBOL        page
  D:0005H         SYMBOL        address
  X:0066H         SYMBOL        disp_data
  D:0004H         SYMBOL        i
  X:0067H         SYMBOL        k
  -------         ENDDO         
  C:4AD6H         LINE#         185
  C:4ADDH         LINE#         186
  C:4ADDH         LINE#         188
  C:4AF9H         LINE#         191
  C:4B00H         LINE#         192
  C:4B02H         LINE#         194
  C:4B04H         LINE#         195
  C:4B04H         LINE#         196
  C:4B09H         LINE#         197
  C:4B11H         LINE#         198
  C:4B11H         LINE#         199
  C:4B38H         LINE#         200
  C:4B3EH         LINE#         202
  C:4B45H         LINE#         203
  C:4B4DH         LINE#         204
  C:4B4DH         LINE#         205
BL51 BANKED LINKER/LOCATER V6.22                                                      05/21/2015  22:39:41  PAGE 21


  C:4B50H         LINE#         206
  C:4B53H         LINE#         207
  C:4B53H         LINE#         208
  C:4B56H         LINE#         209
  C:4B58H         LINE#         211
  C:4B58H         LINE#         212
  C:4B5BH         LINE#         213
  C:4B5EH         LINE#         214
  C:4B5EH         LINE#         215
  C:4B61H         LINE#         216
  C:4B61H         LINE#         217
  C:4B67H         LINE#         218
  C:4B6AH         LINE#         219
  C:4B6CH         LINE#         220
  C:4B72H         LINE#         221
  C:4B78H         LINE#         222
  -------         ENDPROC       _DISPLAY_ONECHAR
  -------         PROC          LCM_INIT
  C:50B1H         LINE#         228
  C:50B1H         LINE#         229
  C:50B1H         LINE#         230
  C:50B8H         LINE#         232
  C:50BAH         LINE#         233
  C:50BDH         LINE#         234
  C:50BFH         LINE#         236
  C:50C4H         LINE#         237
  C:50C9H         LINE#         239
  C:50CEH         LINE#         240
  C:50D3H         LINE#         242
  C:50D8H         LINE#         243
  C:50DDH         LINE#         245
  C:50E2H         LINE#         246
  C:50E7H         LINE#         248
  C:50ECH         LINE#         249
  C:50F1H         LINE#         251
  -------         ENDPROC       LCM_INIT
  -------         ENDMOD        LCD12864

  -------         MODULE        ZIKU
  C:0000H         SYMBOL        _ICE_DUMMY_
  C:04B6H         PUBLIC        font_41
  C:0316H         PUBLIC        font_23
  C:01F6H         PUBLIC        font_14
  C:00D6H         PUBLIC        font_05
  C:04D6H         PUBLIC        font_42
  C:0336H         PUBLIC        font_24
  C:0216H         PUBLIC        font_15
  C:00F6H         PUBLIC        font_06
  C:0356H         PUBLIC        font_25
  C:0236H         PUBLIC        font_16
  C:0116H         PUBLIC        font_07
  C:0376H         PUBLIC        font_26
  C:0256H         PUBLIC        font_17
  C:0136H         PUBLIC        font_08
  C:0396H         PUBLIC        font_27
  C:0276H         PUBLIC        font_18
  C:0156H         PUBLIC        font_09
BL51 BANKED LINKER/LOCATER V6.22                                                      05/21/2015  22:39:41  PAGE 22


  C:0696H         PUBLIC        nAsciiDot
  C:03B6H         PUBLIC        font_28
  C:0296H         PUBLIC        font_19
  C:0456H         PUBLIC        font_38
  C:03D6H         PUBLIC        font_29
  C:0476H         PUBLIC        font_39
  C:0656H         PUBLIC        kuang
  C:0676H         PUBLIC        biao
  C:0636H         PUBLIC        gong
  C:0596H         PUBLIC        chun
  C:0436H         PUBLIC        qing
  C:0536H         PUBLIC        jia
  C:05F6H         PUBLIC        lei
  C:0576H         PUBLIC        zong
  C:0556H         PUBLIC        wan
  C:05B6H         PUBLIC        hun
  C:05D6H         PUBLIC        he
  C:0616H         PUBLIC        xin
  C:0516H         PUBLIC        er
  C:04F6H         PUBLIC        yi
  C:0036H         PUBLIC        font_00
  C:0176H         PUBLIC        font_10
  C:0056H         PUBLIC        font_01
  C:02B6H         PUBLIC        font_20
  C:0196H         PUBLIC        font_11
  C:0076H         PUBLIC        font_02
  C:03F6H         PUBLIC        font_30
  C:02D6H         PUBLIC        font_21
  C:01B6H         PUBLIC        font_12
  C:0096H         PUBLIC        font_03
  C:0496H         PUBLIC        font_40
  C:0416H         PUBLIC        font_31
  C:02F6H         PUBLIC        font_22
  C:01D6H         PUBLIC        font_13
  C:00B6H         PUBLIC        font_04
  -------         ENDMOD        ZIKU

  -------         MODULE        DISPLAY
  C:0000H         SYMBOL        _ICE_DUMMY_
  D:0080H         PUBLIC        P0
  C:2A6BH         PUBLIC        read_Maxout
  D:0090H         PUBLIC        P1
  D:00B0H         PUBLIC        P3
  C:3000H         PUBLIC        display_WindSpeedZero
  C:24FCH         PUBLIC        _mian1_num
  C:5437H         PUBLIC        return_Main
  D:00A8H         PUBLIC        IE
  C:530AH         PUBLIC        _delay
  C:3800H         PUBLIC        _read_senser
  B:00D8H.6       PUBLIC        CR
  D:00B8H         PUBLIC        IP
  C:4CACH         PUBLIC        display_Preassure
  C:4800H         PUBLIC        mian1_chinese
  C:4218H         PUBLIC        mian2_chinese
  C:3CDCH         PUBLIC        display_uint
  D:00D8H         PUBLIC        CCON
  C:3DF7H         PUBLIC        display_workchang
BL51 BANKED LINKER/LOCATER V6.22                                                      05/21/2015  22:39:41  PAGE 23


  B:00B0H.7       PUBLIC        OUT2
  C:3505H         PUBLIC        display_ZKSet
  C:2E72H         PUBLIC        _display_sum
  D:0098H         PUBLIC        SCON
  D:0088H         PUBLIC        TCON
  C:3695H         PUBLIC        _disylay_mun
  C:4FA3H         PUBLIC        _display_stringChinese
  C:51D7H         PUBLIC        key_delay
  C:31BDH         PUBLIC        display_MaxOut
  C:27C4H         SYMBOL        _?ix1000
  C:27CAH         SYMBOL        _?ix1001
  C:280AH         SYMBOL        _?ix1002
  C:2819H         SYMBOL        _?ix1003
  C:2876H         SYMBOL        _?ix1004
  C:2885H         SYMBOL        _?ix1005
  C:2894H         SYMBOL        _?ix1006
  C:28A3H         SYMBOL        _?ix1007
  C:28B2H         SYMBOL        _?ix1008
  C:2C83H         PUBLIC        display_Range
  C:2A07H         SYMBOL        _?ix1009
  C:1F28H         PUBLIC        display_Area
  C:48C4H         PUBLIC        display_Renew
  C:3F12H         PUBLIC        display_Main
  B:00A8H.6       PUBLIC        EPCAI
  C:4DC6H         PUBLIC        display_WindSpeed
  D:00C8H         PUBLIC        T2CON
  C:4510H         PUBLIC        display_Rate
  C:410EH         PUBLIC        _display_Protect1
  C:336EH         PUBLIC        display_WindSpeedRate
  C:525AH         PUBLIC        _display_stringChar
  D:00D0H         PUBLIC        PSW
  C:14ACH         SYMBOL        Com0165
  C:14ACH         SYMBOL        L?0358
  C:14F0H         SYMBOL        L?0359
  C:14F5H         SYMBOL        L?0360
  C:1501H         SYMBOL        L?0361
  C:1501H         SYMBOL        L?0362
  C:150CH         SYMBOL        L?0363
  C:1518H         SYMBOL        L?0364
  C:151CH         SYMBOL        L?0365
  C:151DH         SYMBOL        L?0366
  C:152BH         SYMBOL        L?0367
  C:152BH         SYMBOL        L?0368
  C:1534H         SYMBOL        L?0369
  C:1539H         SYMBOL        L?0370
  C:1542H         SYMBOL        L?0372
  C:1542H         SYMBOL        L?0373
  C:1562H         SYMBOL        L?0374
  C:156BH         SYMBOL        L?0375
  C:156BH         SYMBOL        L?0376
  C:156CH         SYMBOL        L?0377
  C:1573H         SYMBOL        L?0378
  C:1573H         SYMBOL        L?0379
  C:1576H         SYMBOL        L?0380
  C:157FH         SYMBOL        L?0381
  C:157FH         SYMBOL        L?0382
  C:1582H         SYMBOL        L?0383
BL51 BANKED LINKER/LOCATER V6.22                                                      05/21/2015  22:39:41  PAGE 24


  C:1585H         SYMBOL        L?0384
  C:158DH         SYMBOL        L?0385
  C:159AH         SYMBOL        L?0386
  C:159AH         SYMBOL        L?0387
  C:159DH         SYMBOL        L?0388
  C:15A6H         SYMBOL        L?0389
  C:15A6H         SYMBOL        L?0390
  C:15B4H         SYMBOL        L?0391
  C:15B8H         SYMBOL        L?0392
  C:15BFH         SYMBOL        L?0393
  C:15BFH         SYMBOL        L?0394
  C:15CAH         SYMBOL        L?0395
  C:15CCH         SYMBOL        L?0396
  C:15D9H         SYMBOL        L?0397
  C:15D9H         SYMBOL        L?0398
  C:15E5H         SYMBOL        L?0399
  C:15E5H         SYMBOL        L?0400
  C:15F3H         SYMBOL        L?0401
  C:15F3H         SYMBOL        L?0402
  C:15FEH         SYMBOL        L?0403
  C:15FEH         SYMBOL        L?0404
  C:1604H         SYMBOL        L?0406
  C:1606H         SYMBOL        L?0407
  C:160AH         SYMBOL        L?0408
  C:1611H         SYMBOL        L?0409
  C:1611H         SYMBOL        L?0410
  C:1618H         SYMBOL        L?0411
  C:1618H         SYMBOL        L?0412
  C:161FH         SYMBOL        L?0413
  C:1626H         SYMBOL        L?0418
  C:162AH         SYMBOL        L?0419
  C:1635H         SYMBOL        L?0420
  C:1644H         SYMBOL        L?0421
  C:164AH         SYMBOL        L?0422
  C:164CH         SYMBOL        L?0423
  C:164EH         SYMBOL        L?0424
  C:1655H         SYMBOL        L?0425
  C:1655H         SYMBOL        L?0426
  C:1661H         SYMBOL        L?0427
  C:1661H         SYMBOL        L?0428
  C:166AH         SYMBOL        L?0430
  C:166AH         SYMBOL        L?0431
  C:1675H         SYMBOL        L?0432
  C:167BH         SYMBOL        L?0433
  C:1684H         SYMBOL        L?0436
  C:1686H         SYMBOL        L?0437
  C:1693H         SYMBOL        L?0439
  C:1693H         SYMBOL        L?0440
  C:1694H         SYMBOL        L?0441
  C:169BH         SYMBOL        L?0443
  C:169BH         SYMBOL        L?0444
  C:16A6H         SYMBOL        L?0445
  C:16B8H         SYMBOL        L?0446
  C:16C1H         SYMBOL        L?0447
  C:16C6H         SYMBOL        L?0448
  C:16CEH         SYMBOL        L?0450
  C:16CEH         SYMBOL        L?0451
BL51 BANKED LINKER/LOCATER V6.22                                                      05/21/2015  22:39:41  PAGE 25


  C:16D5H         SYMBOL        L?0452
  C:16D5H         SYMBOL        L?0453
  C:16DFH         SYMBOL        L?0456
  C:16EDH         SYMBOL        L?0457
  C:16FBH         SYMBOL        L?0460
  C:1704H         SYMBOL        L?0461
  C:1704H         SYMBOL        L?0462
  C:170DH         SYMBOL        L?0463
  C:1711H         SYMBOL        L?0464
  C:1717H         SYMBOL        L?0465
  C:171BH         SYMBOL        L?0466
  C:1722H         SYMBOL        L?0467
  C:172AH         SYMBOL        L?0468
  C:1737H         SYMBOL        L?0469
  C:1744H         SYMBOL        L?0470
  C:1751H         SYMBOL        L?0471
  C:175EH         SYMBOL        L?0472
  C:1765H         SYMBOL        L?0475
  C:1771H         SYMBOL        L?0476
  C:177DH         SYMBOL        L?0477
  C:1789H         SYMBOL        L?0478
  C:1795H         SYMBOL        L?0479
  C:17A1H         SYMBOL        L?0480
  C:17ADH         SYMBOL        L?0483
  C:17B8H         SYMBOL        L?0484
  C:17B9H         SYMBOL        L?0485
  C:17C0H         SYMBOL        L?0487
  C:17CAH         SYMBOL        L?0488
  -------         PROC          COM0165
  -------         ENDPROC       COM0165
  -------         PROC          _DELAY
  D:0006H         SYMBOL        x
  -------         DO            
  D:0006H         SYMBOL        y
  D:0004H         SYMBOL        z
  -------         ENDDO         
  C:530AH         LINE#         24
  C:530AH         LINE#         25
  C:530AH         LINE#         27
  C:5315H         LINE#         28
  C:5315H         LINE#         29
  C:5319H         LINE#         30
  C:5319H         LINE#         31
  C:5322H         LINE#         32
  C:5329H         LINE#         33
  -------         ENDPROC       _DELAY
  -------         PROC          KEY_DELAY
  -------         DO            
  X:00D9H         SYMBOL        num
  -------         ENDDO         
  C:51D7H         LINE#         35
  C:51D7H         LINE#         36
  C:51D7H         LINE#         38
  C:51DDH         LINE#         39
  C:51DDH         LINE#         40
  C:51E3H         LINE#         41
  C:51EBH         LINE#         42
BL51 BANKED LINKER/LOCATER V6.22                                                      05/21/2015  22:39:41  PAGE 26


  C:51EBH         LINE#         43
  C:51EEH         LINE#         44
  C:51EEH         LINE#         45
  C:51F3H         LINE#         46
  C:51F3H         LINE#         47
  C:51F7H         LINE#         48
  C:51F9H         LINE#         50
  C:51F9H         LINE#         51
  C:5200H         LINE#         52
  C:5200H         LINE#         53
  C:5202H         LINE#         55
  C:5202H         LINE#         56
  C:5207H         LINE#         57
  C:5207H         LINE#         58
  C:520CH         LINE#         59
  C:520CH         LINE#         60
  C:5210H         LINE#         61
  C:5212H         LINE#         63
  C:5212H         LINE#         64
  C:5219H         LINE#         65
  C:5219H         LINE#         66
  -------         ENDPROC       KEY_DELAY
  -------         PROC          RETURN_MAIN
  C:5437H         LINE#         68
  C:5437H         LINE#         69
  C:5437H         LINE#         70
  C:543DH         LINE#         71
  C:543DH         LINE#         72
  C:5442H         LINE#         73
  C:5445H         LINE#         74
  C:5445H         LINE#         76
  C:5445H         LINE#         77
  C:5447H         LINE#         78
  C:5447H         LINE#         79
  -------         ENDPROC       RETURN_MAIN
  C:3794H         SYMBOL        L?0371
  -------         PROC          _DISYLAY_MUN
  X:0016H         SYMBOL        num
  X:0018H         SYMBOL        point
  X:0019H         SYMBOL        start_x
  X:001AH         SYMBOL        start_y
  -------         DO            
  X:001BH         SYMBOL        temp_num
  X:0020H         SYMBOL        temp
  D:0007H         SYMBOL        i
  D:0003H         SYMBOL        j
  -------         ENDDO         
  C:3695H         LINE#         80
  C:36A3H         LINE#         81
  C:36A3H         LINE#         83
  C:36B0H         LINE#         84
  C:36B2H         LINE#         85
  C:36BCH         LINE#         86
  C:36CAH         LINE#         87
  C:36DAH         LINE#         88
  C:36E8H         LINE#         89
  C:36F4H         LINE#         90
BL51 BANKED LINKER/LOCATER V6.22                                                      05/21/2015  22:39:41  PAGE 27


  C:3712H         LINE#         91
  C:3714H         LINE#         92
  C:3714H         LINE#         93
  C:371AH         LINE#         94
  C:371AH         LINE#         95
  C:372BH         LINE#         96
  C:372CH         LINE#         97
  C:372CH         LINE#         98
  C:3731H         LINE#         99
  C:3746H         LINE#         100
  C:3746H         LINE#         101
  C:374DH         LINE#         102
  C:374DH         LINE#         103
  C:3753H         LINE#         104
  C:3753H         LINE#         106
  C:3753H         LINE#         107
  C:3753H         LINE#         108
  C:3753H         LINE#         109
  C:3756H         LINE#         110
  C:3765H         LINE#         111
  C:3765H         LINE#         112
  C:3765H         LINE#         113
  C:3765H         LINE#         114
  C:3765H         LINE#         115
  C:3765H         LINE#         116
  C:3775H         LINE#         117
  C:3781H         LINE#         118
  C:3783H         LINE#         120
  C:3783H         LINE#         121
  C:3783H         LINE#         122
  C:3783H         LINE#         123
  C:3783H         LINE#         124
  C:3783H         LINE#         125
  C:3793H         LINE#         126
  C:3793H         LINE#         127
  -------         ENDPROC       _DISYLAY_MUN
  -------         PROC          _DISPLAY_STRINGCHAR
  X:005EH         SYMBOL        start_x
  X:005FH         SYMBOL        start_y
  X:0060H         SYMBOL        s
  -------         DO            
  X:0063H         SYMBOL        i
  -------         ENDDO         
  C:525AH         LINE#         129
  C:5260H         LINE#         130
  C:5260H         LINE#         131
  C:5263H         LINE#         132
  C:526FH         LINE#         133
  C:526FH         LINE#         134
  C:5281H         LINE#         135
  C:5287H         LINE#         136
  C:5291H         LINE#         137
  C:5293H         LINE#         138
  -------         ENDPROC       _DISPLAY_STRINGCHAR
  -------         PROC          _DISPLAY_STRINGCHINESE
  X:005EH         SYMBOL        start_x
  X:005FH         SYMBOL        start_y
BL51 BANKED LINKER/LOCATER V6.22                                                      05/21/2015  22:39:41  PAGE 28


  X:0060H         SYMBOL        s
  -------         DO            
  X:0063H         SYMBOL        i
  -------         ENDDO         
  C:4FA3H         LINE#         140
  C:4FA9H         LINE#         141
  C:4FA9H         LINE#         142
  C:4FACH         LINE#         143
  C:4FB7H         LINE#         144
  C:4FB7H         LINE#         145
  C:4FE4H         LINE#         146
  C:4FEEH         LINE#         147
  C:4FF6H         LINE#         148
  -------         ENDPROC       _DISPLAY_STRINGCHINESE
  -------         PROC          _DISPLAY_SUM
  X:0013H         SYMBOL        sum
  X:0017H         SYMBOL        start_x
  X:0018H         SYMBOL        start_y
  -------         DO            
  X:0019H         SYMBOL        temp
  X:0022H         SYMBOL        i
  -------         ENDDO         
  C:2E72H         LINE#         150
  C:2E78H         LINE#         151
  C:2E78H         LINE#         152
  C:2E85H         LINE#         154
  C:2E99H         LINE#         155
  C:2E99H         LINE#         156
  C:2EA3H         LINE#         157
  C:2EA3H         LINE#         158
  C:2EB0H         LINE#         159
  C:2EC8H         LINE#         160
  C:2EE8H         LINE#         161
  C:2F08H         LINE#         162
  C:2F25H         LINE#         163
  C:2F41H         LINE#         164
  C:2F5AH         LINE#         165
  C:2F72H         LINE#         166
  C:2F88H         LINE#         168
  C:2F97H         LINE#         169
  C:2F97H         LINE#         170
  C:2FA3H         LINE#         171
  C:2FA3H         LINE#         172
  C:2FA9H         LINE#         173
  C:2FA9H         LINE#         175
  C:2FA9H         LINE#         176
  C:2FA9H         LINE#         177
  C:2FA9H         LINE#         178
  C:2FB1H         LINE#         179
  C:2FB6H         LINE#         180
  C:2FB6H         LINE#         181
  C:2FDAH         LINE#         182
  C:2FE8H         LINE#         183
  -------         ENDPROC       _DISPLAY_SUM
  -------         PROC          _READ_SENSER
  X:0014H         SYMBOL        p_flux
  X:0017H         SYMBOL        p_pase
BL51 BANKED LINKER/LOCATER V6.22                                                      05/21/2015  22:39:41  PAGE 29


  X:001AH         SYMBOL        ch4
  X:001EH         SYMBOL        tmpter
  -------         DO            
  X:0021H         SYMBOL        ch4_temp
  X:0025H         SYMBOL        temp
  -------         ENDDO         
  C:3800H         LINE#         185
  C:3806H         LINE#         186
  C:3806H         LINE#         188
  C:3810H         LINE#         190
  C:3819H         LINE#         191
  C:3827H         LINE#         192
  C:3827H         LINE#         193
  C:3831H         LINE#         194
  C:3831H         LINE#         195
  C:3843H         LINE#         196
  C:384CH         LINE#         203
  C:3854H         LINE#         204
  C:3854H         LINE#         205
  C:385EH         LINE#         206
  C:385EH         LINE#         207
  C:386AH         LINE#         208
  C:386CH         LINE#         210
  C:386CH         LINE#         211
  C:38BCH         LINE#         212
  C:38BCH         LINE#         213
  C:38D1H         LINE#         214
  C:38D1H         LINE#         215
  C:38D4H         LINE#         216
  C:38D4H         LINE#         217
  C:38D6H         LINE#         219
  C:38D6H         LINE#         220
  C:38E0H         LINE#         221
  C:38E0H         LINE#         222
  C:38F3H         LINE#         223
  C:38F5H         LINE#         225
  C:38F5H         LINE#         226
  C:394FH         LINE#         227
  C:394FH         LINE#         228
  C:395FH         LINE#         229
  C:395FH         LINE#         230
  C:396BH         LINE#         231
  C:396BH         LINE#         232
  C:396BH         LINE#         233
  -------         ENDPROC       _READ_SENSER
  -------         PROC          READ_MAXOUT
  -------         DO            
  X:0016H         SYMBOL        p_flux
  X:001AH         SYMBOL        p_pase
  X:001EH         SYMBOL        ch4
  X:00DAH         SYMBOL        flag
  X:00DBH         SYMBOL        flag1
  X:0022H         SYMBOL        temper
  -------         ENDDO         
  C:2A6BH         LINE#         237
  C:2A6BH         LINE#         238
  C:2A6BH         LINE#         246
BL51 BANKED LINKER/LOCATER V6.22                                                      05/21/2015  22:39:41  PAGE 30


  C:2A77H         LINE#         247
  C:2A77H         LINE#         248
  C:2A81H         LINE#         249
  C:2A81H         LINE#         250
  C:2A84H         LINE#         251
  C:2A84H         LINE#         252
  C:2A8AH         LINE#         253
  C:2A8CH         LINE#         254
  C:2A92H         LINE#         255
  C:2A92H         LINE#         256
  C:2A97H         LINE#         257
  C:2A97H         LINE#         260
  C:2AA9H         LINE#         261
  C:2AA9H         LINE#         262
  C:2AABH         LINE#         263
  C:2AB1H         LINE#         264
  C:2ABFH         LINE#         265
  C:2ABFH         LINE#         266
  C:2AC9H         LINE#         267
  C:2AC9H         LINE#         268
  C:2AD8H         LINE#         269
  C:2AFAH         LINE#         271
  C:2B05H         LINE#         272
  C:2B05H         LINE#         273
  C:2B0EH         LINE#         274
  C:2B55H         LINE#         275
  C:2B89H         LINE#         276
  C:2B8BH         LINE#         278
  C:2B8BH         LINE#         279
  C:2BA7H         LINE#         280
  C:2C01H         LINE#         281
  C:2C74H         LINE#         282
  C:2C74H         LINE#         283
  C:2C74H         LINE#         284
  C:2C7DH         LINE#         285
  C:2C7DH         LINE#         286
  C:2C82H         LINE#         287
  C:2C82H         LINE#         288
  -------         ENDPROC       READ_MAXOUT
  C:4D2FH         SYMBOL        L?0486
  -------         PROC          DISPLAY_PREASSURE
  -------         DO            
  D:0007H         SYMBOL        key_num
  X:0000H         SYMBOL        preassure
  C:27D3H         SYMBOL        chinese
  C:27E2H         SYMBOL        arr
  X:0002H         SYMBOL        flag
  -------         ENDDO         
  C:4CACH         LINE#         292
  C:4CACH         LINE#         293
  C:4CACH         LINE#         298
  C:4CB0H         LINE#         299
  C:4CB8H         LINE#         300
  C:4CC4H         LINE#         301
  C:4CCEH         LINE#         302
  C:4CDDH         LINE#         304
  C:4CDDH         LINE#         305
BL51 BANKED LINKER/LOCATER V6.22                                                      05/21/2015  22:39:41  PAGE 31


  C:4CDDH         LINE#         306
  C:4CE7H         LINE#         307
  C:4CE7H         LINE#         308
  C:4CEAH         LINE#         309
  C:4CEAH         LINE#         310
  C:4CEDH         LINE#         311
  C:4CF1H         LINE#         312
  C:4CF1H         LINE#         313
  C:4CF4H         LINE#         314
  C:4CF7H         LINE#         315
  C:4CFAH         LINE#         316
  C:4CFDH         LINE#         317
  C:4CFDH         LINE#         319
  C:4D08H         LINE#         320
  C:4D08H         LINE#         321
  C:4D0DH         LINE#         322
  C:4D10H         LINE#         323
  C:4D17H         LINE#         324
  C:4D19H         LINE#         325
  C:4D1EH         LINE#         326
  C:4D1EH         LINE#         327
  C:4D23H         LINE#         328
  C:4D23H         LINE#         330
  C:4D26H         LINE#         331
  C:4D2CH         LINE#         332
  C:4D2CH         LINE#         333
  C:4D2EH         LINE#         334
  C:4D2EH         LINE#         335
  C:4D2EH         LINE#         336
  C:4D2EH         LINE#         337
  -------         ENDPROC       DISPLAY_PREASSURE
  C:1FDCH         SYMBOL        L?0405
  -------         PROC          DISPLAY_AREA
  -------         DO            
  X:0000H         SYMBOL        key_num
  X:0001H         SYMBOL        area
  X:0003H         SYMBOL        temp_area
  C:27E5H         SYMBOL        chinese
  C:27F7H         SYMBOL        chinese2
  C:2806H         SYMBOL        arr
  -------         ENDDO         
  C:1F28H         LINE#         339
  C:1F28H         LINE#         340
  C:1F28H         LINE#         347
  C:1F33H         LINE#         348
  C:1F39H         LINE#         349
  C:1F39H         LINE#         350
  C:1F39H         LINE#         351
  C:1F43H         LINE#         352
  C:1F43H         LINE#         353
  C:1F43H         LINE#         354
  C:1F4DH         LINE#         355
  C:1F50H         LINE#         356
  C:1F58H         LINE#         357
  C:1F5BH         LINE#         358
  C:1F5BH         LINE#         359
  C:1F5EH         LINE#         360
BL51 BANKED LINKER/LOCATER V6.22                                                      05/21/2015  22:39:41  PAGE 32


  C:1F61H         LINE#         361
  C:1F64H         LINE#         362
  C:1F67H         LINE#         363
  C:1F67H         LINE#         364
  C:1F7DH         LINE#         365
  C:1F85H         LINE#         366
  C:1F85H         LINE#         367
  C:1F88H         LINE#         368
  C:1F92H         LINE#         369
  C:1F98H         LINE#         370
  C:1FA6H         LINE#         371
  C:1FA6H         LINE#         372
  C:1FB6H         LINE#         373
  C:1FB9H         LINE#         374
  C:1FBBH         LINE#         376
  C:1FBBH         LINE#         377
  C:1FBEH         LINE#         378
  C:1FBEH         LINE#         379
  C:1FC4H         LINE#         380
  C:1FC4H         LINE#         381
  C:1FC4H         LINE#         382
  C:1FCEH         LINE#         383
  C:1FCEH         LINE#         384
  C:1FD1H         LINE#         385
  C:1FD9H         LINE#         386
  C:1FD9H         LINE#         387
  C:1FDBH         LINE#         388
  C:1FDBH         LINE#         390
  C:1FDBH         LINE#         391
  -------         ENDPROC       DISPLAY_AREA
  C:48AEH         SYMBOL        L?0414
  C:48BCH         SYMBOL        L?0481
  -------         PROC          MIAN1_CHINESE
  -------         DO            
  X:0003H         SYMBOL        chineseWork
  X:0012H         SYMBOL        chineseStandar
  C:2828H         SYMBOL        chinesePase
  C:2837H         SYMBOL        chineseCH4
  C:2846H         SYMBOL        chineseTmp
  C:2855H         SYMBOL        arr
  C:2857H         SYMBOL        arrS
  C:285CH         SYMBOL        arrMin
  C:2863H         SYMBOL        arrKPa
  C:2867H         SYMBOL        arrch4
  C:2869H         SYMBOL        arrTmper
  -------         ENDDO         
  C:4800H         LINE#         393
  C:4800H         LINE#         394
  C:4800H         LINE#         395
  C:480BH         LINE#         396
  C:4816H         LINE#         414
  C:481FH         LINE#         415
  C:481FH         LINE#         416
  C:4823H         LINE#         417
  C:4825H         LINE#         419
  C:4825H         LINE#         420
  C:482FH         LINE#         421
BL51 BANKED LINKER/LOCATER V6.22                                                      05/21/2015  22:39:41  PAGE 33


  C:482FH         LINE#         423
  C:4837H         LINE#         424
  C:4837H         LINE#         425
  C:483EH         LINE#         426
  C:4840H         LINE#         428
  C:4840H         LINE#         429
  C:484BH         LINE#         430
  C:484BH         LINE#         431
  C:4855H         LINE#         432
  C:485EH         LINE#         433
  C:4860H         LINE#         434
  C:486EH         LINE#         436
  C:4877H         LINE#         437
  C:4879H         LINE#         438
  C:4887H         LINE#         441
  C:4894H         LINE#         442
  C:48A1H         LINE#         443
  C:48AEH         LINE#         444
  -------         ENDPROC       MIAN1_CHINESE
  C:27B8H         SYMBOL        L?0482
  -------         PROC          _MIAN1_NUM
  X:0003H         SYMBOL        i
  -------         DO            
  X:0004H         SYMBOL        pase
  X:0008H         SYMBOL        flux
  X:000CH         SYMBOL        ch4
  X:0010H         SYMBOL        tmper
  X:00DCH         SYMBOL        flux_sum
  X:00E0H         SYMBOL        flux_sum_old
  X:00E4H         SYMBOL        flux_num_1
  X:00E5H         SYMBOL        flux_num_2
  C:286CH         SYMBOL        arrERR
  C:2874H         SYMBOL        arr
  -------         ENDDO         
  C:24FCH         LINE#         446
  C:2501H         LINE#         447
  C:2501H         LINE#         460
  C:250AH         LINE#         461
  C:253BH         LINE#         462
  C:2553H         LINE#         465
  C:2565H         LINE#         466
  C:2565H         LINE#         467
  C:256AH         LINE#         468
  C:256CH         LINE#         469
  C:256EH         LINE#         470
  C:2570H         LINE#         471
  C:2572H         LINE#         473
  C:2572H         LINE#         474
  C:258AH         LINE#         475
  C:258CH         LINE#         476
  C:258EH         LINE#         477
  C:2597H         LINE#         478
  C:2597H         LINE#         481
  C:25BAH         LINE#         482
  C:25BAH         LINE#         483
  C:25D3H         LINE#         484
  C:25D5H         LINE#         486
BL51 BANKED LINKER/LOCATER V6.22                                                      05/21/2015  22:39:41  PAGE 34


  C:25D5H         LINE#         487
  C:25DAH         LINE#         488
  C:25DAH         LINE#         489
  C:25E0H         LINE#         490
  C:25E0H         LINE#         491
  C:25E6H         LINE#         492
  C:25FBH         LINE#         493
  C:25FBH         LINE#         494
  C:260DH         LINE#         495
  C:260DH         LINE#         497
  C:2614H         LINE#         498
  C:2614H         LINE#         499
  C:2620H         LINE#         500
  C:2622H         LINE#         502
  C:2622H         LINE#         503
  C:2627H         LINE#         504
  C:2639H         LINE#         505
  C:2645H         LINE#         506
  C:264FH         LINE#         507
  C:264FH         LINE#         508
  C:2655H         LINE#         509
  C:2664H         LINE#         510
  C:2664H         LINE#         511
  C:2669H         LINE#         512
  C:266DH         LINE#         513
  C:2675H         LINE#         514
  C:2675H         LINE#         515
  C:268DH         LINE#         516
  C:26AAH         LINE#         517
  C:26FBH         LINE#         518
  C:26FCH         LINE#         520
  C:26FCH         LINE#         521
  C:270CH         LINE#         522
  C:270CH         LINE#         523
  C:2715H         LINE#         524
  C:2715H         LINE#         525
  C:2723H         LINE#         526
  C:2723H         LINE#         527
  C:2738H         LINE#         528
  C:2738H         LINE#         529
  C:273AH         LINE#         531
  C:273AH         LINE#         532
  C:274FH         LINE#         533
  C:274FH         LINE#         534
  C:2759H         LINE#         535
  C:2759H         LINE#         536
  C:2771H         LINE#         537
  C:277BH         LINE#         538
  C:277BH         LINE#         539
  C:2795H         LINE#         540
  C:27B7H         LINE#         541
  C:27B7H         LINE#         542
  C:27B7H         LINE#         544
  C:27B7H         LINE#         546
  -------         ENDPROC       _MIAN1_NUM
  C:4301H         SYMBOL        L?0416
  C:4313H         SYMBOL        L?0458
BL51 BANKED LINKER/LOCATER V6.22                                                      05/21/2015  22:39:41  PAGE 35


  -------         PROC          MIAN2_CHINESE
  -------         DO            
  X:0013H         SYMBOL        chinese
  X:0022H         SYMBOL        chineseWork
  X:0031H         SYMBOL        chineseStandar
  X:0040H         SYMBOL        chineseStandar_cun
  X:004FH         SYMBOL        chineseClear
  C:28C1H         SYMBOL        arrOFF
  C:28C6H         SYMBOL        arrON
  C:28CBH         SYMBOL        arrm3
  C:28CEH         SYMBOL        arr
  -------         ENDDO         
  C:4218H         LINE#         548
  C:4218H         LINE#         549
  C:4218H         LINE#         551
  C:4227H         LINE#         552
  C:4236H         LINE#         553
  C:4245H         LINE#         554
  C:4254H         LINE#         555
  C:4263H         LINE#         561
  C:4269H         LINE#         562
  C:4275H         LINE#         563
  C:4282H         LINE#         564
  C:4289H         LINE#         565
  C:4289H         LINE#         566
  C:4290H         LINE#         567
  C:4292H         LINE#         568
  C:4298H         LINE#         569
  C:4298H         LINE#         570
  C:42A4H         LINE#         571
  C:42A6H         LINE#         573
  C:42A6H         LINE#         574
  C:42B0H         LINE#         575
  C:42B0H         LINE#         577
  C:42B9H         LINE#         578
  C:42BBH         LINE#         579
  C:42C5H         LINE#         582
  C:42CEH         LINE#         583
  C:42D0H         LINE#         584
  C:42DAH         LINE#         587
  C:42E7H         LINE#         588
  C:42F4H         LINE#         589
  C:4301H         LINE#         590
  -------         ENDPROC       MIAN2_CHINESE
  -------         PROC          DISPLAY_MAIN
  -------         DO            
  D:0007H         SYMBOL        key_num
  X:0000H         SYMBOL        flag
  X:0001H         SYMBOL        flag_ret1
  X:0002H         SYMBOL        flag_ret2
  -------         ENDDO         
  C:3F12H         LINE#         593
  C:3F12H         LINE#         594
  C:3F12H         LINE#         596
  C:3F17H         LINE#         597
  C:3F1AH         LINE#         598
  C:3F1CH         LINE#         599
BL51 BANKED LINKER/LOCATER V6.22                                                      05/21/2015  22:39:41  PAGE 36


  C:3F1FH         LINE#         600
  C:3F23H         LINE#         602
  C:3F23H         LINE#         603
  C:3F23H         LINE#         604
  C:3F2DH         LINE#         605
  C:3F2DH         LINE#         606
  C:3F30H         LINE#         607
  C:3F30H         LINE#         608
  C:3F33H         LINE#         609
  C:3F37H         LINE#         610
  C:3F37H         LINE#         611
  C:3F40H         LINE#         612
  C:3F40H         LINE#         613
  C:3F43H         LINE#         614
  C:3F45H         LINE#         616
  C:3F45H         LINE#         617
  C:3F48H         LINE#         618
  C:3F48H         LINE#         619
[...]
  C:17D8H         LINE#         42
  C:17E0H         LINE#         43
  C:17E0H         LINE#         44
  C:17E2H         LINE#         45
  C:17E5H         LINE#         46
  C:17E8H         LINE#         47
  C:17EBH         LINE#         48
  C:17EEH         LINE#         49
  C:17F0H         LINE#         50
  C:17F3H         LINE#         51
  C:17F9H         LINE#         52
  C:17FCH         LINE#         53
  C:17FEH         LINE#         54
  -------         ENDPROC       SPI_READBYTE
  -------         PROC          _MS4515DO_READ
  X:0055H         SYMBOL        p
  X:0058H         SYMBOL        temperature
  -------         DO            
  X:005BH         SYMBOL        error
  -------         ENDDO         
  C:4EBDH         LINE#         57
  C:4EC3H         LINE#         58
  C:4EC3H         LINE#         59
  C:4EC8H         LINE#         61
  C:4ECAH         LINE#         62
  C:4ECCH         LINE#         63
  C:4ED9H         LINE#         64
  C:4EE9H         LINE#         65
  C:4EF6H         LINE#         66
  C:4F06H         LINE#         67
  C:4F08H         LINE#         69
  C:4F1CH         LINE#         70
  C:4F1CH         LINE#         71
  C:4F22H         LINE#         72
  C:4F22H         LINE#         73
  C:4F2AH         LINE#         74
  C:4F2FH         LINE#         75
  -------         ENDPROC       _MS4515DO_READ
  -------         PROC          _DATA_READ
  X:004EH         SYMBOL        date
  -------         DO            
  X:0051H         SYMBOL        dat1
BL51 BANKED LINKER/LOCATER V6.22                                                      05/21/2015  22:39:41  PAGE 66


  D:0006H         SYMBOL        temp
  X:0053H         SYMBOL        temper
  -------         ENDDO         
  C:3BC0H         LINE#         77
  C:3BC6H         LINE#         78
  C:3BC6H         LINE#         82
  C:3BE5H         LINE#         83
  C:3BE5H         LINE#         84
  C:3BF6H         LINE#         85
  C:3BF6H         LINE#         86
  C:3BFDH         LINE#         87
  C:3BFDH         LINE#         88
  C:3C0EH         LINE#         89
  C:3C0EH         LINE#         90
  C:3C15H         LINE#         91
  C:3C15H         LINE#         92
  C:3C40H         LINE#         93
  C:3C53H         LINE#         94
  C:3C62H         LINE#         95
  C:3C77H         LINE#         96
  C:3C77H         LINE#         97
  C:3C81H         LINE#         98
  C:3C81H         LINE#         99
  C:3C93H         LINE#         100
  C:3C93H         LINE#         101
  C:3C9DH         LINE#         102
  C:3C9DH         LINE#         103
  C:3CB6H         LINE#         104
  C:3CDBH         LINE#         105
  C:3CDBH         LINE#         106
  -------         ENDPROC       _DATA_READ
  -------         PROC          DATE_SMOOTH
  -------         DO            
  X:00C8H         SYMBOL        pressre
  X:00D4H         SYMBOL        sum_old
  X:003DH         SYMBOL        ret
  X:0041H         SYMBOL        sum
  X:0045H         SYMBOL        j
  X:00D8H         SYMBOL        i
  X:0046H         SYMBOL        date1
  -------         ENDDO         
  C:441CH         LINE#         108
  C:441CH         LINE#         109
  C:441CH         LINE#         115
  C:4426H         LINE#         116
  C:442BH         LINE#         120
  C:4434H         LINE#         121
  C:445DH         LINE#         122
  C:4463H         LINE#         123
  C:4467H         LINE#         124
  C:4467H         LINE#         125
  C:4469H         LINE#         126
  C:4469H         LINE#         127
  C:446EH         LINE#         128
  C:446EH         LINE#         129
  C:449EH         LINE#         130
  C:44A8H         LINE#         132
BL51 BANKED LINKER/LOCATER V6.22                                                      05/21/2015  22:39:41  PAGE 67


  C:44BEH         LINE#         133
  C:4506H         LINE#         134
  C:450CH         LINE#         135
  C:450FH         LINE#         136
  -------         ENDPROC       DATE_SMOOTH
  -------         PROC          WID_SPEED
  -------         DO            
  X:0029H         SYMBOL        windSpeed
  X:002DH         SYMBOL        pressure
  X:002FH         SYMBOL        ch4
  X:0033H         SYMBOL        tmpter
  X:0037H         SYMBOL        p_pase
  X:003BH         SYMBOL        temp
  -------         ENDDO         
  C:396CH         LINE#         139
  C:396CH         LINE#         140
  C:396CH         LINE#         147
  C:3973H         LINE#         149
  C:3981H         LINE#         150
  C:398AH         LINE#         151
  C:399AH         LINE#         152
  C:399AH         LINE#         153
  C:39A4H         LINE#         154
  C:39A4H         LINE#         155
  C:39B3H         LINE#         158
  C:3A47H         LINE#         160
  C:3A62H         LINE#         161
  C:3A74H         LINE#         162
  C:3A87H         LINE#         163
  C:3A87H         LINE#         164
  C:3A91H         LINE#         165
  C:3A91H         LINE#         166
  C:3A97H         LINE#         167
  -------         ENDPROC       WID_SPEED
  -------         ENDMOD        SPD6000

  -------         MODULE        PWM
  C:0000H         SYMBOL        _ICE_DUMMY_
  D:00F9H         PUBLIC        CH
  X:00F2H         PUBLIC        out2
  D:00A8H         PUBLIC        IE
  D:00E9H         PUBLIC        CL
  D:00FAH         PUBLIC        CCAP0H
  D:00EAH         PUBLIC        CCAP0L
  B:00D8H.6       PUBLIC        CR
  C:5060H         PUBLIC        _pca_set2
  D:00DAH         PUBLIC        CCAPM0
  D:00D9H         PUBLIC        CMOD
  D:00D8H         PUBLIC        CCON
  C:5294H         PUBLIC        pca_Init
  B:00A8H.6       PUBLIC        EPCAI
  -------         PROC          PCA_INIT
  C:5294H         LINE#         7
  C:5294H         LINE#         8
  C:5294H         LINE#         9
  C:5297H         LINE#         13
  C:5299H         LINE#         14
BL51 BANKED LINKER/LOCATER V6.22                                                      05/21/2015  22:39:41  PAGE 68


  C:529BH         LINE#         15
  C:529DH         LINE#         18
  C:52A6H         LINE#         19
  C:52A9H         LINE#         20
  C:52BDH         LINE#         21
  C:52C0H         LINE#         23
  C:52C2H         LINE#         24
  C:52C4H         LINE#         26
  -------         ENDPROC       PCA_INIT
  -------         PROC          _PCA_SET2
  X:0014H         SYMBOL        x
  C:5060H         LINE#         28
  C:5066H         LINE#         29
  C:5066H         LINE#         38
  C:50B0H         LINE#         39
  -------         ENDPROC       _PCA_SET2
  -------         ENDMOD        PWM

  -------         MODULE        MS4525
  C:0000H         SYMBOL        _ICE_DUMMY_
  D:0090H         PUBLIC        P1
  D:00B0H         PUBLIC        P3
  C:4F30H         PUBLIC        _MS4525DO_read
  D:00A8H         PUBLIC        IE
  D:00B8H         PUBLIC        IP
  C:4000H         PUBLIC        _date_Smooth_4525
  D:0098H         PUBLIC        SCON
  D:0088H         PUBLIC        TCON
  C:46D3H         PUBLIC        _data_read_4525
  B:0090H.7       PUBLIC        SS2
  B:0090H.0       PUBLIC        SCL
  D:00C8H         PUBLIC        T2CON
  D:00D0H         PUBLIC        PSW
  C:5101H         SYMBOL        Com0011
  C:5101H         SYMBOL        L?0018
  C:5104H         SYMBOL        L?0019
  C:5107H         SYMBOL        L?0020
  C:5110H         SYMBOL        L?0021
  C:5116H         SYMBOL        L?0022
  C:5122H         SYMBOL        L?0023
  C:5122H         SYMBOL        L?0024
  C:512EH         SYMBOL        L?0025
  C:512EH         SYMBOL        L?0026
  C:5137H         SYMBOL        L?0027
  C:5141H         SYMBOL        L?0028
  -------         PROC          COM0011
  -------         ENDPROC       COM0011
  -------         PROC          _MS4525DO_READ
  X:0058H         SYMBOL        p
  X:005BH         SYMBOL        temperature
  -------         DO            
  X:005EH         SYMBOL        error
  -------         ENDDO         
  C:4F30H         LINE#         15
  C:4F36H         LINE#         16
  C:4F36H         LINE#         17
  C:4F3BH         LINE#         18
BL51 BANKED LINKER/LOCATER V6.22                                                      05/21/2015  22:39:41  PAGE 69


  C:4F3DH         LINE#         19
  C:4F3FH         LINE#         20
  C:4F4CH         LINE#         21
  C:4F5CH         LINE#         22
  C:4F69H         LINE#         23
  C:4F79H         LINE#         24
  C:4F7BH         LINE#         25
  C:4F8FH         LINE#         26
  C:4F8FH         LINE#         27
  C:4F95H         LINE#         28
  C:4F95H         LINE#         29
  C:4F9DH         LINE#         30
  C:4FA2H         LINE#         31
  -------         ENDPROC       _MS4525DO_READ
  -------         PROC          _DATA_READ_4525
  X:0051H         SYMBOL        date
  -------         DO            
  X:0054H         SYMBOL        dat1
  X:0056H         SYMBOL        temper
  -------         ENDDO         
  C:46D3H         LINE#         33
  C:46D9H         LINE#         34
  C:46D9H         LINE#         37
  C:46F5H         LINE#         38
  C:46F5H         LINE#         39
  C:4706H         LINE#         40
  C:4706H         LINE#         41
  C:470DH         LINE#         42
  C:470DH         LINE#         43
  C:471EH         LINE#         44
  C:471EH         LINE#         45
  C:4725H         LINE#         46
  C:4725H         LINE#         47
  C:474AH         LINE#         48
  C:475CH         LINE#         49
  C:475CH         LINE#         50
  C:476BH         LINE#         51
  C:476BH         LINE#         52
  C:4781H         LINE#         53
  C:47A5H         LINE#         54
  C:47A5H         LINE#         55
  -------         ENDPROC       _DATA_READ_4525
  -------         PROC          _DATE_SMOOTH_4525
  X:003DH         SYMBOL        tmp
  -------         DO            
  X:00AFH         SYMBOL        pressre
  X:0040H         SYMBOL        sum
  X:00C3H         SYMBOL        sum_old
  X:0044H         SYMBOL        ret
  X:0048H         SYMBOL        j
  X:00C7H         SYMBOL        i
  X:0049H         SYMBOL        date1
  -------         ENDDO         
  C:4000H         LINE#         58
  C:4006H         LINE#         59
  C:4006H         LINE#         61
  C:400EH         LINE#         64
BL51 BANKED LINKER/LOCATER V6.22                                                      05/21/2015  22:39:41  PAGE 70


  C:4013H         LINE#         68
  C:401CH         LINE#         69
  C:402BH         LINE#         70
  C:4054H         LINE#         71
  C:405AH         LINE#         72
  C:405EH         LINE#         73
  C:405EH         LINE#         74
  C:4060H         LINE#         75
  C:4060H         LINE#         76
  C:4065H         LINE#         77
  C:4065H         LINE#         78
  C:4097H         LINE#         79
  C:40A1H         LINE#         80
  C:40B7H         LINE#         81
  C:4104H         LINE#         82
  C:410AH         LINE#         83
  C:410DH         LINE#         84
  -------         ENDPROC       _DATE_SMOOTH_4525
  -------         ENDMOD        MS4525

  -------         MODULE        CH4
  C:0000H         SYMBOL        _ICE_DUMMY_
  C:47A6H         PUBLIC        read_ch4
  D:0080H         PUBLIC        P0
  D:0090H         PUBLIC        P1
  D:00B0H         PUBLIC        P3
  C:2FE9H         PUBLIC        stopCH4
  D:00A8H         PUBLIC        IE
  D:00B8H         PUBLIC        IP
  D:0098H         PUBLIC        SCON
  D:0088H         PUBLIC        TCON
  B:00A8H.0       PUBLIC        EX0
  B:0088H.0       PUBLIC        IT0
  D:00C8H         PUBLIC        T2CON
  C:5425H         PUBLIC        startCH4
  D:00D0H         PUBLIC        PSW
  C:5468H         SYMBOL        Com0008
  C:5468H         SYMBOL        L?0009
  C:546BH         SYMBOL        L?0010
  -------         PROC          COM0008
  -------         ENDPROC       COM0008
  -------         PROC          STARTCH4
  C:5425H         LINE#         5
  C:5425H         LINE#         6
  C:5425H         LINE#         7
  C:542BH         LINE#         8
  C:5432H         LINE#         9
  C:5434H         LINE#         10
  C:5436H         LINE#         12
  -------         ENDPROC       STARTCH4
  -------         PROC          STOPCH4
  C:2FE9H         LINE#         14
  C:2FE9H         LINE#         15
  C:2FE9H         LINE#         17
  C:2FF8H         LINE#         18
  C:2FFDH         LINE#         19
  C:2FFFH         LINE#         22
BL51 BANKED LINKER/LOCATER V6.22                                                      05/21/2015  22:39:41  PAGE 71


  -------         ENDPROC       STOPCH4
  -------         PROC          READ_CH4
  -------         DO            
  X:003DH         SYMBOL        temp
  X:00EEH         SYMBOL        temp_old
  -------         ENDDO         
  C:47A6H         LINE#         25
  C:47A6H         LINE#         26
  C:47A6H         LINE#         30
  C:47ACH         LINE#         31
  C:47ACH         LINE#         32
  C:47BBH         LINE#         33
  C:47BBH         LINE#         34
  C:47C2H         LINE#         35
  C:47C2H         LINE#         36
  C:47E7H         LINE#         45
  C:47EDH         LINE#         46
  C:47EFH         LINE#         48
  C:47EFH         LINE#         49
  C:47FBH         LINE#         50
  C:47FBH         LINE#         51
  C:47FEH         LINE#         52
  -------         ENDPROC       READ_CH4
  -------         ENDMOD        CH4

  -------         MODULE        ?C?FPADD
  C:0BDDH         PUBLIC        ?C?FPADD
  C:0BD9H         PUBLIC        ?C?FPSUB
  -------         ENDMOD        ?C?FPADD

  -------         MODULE        ?C?FPMUL
  C:0CCEH         PUBLIC        ?C?FPMUL
  -------         ENDMOD        ?C?FPMUL

  -------         MODULE        ?C?FPDIV
  C:0DD7H         PUBLIC        ?C?FPDIV
  -------         ENDMOD        ?C?FPDIV

  -------         MODULE        ?C?FPCMP
  C:0E76H         PUBLIC        ?C?FPCMP
  C:0E74H         PUBLIC        ?C?FPCMP3
  -------         ENDMOD        ?C?FPCMP

  -------         MODULE        ?C?FPNEG
  C:0EE1H         PUBLIC        ?C?FPNEG
  -------         ENDMOD        ?C?FPNEG

  -------         MODULE        ?C?FCAST
  C:0EFCH         PUBLIC        ?C?FCASTC
  C:0EF7H         PUBLIC        ?C?FCASTI
  C:0EF2H         PUBLIC        ?C?FCASTL
  -------         ENDMOD        ?C?FCAST

  -------         MODULE        ?C?CASTF
  C:0F30H         PUBLIC        ?C?CASTF
  -------         ENDMOD        ?C?CASTF

BL51 BANKED LINKER/LOCATER V6.22                                                      05/21/2015  22:39:41  PAGE 72


  -------         MODULE        SQRT
  C:498BH         PUBLIC        _SQRT
  -------         ENDMOD        SQRT

  -------         MODULE        ?C?COPY
  C:1081H         PUBLIC        ?C?COPY
  -------         ENDMOD        ?C?COPY

  -------         MODULE        ?C?CLDPTR
  C:10A7H         PUBLIC        ?C?CLDPTR
  -------         ENDMOD        ?C?CLDPTR

  -------         MODULE        ?C?CLDOPTR
  C:10C0H         PUBLIC        ?C?CLDOPTR
  -------         ENDMOD        ?C?CLDOPTR

  -------         MODULE        ?C?CSTPTR
  C:10EDH         PUBLIC        ?C?CSTPTR
  -------         ENDMOD        ?C?CSTPTR

  -------         MODULE        ?C?CSTOPTR
  C:10FFH         PUBLIC        ?C?CSTOPTR
  -------         ENDMOD        ?C?CSTOPTR

  -------         MODULE        ?C?IMUL
  C:1121H         PUBLIC        ?C?IMUL
  -------         ENDMOD        ?C?IMUL

  -------         MODULE        ?C?UIDIV
  C:1133H         PUBLIC        ?C?UIDIV
  -------         ENDMOD        ?C?UIDIV

  -------         MODULE        ?C?SIDIV
  C:1188H         PUBLIC        ?C?SIDIV
  -------         ENDMOD        ?C?SIDIV

  -------         MODULE        ?C?IILDX
  C:11BEH         PUBLIC        ?C?IILDX
  -------         ENDMOD        ?C?IILDX

  -------         MODULE        ?C?ILDIX
  C:11D4H         PUBLIC        ?C?ILDIX
  -------         ENDMOD        ?C?ILDIX

  -------         MODULE        ?C?SLDIV
  C:5193H         PUBLIC        ?C?SLDIV
  -------         ENDMOD        ?C?SLDIV

  -------         MODULE        ?C?LNEG
  C:11EAH         PUBLIC        ?C?LNEG
  -------         ENDMOD        ?C?LNEG

  -------         MODULE        ?C?SLCMP
  C:11F8H         PUBLIC        ?C?SLCMP
  -------         ENDMOD        ?C?SLCMP

  -------         MODULE        ?C?LLDPTR
BL51 BANKED LINKER/LOCATER V6.22                                                      05/21/2015  22:39:41  PAGE 73


  C:120EH         PUBLIC        ?C?LLDPTR
  -------         ENDMOD        ?C?LLDPTR

  -------         MODULE        ?C?LSTPTR
  C:122EH         PUBLIC        ?C?LSTPTR
  -------         ENDMOD        ?C?LSTPTR

  -------         MODULE        ?C?LSTOPTR
  C:1248H         PUBLIC        ?C?LSTOPTR
  -------         ENDMOD        ?C?LSTOPTR

  -------         MODULE        ?C?LLDXDATA
  C:126CH         PUBLIC        ?C?LLDXDATA
  -------         ENDMOD        ?C?LLDXDATA

  -------         MODULE        ?C?LLDPTR0
  C:1278H         PUBLIC        ?C?LLDPTR0
  -------         ENDMOD        ?C?LLDPTR0

  -------         MODULE        ?C?LSTXDATA
  C:1298H         PUBLIC        ?C?LSTXDATA
  -------         ENDMOD        ?C?LSTXDATA

  -------         MODULE        ?C?LSTKXDATA
  C:12A4H         PUBLIC        ?C?LSTKXDATA
  -------         ENDMOD        ?C?LSTKXDATA

  -------         MODULE        ?C?LSTKPTR
  C:12D5H         PUBLIC        ?C?LSTKPTR
  -------         ENDMOD        ?C?LSTKPTR

  -------         MODULE        ?C?PLDPTR
  C:12EFH         PUBLIC        ?C?PLDPTR
  -------         ENDMOD        ?C?PLDPTR

  -------         MODULE        ?C?ULDIV
  C:134BH         PUBLIC        ?C?ULDIV
  -------         ENDMOD        ?C?ULDIV

  -------         MODULE        ?C?LLDIDATA
  C:13DDH         PUBLIC        ?C?LLDIDATA
  -------         ENDMOD        ?C?LLDIDATA

  -------         MODULE        ?C?LLDPDATA
  C:13E9H         PUBLIC        ?C?LLDPDATA
  -------         ENDMOD        ?C?LLDPDATA

  -------         MODULE        ?C?LLDCODE
  C:13F5H         PUBLIC        ?C?LLDCODE
  -------         ENDMOD        ?C?LLDCODE

  -------         MODULE        ?C?LLDIDATA0
  C:1405H         PUBLIC        ?C?LLDIDATA0
  -------         ENDMOD        ?C?LLDIDATA0

  -------         MODULE        ?C?LLDXDATA0
  C:1412H         PUBLIC        ?C?LLDXDATA0
BL51 BANKED LINKER/LOCATER V6.22                                                      05/21/2015  22:39:41  PAGE 74


  -------         ENDMOD        ?C?LLDXDATA0

  -------         MODULE        ?C?LLDPDATA0
  C:141EH         PUBLIC        ?C?LLDPDATA0
  -------         ENDMOD        ?C?LLDPDATA0

  -------         MODULE        ?C?LLDCODE0
  C:142BH         PUBLIC        ?C?LLDCODE0
  -------         ENDMOD        ?C?LLDCODE0

  -------         MODULE        ?C?LSTIDATA
  C:143BH         PUBLIC        ?C?LSTIDATA
  -------         ENDMOD        ?C?LSTIDATA

  -------         MODULE        ?C?LSTPDATA
  C:1447H         PUBLIC        ?C?LSTPDATA
  -------         ENDMOD        ?C?LSTPDATA

  -------         MODULE        ?C?LSTKIDATA
  C:1453H         PUBLIC        ?C?LSTKIDATA
  -------         ENDMOD        ?C?LSTKIDATA

  -------         MODULE        ?C?LSTKPDATA
  C:146CH         PUBLIC        ?C?LSTKPDATA
  -------         ENDMOD        ?C?LSTKPDATA

  -------         MODULE        ?C?PLDIDATA
  C:1485H         PUBLIC        ?C?PLDIDATA
  -------         ENDMOD        ?C?PLDIDATA

  -------         MODULE        ?C?PLDXDATA
  C:148EH         PUBLIC        ?C?PLDXDATA
  -------         ENDMOD        ?C?PLDXDATA

  -------         MODULE        ?C?PLDPDATA
  C:1497H         PUBLIC        ?C?PLDPDATA
  -------         ENDMOD        ?C?PLDPDATA

  -------         MODULE        ?C?PLDCODE
  C:14A0H         PUBLIC        ?C?PLDCODE
  -------         ENDMOD        ?C?PLDCODE

Program Size: data=9.1 xdata=244 code=21644
LINK/LOCATE RUN COMPLETE.  0 WARNING(S),  0 ERROR(S)
